Archive member included to satisfy reference by file (symbol)

c:/st/stm32cubeide_1.10.1/stm32cubeide/plugins/com.st.stm32cube.ide.mcu.externaltools.gnu-tools-for-stm32.10.3-2021.10.win32_1.0.200.202301161003/tools/bin/../lib/gcc/arm-none-eabi/10.3.1/../../../../arm-none-eabi/lib/thumb/v7-m/nofp\libc_nano.a(lib_a-errno.o)
                              ./Src/syscalls.o (__errno)
c:/st/stm32cubeide_1.10.1/stm32cubeide/plugins/com.st.stm32cube.ide.mcu.externaltools.gnu-tools-for-stm32.10.3-2021.10.win32_1.0.200.202301161003/tools/bin/../lib/gcc/arm-none-eabi/10.3.1/../../../../arm-none-eabi/lib/thumb/v7-m/nofp\libc_nano.a(lib_a-exit.o)
                              c:/st/stm32cubeide_1.10.1/stm32cubeide/plugins/com.st.stm32cube.ide.mcu.externaltools.gnu-tools-for-stm32.10.3-2021.10.win32_1.0.200.202301161003/tools/bin/../lib/gcc/arm-none-eabi/10.3.1/../../../../arm-none-eabi/lib/thumb/v7-m/nofp/crt0.o (exit)
c:/st/stm32cubeide_1.10.1/stm32cubeide/plugins/com.st.stm32cube.ide.mcu.externaltools.gnu-tools-for-stm32.10.3-2021.10.win32_1.0.200.202301161003/tools/bin/../lib/gcc/arm-none-eabi/10.3.1/../../../../arm-none-eabi/lib/thumb/v7-m/nofp\libc_nano.a(lib_a-impure.o)
                              c:/st/stm32cubeide_1.10.1/stm32cubeide/plugins/com.st.stm32cube.ide.mcu.externaltools.gnu-tools-for-stm32.10.3-2021.10.win32_1.0.200.202301161003/tools/bin/../lib/gcc/arm-none-eabi/10.3.1/../../../../arm-none-eabi/lib/thumb/v7-m/nofp\libc_nano.a(lib_a-exit.o) (_global_impure_ptr)
c:/st/stm32cubeide_1.10.1/stm32cubeide/plugins/com.st.stm32cube.ide.mcu.externaltools.gnu-tools-for-stm32.10.3-2021.10.win32_1.0.200.202301161003/tools/bin/../lib/gcc/arm-none-eabi/10.3.1/../../../../arm-none-eabi/lib/thumb/v7-m/nofp\libc_nano.a(lib_a-init.o)
                              c:/st/stm32cubeide_1.10.1/stm32cubeide/plugins/com.st.stm32cube.ide.mcu.externaltools.gnu-tools-for-stm32.10.3-2021.10.win32_1.0.200.202301161003/tools/bin/../lib/gcc/arm-none-eabi/10.3.1/../../../../arm-none-eabi/lib/thumb/v7-m/nofp/crt0.o (__libc_init_array)
c:/st/stm32cubeide_1.10.1/stm32cubeide/plugins/com.st.stm32cube.ide.mcu.externaltools.gnu-tools-for-stm32.10.3-2021.10.win32_1.0.200.202301161003/tools/bin/../lib/gcc/arm-none-eabi/10.3.1/../../../../arm-none-eabi/lib/thumb/v7-m/nofp\libc_nano.a(lib_a-memset.o)
                              c:/st/stm32cubeide_1.10.1/stm32cubeide/plugins/com.st.stm32cube.ide.mcu.externaltools.gnu-tools-for-stm32.10.3-2021.10.win32_1.0.200.202301161003/tools/bin/../lib/gcc/arm-none-eabi/10.3.1/../../../../arm-none-eabi/lib/thumb/v7-m/nofp/crt0.o (memset)

Discarded input sections

 .text          0x0000000000000000        0x0 c:/st/stm32cubeide_1.10.1/stm32cubeide/plugins/com.st.stm32cube.ide.mcu.externaltools.gnu-tools-for-stm32.10.3-2021.10.win32_1.0.200.202301161003/tools/bin/../lib/gcc/arm-none-eabi/10.3.1/thumb/v7-m/nofp/crti.o
 .data          0x0000000000000000        0x0 c:/st/stm32cubeide_1.10.1/stm32cubeide/plugins/com.st.stm32cube.ide.mcu.externaltools.gnu-tools-for-stm32.10.3-2021.10.win32_1.0.200.202301161003/tools/bin/../lib/gcc/arm-none-eabi/10.3.1/thumb/v7-m/nofp/crti.o
 .bss           0x0000000000000000        0x0 c:/st/stm32cubeide_1.10.1/stm32cubeide/plugins/com.st.stm32cube.ide.mcu.externaltools.gnu-tools-for-stm32.10.3-2021.10.win32_1.0.200.202301161003/tools/bin/../lib/gcc/arm-none-eabi/10.3.1/thumb/v7-m/nofp/crti.o
 .data          0x0000000000000000        0x4 c:/st/stm32cubeide_1.10.1/stm32cubeide/plugins/com.st.stm32cube.ide.mcu.externaltools.gnu-tools-for-stm32.10.3-2021.10.win32_1.0.200.202301161003/tools/bin/../lib/gcc/arm-none-eabi/10.3.1/thumb/v7-m/nofp/crtbegin.o
 .rodata        0x0000000000000000       0x24 c:/st/stm32cubeide_1.10.1/stm32cubeide/plugins/com.st.stm32cube.ide.mcu.externaltools.gnu-tools-for-stm32.10.3-2021.10.win32_1.0.200.202301161003/tools/bin/../lib/gcc/arm-none-eabi/10.3.1/thumb/v7-m/nofp/crtbegin.o
 .text          0x0000000000000000       0x7c c:/st/stm32cubeide_1.10.1/stm32cubeide/plugins/com.st.stm32cube.ide.mcu.externaltools.gnu-tools-for-stm32.10.3-2021.10.win32_1.0.200.202301161003/tools/bin/../lib/gcc/arm-none-eabi/10.3.1/../../../../arm-none-eabi/lib/thumb/v7-m/nofp/crt0.o
 .data          0x0000000000000000        0x0 c:/st/stm32cubeide_1.10.1/stm32cubeide/plugins/com.st.stm32cube.ide.mcu.externaltools.gnu-tools-for-stm32.10.3-2021.10.win32_1.0.200.202301161003/tools/bin/../lib/gcc/arm-none-eabi/10.3.1/../../../../arm-none-eabi/lib/thumb/v7-m/nofp/crt0.o
 .bss           0x0000000000000000        0x0 c:/st/stm32cubeide_1.10.1/stm32cubeide/plugins/com.st.stm32cube.ide.mcu.externaltools.gnu-tools-for-stm32.10.3-2021.10.win32_1.0.200.202301161003/tools/bin/../lib/gcc/arm-none-eabi/10.3.1/../../../../arm-none-eabi/lib/thumb/v7-m/nofp/crt0.o
 .ARM.extab     0x0000000000000000        0x0 c:/st/stm32cubeide_1.10.1/stm32cubeide/plugins/com.st.stm32cube.ide.mcu.externaltools.gnu-tools-for-stm32.10.3-2021.10.win32_1.0.200.202301161003/tools/bin/../lib/gcc/arm-none-eabi/10.3.1/../../../../arm-none-eabi/lib/thumb/v7-m/nofp/crt0.o
 .ARM.exidx     0x0000000000000000       0x10 c:/st/stm32cubeide_1.10.1/stm32cubeide/plugins/com.st.stm32cube.ide.mcu.externaltools.gnu-tools-for-stm32.10.3-2021.10.win32_1.0.200.202301161003/tools/bin/../lib/gcc/arm-none-eabi/10.3.1/../../../../arm-none-eabi/lib/thumb/v7-m/nofp/crt0.o
 .ARM.attributes
                0x0000000000000000       0x1b c:/st/stm32cubeide_1.10.1/stm32cubeide/plugins/com.st.stm32cube.ide.mcu.externaltools.gnu-tools-for-stm32.10.3-2021.10.win32_1.0.200.202301161003/tools/bin/../lib/gcc/arm-none-eabi/10.3.1/../../../../arm-none-eabi/lib/thumb/v7-m/nofp/crt0.o
 .group         0x0000000000000000        0xc ./Src/Delay_Program.o
 .group         0x0000000000000000        0xc ./Src/Delay_Program.o
 .group         0x0000000000000000        0xc ./Src/Delay_Program.o
 .text          0x0000000000000000        0x0 ./Src/Delay_Program.o
 .data          0x0000000000000000        0x0 ./Src/Delay_Program.o
 .bss           0x0000000000000000        0x0 ./Src/Delay_Program.o
 .text.Delay_vUsIn16MHzint
                0x0000000000000000       0x48 ./Src/Delay_Program.o
 .group         0x0000000000000000        0xc ./Src/Stm32F103_ADC.o
 .group         0x0000000000000000        0xc ./Src/Stm32F103_ADC.o
 .group         0x0000000000000000        0xc ./Src/Stm32F103_ADC.o
 .group         0x0000000000000000        0xc ./Src/Stm32F103_ADC.o
 .text          0x0000000000000000        0x0 ./Src/Stm32F103_ADC.o
 .data          0x0000000000000000        0x0 ./Src/Stm32F103_ADC.o
 .bss           0x0000000000000000        0x0 ./Src/Stm32F103_ADC.o
 .bss.ADCptrFunction
                0x0000000000000000        0x4 ./Src/Stm32F103_ADC.o
 .text.ADC_Init
                0x0000000000000000       0xb8 ./Src/Stm32F103_ADC.o
 .text.ADC_Conversion
                0x0000000000000000       0x1c ./Src/Stm32F103_ADC.o
 .text.ADC_Read
                0x0000000000000000       0x2a ./Src/Stm32F103_ADC.o
 .text.ADC_Registering
                0x0000000000000000       0x1c ./Src/Stm32F103_ADC.o
 .debug_info    0x0000000000000000      0x3d8 ./Src/Stm32F103_ADC.o
 .debug_abbrev  0x0000000000000000      0x176 ./Src/Stm32F103_ADC.o
 .debug_aranges
                0x0000000000000000       0x38 ./Src/Stm32F103_ADC.o
 .debug_ranges  0x0000000000000000       0x28 ./Src/Stm32F103_ADC.o
 .debug_macro   0x0000000000000000       0x3c ./Src/Stm32F103_ADC.o
 .debug_macro   0x0000000000000000      0xa72 ./Src/Stm32F103_ADC.o
 .debug_macro   0x0000000000000000       0x16 ./Src/Stm32F103_ADC.o
 .debug_macro   0x0000000000000000      0x3d9 ./Src/Stm32F103_ADC.o
 .debug_macro   0x0000000000000000       0x22 ./Src/Stm32F103_ADC.o
 .debug_line    0x0000000000000000      0x15e ./Src/Stm32F103_ADC.o
 .debug_str     0x0000000000000000     0x4655 ./Src/Stm32F103_ADC.o
 .comment       0x0000000000000000       0x51 ./Src/Stm32F103_ADC.o
 .debug_frame   0x0000000000000000       0xa8 ./Src/Stm32F103_ADC.o
 .ARM.attributes
                0x0000000000000000       0x2d ./Src/Stm32F103_ADC.o
 .group         0x0000000000000000        0xc ./Src/Stm32F103_AFIO.o
 .group         0x0000000000000000        0xc ./Src/Stm32F103_AFIO.o
 .group         0x0000000000000000        0xc ./Src/Stm32F103_AFIO.o
 .text          0x0000000000000000        0x0 ./Src/Stm32F103_AFIO.o
 .data          0x0000000000000000        0x0 ./Src/Stm32F103_AFIO.o
 .bss           0x0000000000000000        0x0 ./Src/Stm32F103_AFIO.o
 .text.MCAL_AFIO_SelectPort
                0x0000000000000000       0x9c ./Src/Stm32F103_AFIO.o
 .debug_info    0x0000000000000000      0x14c ./Src/Stm32F103_AFIO.o
 .debug_abbrev  0x0000000000000000       0x92 ./Src/Stm32F103_AFIO.o
 .debug_aranges
                0x0000000000000000       0x20 ./Src/Stm32F103_AFIO.o
 .debug_ranges  0x0000000000000000       0x10 ./Src/Stm32F103_AFIO.o
 .debug_macro   0x0000000000000000       0x33 ./Src/Stm32F103_AFIO.o
 .debug_macro   0x0000000000000000      0xa72 ./Src/Stm32F103_AFIO.o
 .debug_macro   0x0000000000000000       0x16 ./Src/Stm32F103_AFIO.o
 .debug_macro   0x0000000000000000      0x3d9 ./Src/Stm32F103_AFIO.o
 .debug_line    0x0000000000000000       0xe9 ./Src/Stm32F103_AFIO.o
 .debug_str     0x0000000000000000     0x444d ./Src/Stm32F103_AFIO.o
 .comment       0x0000000000000000       0x51 ./Src/Stm32F103_AFIO.o
 .debug_frame   0x0000000000000000       0x38 ./Src/Stm32F103_AFIO.o
 .ARM.attributes
                0x0000000000000000       0x2d ./Src/Stm32F103_AFIO.o
 .group         0x0000000000000000        0xc ./Src/Stm32F103_EXTI.o
 .group         0x0000000000000000        0xc ./Src/Stm32F103_EXTI.o
 .group         0x0000000000000000        0xc ./Src/Stm32F103_EXTI.o
 .text          0x0000000000000000        0x0 ./Src/Stm32F103_EXTI.o
 .data          0x0000000000000000        0x0 ./Src/Stm32F103_EXTI.o
 .bss           0x0000000000000000        0x0 ./Src/Stm32F103_EXTI.o
 .text.MCAL_EXTI_Enable
                0x0000000000000000       0x2c ./Src/Stm32F103_EXTI.o
 .text.MCAL_EXTI_Disable
                0x0000000000000000       0x30 ./Src/Stm32F103_EXTI.o
 .text.MCAL_EXTI_InterruptEdgeType
                0x0000000000000000       0x84 ./Src/Stm32F103_EXTI.o
 .text.MCAL_EXTI_ClearPending
                0x0000000000000000       0x40 ./Src/Stm32F103_EXTI.o
 .text.MCAL_EXTI_SWTrigger
                0x0000000000000000       0x2c ./Src/Stm32F103_EXTI.o
 .debug_info    0x0000000000000000      0x1c7 ./Src/Stm32F103_EXTI.o
 .debug_abbrev  0x0000000000000000       0xbf ./Src/Stm32F103_EXTI.o
 .debug_aranges
                0x0000000000000000       0x40 ./Src/Stm32F103_EXTI.o
 .debug_ranges  0x0000000000000000       0x30 ./Src/Stm32F103_EXTI.o
 .debug_macro   0x0000000000000000       0x33 ./Src/Stm32F103_EXTI.o
 .debug_macro   0x0000000000000000      0xa72 ./Src/Stm32F103_EXTI.o
 .debug_macro   0x0000000000000000       0x16 ./Src/Stm32F103_EXTI.o
 .debug_macro   0x0000000000000000      0x3d9 ./Src/Stm32F103_EXTI.o
 .debug_line    0x0000000000000000      0x13c ./Src/Stm32F103_EXTI.o
 .debug_str     0x0000000000000000     0x4483 ./Src/Stm32F103_EXTI.o
 .comment       0x0000000000000000       0x51 ./Src/Stm32F103_EXTI.o
 .debug_frame   0x0000000000000000       0xd8 ./Src/Stm32F103_EXTI.o
 .ARM.attributes
                0x0000000000000000       0x2d ./Src/Stm32F103_EXTI.o
 .group         0x0000000000000000        0xc ./Src/Stm32F103_GPIO.o
 .group         0x0000000000000000        0xc ./Src/Stm32F103_GPIO.o
 .group         0x0000000000000000        0xc ./Src/Stm32F103_GPIO.o
 .group         0x0000000000000000        0xc ./Src/Stm32F103_GPIO.o
 .group         0x0000000000000000        0xc ./Src/Stm32F103_GPIO.o
 .text          0x0000000000000000        0x0 ./Src/Stm32F103_GPIO.o
 .data          0x0000000000000000        0x0 ./Src/Stm32F103_GPIO.o
 .bss           0x0000000000000000        0x0 ./Src/Stm32F103_GPIO.o
 .bss.ptrToFunction
                0x0000000000000000        0x4 ./Src/Stm32F103_GPIO.o
 .text.MCAL_GPIO_PeripheralClkControl
                0x0000000000000000       0xb0 ./Src/Stm32F103_GPIO.o
 .text.MCAL_GPIO_DeInit
                0x0000000000000000       0x88 ./Src/Stm32F103_GPIO.o
 .text.MCAL_GPIO_ReadInputPin
                0x0000000000000000       0x2e ./Src/Stm32F103_GPIO.o
 .text.MCAL_GPIO_ReadInputPort
                0x0000000000000000       0x1e ./Src/Stm32F103_GPIO.o
 .text.MCAL_GPIO_WriteOutputPort
                0x0000000000000000       0x1c ./Src/Stm32F103_GPIO.o
 .text.MCAL_GPIO_ToggleOutputPin
                0x0000000000000000       0x28 ./Src/Stm32F103_GPIO.o
 .text.MCAL_GPIO_IRQConfig
                0x0000000000000000       0xac ./Src/Stm32F103_GPIO.o
 .text.MCAL_GPIO_IRQHandling
                0x0000000000000000       0x2c ./Src/Stm32F103_GPIO.o
 .text.GPIO_RegisterCallback
                0x0000000000000000       0x1c ./Src/Stm32F103_GPIO.o
 .debug_macro   0x0000000000000000      0xa72 ./Src/Stm32F103_GPIO.o
 .debug_macro   0x0000000000000000       0x16 ./Src/Stm32F103_GPIO.o
 .debug_macro   0x0000000000000000      0x3d9 ./Src/Stm32F103_GPIO.o
 .debug_macro   0x0000000000000000       0x22 ./Src/Stm32F103_GPIO.o
 .group         0x0000000000000000        0xc ./Src/Stm32F103_LCD.o
 .group         0x0000000000000000        0xc ./Src/Stm32F103_LCD.o
 .group         0x0000000000000000        0xc ./Src/Stm32F103_LCD.o
 .group         0x0000000000000000        0xc ./Src/Stm32F103_LCD.o
 .group         0x0000000000000000        0xc ./Src/Stm32F103_LCD.o
 .group         0x0000000000000000        0xc ./Src/Stm32F103_LCD.o
 .text          0x0000000000000000        0x0 ./Src/Stm32F103_LCD.o
 .data          0x0000000000000000        0x0 ./Src/Stm32F103_LCD.o
 .bss           0x0000000000000000        0x0 ./Src/Stm32F103_LCD.o
 .text.HAL_LCD_LCDWriteCharacter
                0x0000000000000000      0x10c ./Src/Stm32F103_LCD.o
 .text.HAL_LCD_LCDWriteString
                0x0000000000000000       0x30 ./Src/Stm32F103_LCD.o
 .text.HAL_LCD_LCDWriteNumber
                0x0000000000000000      0x114 ./Src/Stm32F103_LCD.o
 .text.HAL_LCD_LCDGoTo
                0x0000000000000000       0x34 ./Src/Stm32F103_LCD.o
 .debug_macro   0x0000000000000000      0xa72 ./Src/Stm32F103_LCD.o
 .debug_macro   0x0000000000000000       0x16 ./Src/Stm32F103_LCD.o
 .debug_macro   0x0000000000000000      0x3d9 ./Src/Stm32F103_LCD.o
 .debug_macro   0x0000000000000000       0x22 ./Src/Stm32F103_LCD.o
 .debug_macro   0x0000000000000000       0xb8 ./Src/Stm32F103_LCD.o
 .group         0x0000000000000000        0xc ./Src/Stm32F103_NVIC.o
 .group         0x0000000000000000        0xc ./Src/Stm32F103_NVIC.o
 .group         0x0000000000000000        0xc ./Src/Stm32F103_NVIC.o
 .text          0x0000000000000000        0x0 ./Src/Stm32F103_NVIC.o
 .data          0x0000000000000000        0x0 ./Src/Stm32F103_NVIC.o
 .bss           0x0000000000000000        0x0 ./Src/Stm32F103_NVIC.o
 .debug_macro   0x0000000000000000      0xa72 ./Src/Stm32F103_NVIC.o
 .debug_macro   0x0000000000000000       0x16 ./Src/Stm32F103_NVIC.o
 .debug_macro   0x0000000000000000      0x3d9 ./Src/Stm32F103_NVIC.o
 .group         0x0000000000000000        0xc ./Src/Stm32F103_RCC.o
 .text          0x0000000000000000        0x0 ./Src/Stm32F103_RCC.o
 .data          0x0000000000000000        0x0 ./Src/Stm32F103_RCC.o
 .bss           0x0000000000000000        0x0 ./Src/Stm32F103_RCC.o
 .debug_info    0x0000000000000000       0x21 ./Src/Stm32F103_RCC.o
 .debug_abbrev  0x0000000000000000       0x13 ./Src/Stm32F103_RCC.o
 .debug_aranges
                0x0000000000000000       0x18 ./Src/Stm32F103_RCC.o
 .debug_macro   0x0000000000000000       0x11 ./Src/Stm32F103_RCC.o
 .debug_macro   0x0000000000000000      0xa72 ./Src/Stm32F103_RCC.o
 .debug_line    0x0000000000000000       0x37 ./Src/Stm32F103_RCC.o
 .debug_str     0x0000000000000000     0x2caf ./Src/Stm32F103_RCC.o
 .comment       0x0000000000000000       0x51 ./Src/Stm32F103_RCC.o
 .ARM.attributes
                0x0000000000000000       0x2d ./Src/Stm32F103_RCC.o
 .group         0x0000000000000000        0xc ./Src/Stm32F103_USART.o
 .group         0x0000000000000000        0xc ./Src/Stm32F103_USART.o
 .group         0x0000000000000000        0xc ./Src/Stm32F103_USART.o
 .group         0x0000000000000000        0xc ./Src/Stm32F103_USART.o
 .text          0x0000000000000000        0x0 ./Src/Stm32F103_USART.o
 .data          0x0000000000000000        0x0 ./Src/Stm32F103_USART.o
 .bss           0x0000000000000000        0x0 ./Src/Stm32F103_USART.o
 .text.USART_ReceiveByte
                0x0000000000000000       0x2e ./Src/Stm32F103_USART.o
 .text.USART_SendByte
                0x0000000000000000       0x2e ./Src/Stm32F103_USART.o
 .debug_macro   0x0000000000000000      0xa72 ./Src/Stm32F103_USART.o
 .debug_macro   0x0000000000000000       0x16 ./Src/Stm32F103_USART.o
 .debug_macro   0x0000000000000000      0x3d9 ./Src/Stm32F103_USART.o
 .group         0x0000000000000000        0xc ./Src/main.o
 .text          0x0000000000000000        0x0 ./Src/main.o
 .data          0x0000000000000000        0x0 ./Src/main.o
 .bss           0x0000000000000000        0x0 ./Src/main.o
 .debug_info    0x0000000000000000       0x21 ./Src/main.o
 .debug_abbrev  0x0000000000000000       0x13 ./Src/main.o
 .debug_aranges
                0x0000000000000000       0x18 ./Src/main.o
 .debug_macro   0x0000000000000000       0x11 ./Src/main.o
 .debug_macro   0x0000000000000000      0xa72 ./Src/main.o
 .debug_line    0x0000000000000000       0x2e ./Src/main.o
 .debug_str     0x0000000000000000     0x2ca6 ./Src/main.o
 .comment       0x0000000000000000       0x51 ./Src/main.o
 .ARM.attributes
                0x0000000000000000       0x2d ./Src/main.o
 .group         0x0000000000000000        0xc ./Src/main2.o
 .group         0x0000000000000000        0xc ./Src/main2.o
 .group         0x0000000000000000        0xc ./Src/main2.o
 .group         0x0000000000000000        0xc ./Src/main2.o
 .group         0x0000000000000000        0xc ./Src/main2.o
 .group         0x0000000000000000        0xc ./Src/main2.o
 .group         0x0000000000000000        0xc ./Src/main2.o
 .group         0x0000000000000000        0xc ./Src/main2.o
 .group         0x0000000000000000        0xc ./Src/main2.o
 .group         0x0000000000000000        0xc ./Src/main2.o
 .group         0x0000000000000000        0xc ./Src/main2.o
 .group         0x0000000000000000        0xc ./Src/main2.o
 .group         0x0000000000000000        0xc ./Src/main2.o
 .group         0x0000000000000000        0xc ./Src/main2.o
 .text          0x0000000000000000        0x0 ./Src/main2.o
 .data          0x0000000000000000        0x0 ./Src/main2.o
 .bss           0x0000000000000000        0x0 ./Src/main2.o
 .text.delay    0x0000000000000000       0x2c ./Src/main2.o
 .debug_macro   0x0000000000000000      0xa72 ./Src/main2.o
 .debug_macro   0x0000000000000000       0x16 ./Src/main2.o
 .debug_macro   0x0000000000000000      0x3d9 ./Src/main2.o
 .debug_macro   0x0000000000000000       0x22 ./Src/main2.o
 .debug_macro   0x0000000000000000      0x113 ./Src/main2.o
 .group         0x0000000000000000        0xc ./Src/syscalls.o
 .group         0x0000000000000000        0xc ./Src/syscalls.o
 .group         0x0000000000000000        0xc ./Src/syscalls.o
 .group         0x0000000000000000        0xc ./Src/syscalls.o
 .group         0x0000000000000000        0xc ./Src/syscalls.o
 .group         0x0000000000000000        0xc ./Src/syscalls.o
 .group         0x0000000000000000        0xc ./Src/syscalls.o
 .group         0x0000000000000000        0xc ./Src/syscalls.o
 .group         0x0000000000000000        0xc ./Src/syscalls.o
 .group         0x0000000000000000        0xc ./Src/syscalls.o
 .group         0x0000000000000000        0xc ./Src/syscalls.o
 .group         0x0000000000000000        0xc ./Src/syscalls.o
 .group         0x0000000000000000        0xc ./Src/syscalls.o
 .group         0x0000000000000000        0xc ./Src/syscalls.o
 .group         0x0000000000000000        0xc ./Src/syscalls.o
 .group         0x0000000000000000        0xc ./Src/syscalls.o
 .group         0x0000000000000000        0xc ./Src/syscalls.o
 .group         0x0000000000000000        0xc ./Src/syscalls.o
 .group         0x0000000000000000        0xc ./Src/syscalls.o
 .group         0x0000000000000000        0xc ./Src/syscalls.o
 .group         0x0000000000000000        0xc ./Src/syscalls.o
 .group         0x0000000000000000        0xc ./Src/syscalls.o
 .group         0x0000000000000000        0xc ./Src/syscalls.o
 .group         0x0000000000000000        0xc ./Src/syscalls.o
 .group         0x0000000000000000        0xc ./Src/syscalls.o
 .group         0x0000000000000000        0xc ./Src/syscalls.o
 .group         0x0000000000000000        0xc ./Src/syscalls.o
 .group         0x0000000000000000        0xc ./Src/syscalls.o
 .group         0x0000000000000000        0xc ./Src/syscalls.o
 .group         0x0000000000000000        0xc ./Src/syscalls.o
 .group         0x0000000000000000        0xc ./Src/syscalls.o
 .group         0x0000000000000000        0xc ./Src/syscalls.o
 .group         0x0000000000000000        0xc ./Src/syscalls.o
 .group         0x0000000000000000        0xc ./Src/syscalls.o
 .group         0x0000000000000000        0xc ./Src/syscalls.o
 .group         0x0000000000000000        0xc ./Src/syscalls.o
 .group         0x0000000000000000        0xc ./Src/syscalls.o
 .group         0x0000000000000000        0xc ./Src/syscalls.o
 .group         0x0000000000000000        0xc ./Src/syscalls.o
 .group         0x0000000000000000        0xc ./Src/syscalls.o
 .group         0x0000000000000000        0xc ./Src/syscalls.o
 .group         0x0000000000000000        0xc ./Src/syscalls.o
 .group         0x0000000000000000        0xc ./Src/syscalls.o
 .group         0x0000000000000000        0xc ./Src/syscalls.o
 .group         0x0000000000000000        0xc ./Src/syscalls.o
 .group         0x0000000000000000        0xc ./Src/syscalls.o
 .group         0x0000000000000000        0xc ./Src/syscalls.o
 .text          0x0000000000000000        0x0 ./Src/syscalls.o
 .data          0x0000000000000000        0x0 ./Src/syscalls.o
 .bss           0x0000000000000000        0x0 ./Src/syscalls.o
 .bss.__env     0x0000000000000000        0x4 ./Src/syscalls.o
 .data.environ  0x0000000000000000        0x4 ./Src/syscalls.o
 .text.initialise_monitor_handles
                0x0000000000000000        0xc ./Src/syscalls.o
 .text._getpid  0x0000000000000000        0xe ./Src/syscalls.o
 .text._kill    0x0000000000000000       0x20 ./Src/syscalls.o
 .text._exit    0x0000000000000000       0x14 ./Src/syscalls.o
 .text._read    0x0000000000000000       0x3a ./Src/syscalls.o
 .text._write   0x0000000000000000       0x38 ./Src/syscalls.o
 .text._close   0x0000000000000000       0x16 ./Src/syscalls.o
 .text._fstat   0x0000000000000000       0x1e ./Src/syscalls.o
 .text._isatty  0x0000000000000000       0x14 ./Src/syscalls.o
 .text._lseek   0x0000000000000000       0x18 ./Src/syscalls.o
 .text._open    0x0000000000000000       0x1a ./Src/syscalls.o
 .text._wait    0x0000000000000000       0x1e ./Src/syscalls.o
 .text._unlink  0x0000000000000000       0x1e ./Src/syscalls.o
 .text._times   0x0000000000000000       0x16 ./Src/syscalls.o
 .text._stat    0x0000000000000000       0x1e ./Src/syscalls.o
 .text._link    0x0000000000000000       0x20 ./Src/syscalls.o
 .text._fork    0x0000000000000000       0x16 ./Src/syscalls.o
 .text._execve  0x0000000000000000       0x22 ./Src/syscalls.o
 .debug_info    0x0000000000000000      0x6e0 ./Src/syscalls.o
 .debug_abbrev  0x0000000000000000      0x1b3 ./Src/syscalls.o
 .debug_aranges
                0x0000000000000000       0xa8 ./Src/syscalls.o
 .debug_ranges  0x0000000000000000       0x98 ./Src/syscalls.o
 .debug_macro   0x0000000000000000      0x24c ./Src/syscalls.o
 .debug_macro   0x0000000000000000      0xa72 ./Src/syscalls.o
 .debug_macro   0x0000000000000000       0x22 ./Src/syscalls.o
 .debug_macro   0x0000000000000000       0x4c ./Src/syscalls.o
 .debug_macro   0x0000000000000000       0x18 ./Src/syscalls.o
 .debug_macro   0x0000000000000000       0x94 ./Src/syscalls.o
 .debug_macro   0x0000000000000000       0x3c ./Src/syscalls.o
 .debug_macro   0x0000000000000000       0x34 ./Src/syscalls.o
 .debug_macro   0x0000000000000000       0x57 ./Src/syscalls.o
 .debug_macro   0x0000000000000000      0x174 ./Src/syscalls.o
 .debug_macro   0x0000000000000000      0x341 ./Src/syscalls.o
 .debug_macro   0x0000000000000000       0x16 ./Src/syscalls.o
 .debug_macro   0x0000000000000000       0x43 ./Src/syscalls.o
 .debug_macro   0x0000000000000000       0x34 ./Src/syscalls.o
 .debug_macro   0x0000000000000000       0x10 ./Src/syscalls.o
 .debug_macro   0x0000000000000000       0x58 ./Src/syscalls.o
 .debug_macro   0x0000000000000000       0x71 ./Src/syscalls.o
 .debug_macro   0x0000000000000000       0x1c ./Src/syscalls.o
 .debug_macro   0x0000000000000000      0x12a ./Src/syscalls.o
 .debug_macro   0x0000000000000000       0x10 ./Src/syscalls.o
 .debug_macro   0x0000000000000000       0x35 ./Src/syscalls.o
 .debug_macro   0x0000000000000000       0x10 ./Src/syscalls.o
 .debug_macro   0x0000000000000000       0x10 ./Src/syscalls.o
 .debug_macro   0x0000000000000000       0x10 ./Src/syscalls.o
 .debug_macro   0x0000000000000000       0x6a ./Src/syscalls.o
 .debug_macro   0x0000000000000000       0x1c ./Src/syscalls.o
 .debug_macro   0x0000000000000000       0x52 ./Src/syscalls.o
 .debug_macro   0x0000000000000000       0x22 ./Src/syscalls.o
 .debug_macro   0x0000000000000000       0x10 ./Src/syscalls.o
 .debug_macro   0x0000000000000000       0x52 ./Src/syscalls.o
 .debug_macro   0x0000000000000000       0xd5 ./Src/syscalls.o
 .debug_macro   0x0000000000000000       0x1c ./Src/syscalls.o
 .debug_macro   0x0000000000000000       0x3d ./Src/syscalls.o
 .debug_macro   0x0000000000000000       0x35 ./Src/syscalls.o
 .debug_macro   0x0000000000000000      0x12c ./Src/syscalls.o
 .debug_macro   0x0000000000000000       0x16 ./Src/syscalls.o
 .debug_macro   0x0000000000000000       0x16 ./Src/syscalls.o
 .debug_macro   0x0000000000000000       0x29 ./Src/syscalls.o
 .debug_macro   0x0000000000000000       0x10 ./Src/syscalls.o
 .debug_macro   0x0000000000000000      0x241 ./Src/syscalls.o
 .debug_macro   0x0000000000000000       0x1c ./Src/syscalls.o
 .debug_macro   0x0000000000000000       0x10 ./Src/syscalls.o
 .debug_macro   0x0000000000000000       0x10 ./Src/syscalls.o
 .debug_macro   0x0000000000000000       0x16 ./Src/syscalls.o
 .debug_macro   0x0000000000000000      0x145 ./Src/syscalls.o
 .debug_macro   0x0000000000000000      0x189 ./Src/syscalls.o
 .debug_macro   0x0000000000000000       0x16 ./Src/syscalls.o
 .debug_macro   0x0000000000000000       0xce ./Src/syscalls.o
 .debug_line    0x0000000000000000      0x7f9 ./Src/syscalls.o
 .debug_str     0x0000000000000000     0x8a2e ./Src/syscalls.o
 .comment       0x0000000000000000       0x51 ./Src/syscalls.o
 .debug_frame   0x0000000000000000      0x2ac ./Src/syscalls.o
 .ARM.attributes
                0x0000000000000000       0x2d ./Src/syscalls.o
 .group         0x0000000000000000        0xc ./Src/sysmem.o
 .group         0x0000000000000000        0xc ./Src/sysmem.o
 .group         0x0000000000000000        0xc ./Src/sysmem.o
 .group         0x0000000000000000        0xc ./Src/sysmem.o
 .group         0x0000000000000000        0xc ./Src/sysmem.o
 .group         0x0000000000000000        0xc ./Src/sysmem.o
 .group         0x0000000000000000        0xc ./Src/sysmem.o
 .group         0x0000000000000000        0xc ./Src/sysmem.o
 .group         0x0000000000000000        0xc ./Src/sysmem.o
 .group         0x0000000000000000        0xc ./Src/sysmem.o
 .group         0x0000000000000000        0xc ./Src/sysmem.o
 .group         0x0000000000000000        0xc ./Src/sysmem.o
 .group         0x0000000000000000        0xc ./Src/sysmem.o
 .group         0x0000000000000000        0xc ./Src/sysmem.o
 .group         0x0000000000000000        0xc ./Src/sysmem.o
 .group         0x0000000000000000        0xc ./Src/sysmem.o
 .group         0x0000000000000000        0xc ./Src/sysmem.o
 .group         0x0000000000000000        0xc ./Src/sysmem.o
 .group         0x0000000000000000        0xc ./Src/sysmem.o
 .group         0x0000000000000000        0xc ./Src/sysmem.o
 .group         0x0000000000000000        0xc ./Src/sysmem.o
 .group         0x0000000000000000        0xc ./Src/sysmem.o
 .text          0x0000000000000000        0x0 ./Src/sysmem.o
 .data          0x0000000000000000        0x0 ./Src/sysmem.o
 .bss           0x0000000000000000        0x0 ./Src/sysmem.o
 .bss.__sbrk_heap_end
                0x0000000000000000        0x4 ./Src/sysmem.o
 .text._sbrk    0x0000000000000000       0x6c ./Src/sysmem.o
 .debug_info    0x0000000000000000      0x171 ./Src/sysmem.o
 .debug_abbrev  0x0000000000000000       0xbb ./Src/sysmem.o
 .debug_aranges
                0x0000000000000000       0x20 ./Src/sysmem.o
 .debug_ranges  0x0000000000000000       0x10 ./Src/sysmem.o
 .debug_macro   0x0000000000000000       0xff ./Src/sysmem.o
 .debug_macro   0x0000000000000000      0xa72 ./Src/sysmem.o
 .debug_macro   0x0000000000000000       0x10 ./Src/sysmem.o
 .debug_macro   0x0000000000000000       0x22 ./Src/sysmem.o
 .debug_macro   0x0000000000000000       0x4c ./Src/sysmem.o
 .debug_macro   0x0000000000000000       0x18 ./Src/sysmem.o
 .debug_macro   0x0000000000000000       0x94 ./Src/sysmem.o
 .debug_macro   0x0000000000000000       0x3c ./Src/sysmem.o
 .debug_macro   0x0000000000000000       0x34 ./Src/sysmem.o
 .debug_macro   0x0000000000000000      0x174 ./Src/sysmem.o
 .debug_macro   0x0000000000000000       0x16 ./Src/sysmem.o
 .debug_macro   0x0000000000000000       0x43 ./Src/sysmem.o
 .debug_macro   0x0000000000000000       0x57 ./Src/sysmem.o
 .debug_macro   0x0000000000000000       0x34 ./Src/sysmem.o
 .debug_macro   0x0000000000000000       0x10 ./Src/sysmem.o
 .debug_macro   0x0000000000000000       0x58 ./Src/sysmem.o
 .debug_macro   0x0000000000000000       0x71 ./Src/sysmem.o
 .debug_macro   0x0000000000000000       0x1c ./Src/sysmem.o
 .debug_macro   0x0000000000000000      0x12a ./Src/sysmem.o
 .debug_macro   0x0000000000000000      0x23b ./Src/sysmem.o
 .debug_macro   0x0000000000000000      0x103 ./Src/sysmem.o
 .debug_macro   0x0000000000000000       0x6a ./Src/sysmem.o
 .debug_macro   0x0000000000000000      0x1df ./Src/sysmem.o
 .debug_line    0x0000000000000000      0x4ef ./Src/sysmem.o
 .debug_str     0x0000000000000000     0x5d6a ./Src/sysmem.o
 .comment       0x0000000000000000       0x51 ./Src/sysmem.o
 .debug_frame   0x0000000000000000       0x34 ./Src/sysmem.o
 .ARM.attributes
                0x0000000000000000       0x2d ./Src/sysmem.o
 .text          0x0000000000000000       0x14 ./Startup/startup_stm32f103c8tx.o
 .data          0x0000000000000000        0x0 ./Startup/startup_stm32f103c8tx.o
 .bss           0x0000000000000000        0x0 ./Startup/startup_stm32f103c8tx.o
 .text          0x0000000000000000        0x0 c:/st/stm32cubeide_1.10.1/stm32cubeide/plugins/com.st.stm32cube.ide.mcu.externaltools.gnu-tools-for-stm32.10.3-2021.10.win32_1.0.200.202301161003/tools/bin/../lib/gcc/arm-none-eabi/10.3.1/../../../../arm-none-eabi/lib/thumb/v7-m/nofp\libc_nano.a(lib_a-errno.o)
 .data          0x0000000000000000        0x0 c:/st/stm32cubeide_1.10.1/stm32cubeide/plugins/com.st.stm32cube.ide.mcu.externaltools.gnu-tools-for-stm32.10.3-2021.10.win32_1.0.200.202301161003/tools/bin/../lib/gcc/arm-none-eabi/10.3.1/../../../../arm-none-eabi/lib/thumb/v7-m/nofp\libc_nano.a(lib_a-errno.o)
 .bss           0x0000000000000000        0x0 c:/st/stm32cubeide_1.10.1/stm32cubeide/plugins/com.st.stm32cube.ide.mcu.externaltools.gnu-tools-for-stm32.10.3-2021.10.win32_1.0.200.202301161003/tools/bin/../lib/gcc/arm-none-eabi/10.3.1/../../../../arm-none-eabi/lib/thumb/v7-m/nofp\libc_nano.a(lib_a-errno.o)
 .text.__errno  0x0000000000000000        0xc c:/st/stm32cubeide_1.10.1/stm32cubeide/plugins/com.st.stm32cube.ide.mcu.externaltools.gnu-tools-for-stm32.10.3-2021.10.win32_1.0.200.202301161003/tools/bin/../lib/gcc/arm-none-eabi/10.3.1/../../../../arm-none-eabi/lib/thumb/v7-m/nofp\libc_nano.a(lib_a-errno.o)
 .debug_frame   0x0000000000000000       0x20 c:/st/stm32cubeide_1.10.1/stm32cubeide/plugins/com.st.stm32cube.ide.mcu.externaltools.gnu-tools-for-stm32.10.3-2021.10.win32_1.0.200.202301161003/tools/bin/../lib/gcc/arm-none-eabi/10.3.1/../../../../arm-none-eabi/lib/thumb/v7-m/nofp\libc_nano.a(lib_a-errno.o)
 .ARM.attributes
                0x0000000000000000       0x2d c:/st/stm32cubeide_1.10.1/stm32cubeide/plugins/com.st.stm32cube.ide.mcu.externaltools.gnu-tools-for-stm32.10.3-2021.10.win32_1.0.200.202301161003/tools/bin/../lib/gcc/arm-none-eabi/10.3.1/../../../../arm-none-eabi/lib/thumb/v7-m/nofp\libc_nano.a(lib_a-errno.o)
 .text          0x0000000000000000        0x0 c:/st/stm32cubeide_1.10.1/stm32cubeide/plugins/com.st.stm32cube.ide.mcu.externaltools.gnu-tools-for-stm32.10.3-2021.10.win32_1.0.200.202301161003/tools/bin/../lib/gcc/arm-none-eabi/10.3.1/../../../../arm-none-eabi/lib/thumb/v7-m/nofp\libc_nano.a(lib_a-exit.o)
 .data          0x0000000000000000        0x0 c:/st/stm32cubeide_1.10.1/stm32cubeide/plugins/com.st.stm32cube.ide.mcu.externaltools.gnu-tools-for-stm32.10.3-2021.10.win32_1.0.200.202301161003/tools/bin/../lib/gcc/arm-none-eabi/10.3.1/../../../../arm-none-eabi/lib/thumb/v7-m/nofp\libc_nano.a(lib_a-exit.o)
 .bss           0x0000000000000000        0x0 c:/st/stm32cubeide_1.10.1/stm32cubeide/plugins/com.st.stm32cube.ide.mcu.externaltools.gnu-tools-for-stm32.10.3-2021.10.win32_1.0.200.202301161003/tools/bin/../lib/gcc/arm-none-eabi/10.3.1/../../../../arm-none-eabi/lib/thumb/v7-m/nofp\libc_nano.a(lib_a-exit.o)
 .text.exit     0x0000000000000000       0x28 c:/st/stm32cubeide_1.10.1/stm32cubeide/plugins/com.st.stm32cube.ide.mcu.externaltools.gnu-tools-for-stm32.10.3-2021.10.win32_1.0.200.202301161003/tools/bin/../lib/gcc/arm-none-eabi/10.3.1/../../../../arm-none-eabi/lib/thumb/v7-m/nofp\libc_nano.a(lib_a-exit.o)
 .debug_frame   0x0000000000000000       0x28 c:/st/stm32cubeide_1.10.1/stm32cubeide/plugins/com.st.stm32cube.ide.mcu.externaltools.gnu-tools-for-stm32.10.3-2021.10.win32_1.0.200.202301161003/tools/bin/../lib/gcc/arm-none-eabi/10.3.1/../../../../arm-none-eabi/lib/thumb/v7-m/nofp\libc_nano.a(lib_a-exit.o)
 .ARM.attributes
                0x0000000000000000       0x2d c:/st/stm32cubeide_1.10.1/stm32cubeide/plugins/com.st.stm32cube.ide.mcu.externaltools.gnu-tools-for-stm32.10.3-2021.10.win32_1.0.200.202301161003/tools/bin/../lib/gcc/arm-none-eabi/10.3.1/../../../../arm-none-eabi/lib/thumb/v7-m/nofp\libc_nano.a(lib_a-exit.o)
 .text          0x0000000000000000        0x0 c:/st/stm32cubeide_1.10.1/stm32cubeide/plugins/com.st.stm32cube.ide.mcu.externaltools.gnu-tools-for-stm32.10.3-2021.10.win32_1.0.200.202301161003/tools/bin/../lib/gcc/arm-none-eabi/10.3.1/../../../../arm-none-eabi/lib/thumb/v7-m/nofp\libc_nano.a(lib_a-impure.o)
 .data          0x0000000000000000        0x0 c:/st/stm32cubeide_1.10.1/stm32cubeide/plugins/com.st.stm32cube.ide.mcu.externaltools.gnu-tools-for-stm32.10.3-2021.10.win32_1.0.200.202301161003/tools/bin/../lib/gcc/arm-none-eabi/10.3.1/../../../../arm-none-eabi/lib/thumb/v7-m/nofp\libc_nano.a(lib_a-impure.o)
 .bss           0x0000000000000000        0x0 c:/st/stm32cubeide_1.10.1/stm32cubeide/plugins/com.st.stm32cube.ide.mcu.externaltools.gnu-tools-for-stm32.10.3-2021.10.win32_1.0.200.202301161003/tools/bin/../lib/gcc/arm-none-eabi/10.3.1/../../../../arm-none-eabi/lib/thumb/v7-m/nofp\libc_nano.a(lib_a-impure.o)
 .data._impure_ptr
                0x0000000000000000        0x4 c:/st/stm32cubeide_1.10.1/stm32cubeide/plugins/com.st.stm32cube.ide.mcu.externaltools.gnu-tools-for-stm32.10.3-2021.10.win32_1.0.200.202301161003/tools/bin/../lib/gcc/arm-none-eabi/10.3.1/../../../../arm-none-eabi/lib/thumb/v7-m/nofp\libc_nano.a(lib_a-impure.o)
 .data.impure_data
                0x0000000000000000       0x60 c:/st/stm32cubeide_1.10.1/stm32cubeide/plugins/com.st.stm32cube.ide.mcu.externaltools.gnu-tools-for-stm32.10.3-2021.10.win32_1.0.200.202301161003/tools/bin/../lib/gcc/arm-none-eabi/10.3.1/../../../../arm-none-eabi/lib/thumb/v7-m/nofp\libc_nano.a(lib_a-impure.o)
 .rodata._global_impure_ptr
                0x0000000000000000        0x4 c:/st/stm32cubeide_1.10.1/stm32cubeide/plugins/com.st.stm32cube.ide.mcu.externaltools.gnu-tools-for-stm32.10.3-2021.10.win32_1.0.200.202301161003/tools/bin/../lib/gcc/arm-none-eabi/10.3.1/../../../../arm-none-eabi/lib/thumb/v7-m/nofp\libc_nano.a(lib_a-impure.o)
 .ARM.attributes
                0x0000000000000000       0x2d c:/st/stm32cubeide_1.10.1/stm32cubeide/plugins/com.st.stm32cube.ide.mcu.externaltools.gnu-tools-for-stm32.10.3-2021.10.win32_1.0.200.202301161003/tools/bin/../lib/gcc/arm-none-eabi/10.3.1/../../../../arm-none-eabi/lib/thumb/v7-m/nofp\libc_nano.a(lib_a-impure.o)
 .text          0x0000000000000000        0x0 c:/st/stm32cubeide_1.10.1/stm32cubeide/plugins/com.st.stm32cube.ide.mcu.externaltools.gnu-tools-for-stm32.10.3-2021.10.win32_1.0.200.202301161003/tools/bin/../lib/gcc/arm-none-eabi/10.3.1/../../../../arm-none-eabi/lib/thumb/v7-m/nofp\libc_nano.a(lib_a-init.o)
 .data          0x0000000000000000        0x0 c:/st/stm32cubeide_1.10.1/stm32cubeide/plugins/com.st.stm32cube.ide.mcu.externaltools.gnu-tools-for-stm32.10.3-2021.10.win32_1.0.200.202301161003/tools/bin/../lib/gcc/arm-none-eabi/10.3.1/../../../../arm-none-eabi/lib/thumb/v7-m/nofp\libc_nano.a(lib_a-init.o)
 .bss           0x0000000000000000        0x0 c:/st/stm32cubeide_1.10.1/stm32cubeide/plugins/com.st.stm32cube.ide.mcu.externaltools.gnu-tools-for-stm32.10.3-2021.10.win32_1.0.200.202301161003/tools/bin/../lib/gcc/arm-none-eabi/10.3.1/../../../../arm-none-eabi/lib/thumb/v7-m/nofp\libc_nano.a(lib_a-init.o)
 .text          0x0000000000000000        0x0 c:/st/stm32cubeide_1.10.1/stm32cubeide/plugins/com.st.stm32cube.ide.mcu.externaltools.gnu-tools-for-stm32.10.3-2021.10.win32_1.0.200.202301161003/tools/bin/../lib/gcc/arm-none-eabi/10.3.1/../../../../arm-none-eabi/lib/thumb/v7-m/nofp\libc_nano.a(lib_a-memset.o)
 .data          0x0000000000000000        0x0 c:/st/stm32cubeide_1.10.1/stm32cubeide/plugins/com.st.stm32cube.ide.mcu.externaltools.gnu-tools-for-stm32.10.3-2021.10.win32_1.0.200.202301161003/tools/bin/../lib/gcc/arm-none-eabi/10.3.1/../../../../arm-none-eabi/lib/thumb/v7-m/nofp\libc_nano.a(lib_a-memset.o)
 .bss           0x0000000000000000        0x0 c:/st/stm32cubeide_1.10.1/stm32cubeide/plugins/com.st.stm32cube.ide.mcu.externaltools.gnu-tools-for-stm32.10.3-2021.10.win32_1.0.200.202301161003/tools/bin/../lib/gcc/arm-none-eabi/10.3.1/../../../../arm-none-eabi/lib/thumb/v7-m/nofp\libc_nano.a(lib_a-memset.o)
 .text.memset   0x0000000000000000       0x10 c:/st/stm32cubeide_1.10.1/stm32cubeide/plugins/com.st.stm32cube.ide.mcu.externaltools.gnu-tools-for-stm32.10.3-2021.10.win32_1.0.200.202301161003/tools/bin/../lib/gcc/arm-none-eabi/10.3.1/../../../../arm-none-eabi/lib/thumb/v7-m/nofp\libc_nano.a(lib_a-memset.o)
 .debug_frame   0x0000000000000000       0x20 c:/st/stm32cubeide_1.10.1/stm32cubeide/plugins/com.st.stm32cube.ide.mcu.externaltools.gnu-tools-for-stm32.10.3-2021.10.win32_1.0.200.202301161003/tools/bin/../lib/gcc/arm-none-eabi/10.3.1/../../../../arm-none-eabi/lib/thumb/v7-m/nofp\libc_nano.a(lib_a-memset.o)
 .ARM.attributes
                0x0000000000000000       0x2d c:/st/stm32cubeide_1.10.1/stm32cubeide/plugins/com.st.stm32cube.ide.mcu.externaltools.gnu-tools-for-stm32.10.3-2021.10.win32_1.0.200.202301161003/tools/bin/../lib/gcc/arm-none-eabi/10.3.1/../../../../arm-none-eabi/lib/thumb/v7-m/nofp\libc_nano.a(lib_a-memset.o)
 .text          0x0000000000000000        0x0 c:/st/stm32cubeide_1.10.1/stm32cubeide/plugins/com.st.stm32cube.ide.mcu.externaltools.gnu-tools-for-stm32.10.3-2021.10.win32_1.0.200.202301161003/tools/bin/../lib/gcc/arm-none-eabi/10.3.1/thumb/v7-m/nofp/crtend.o
 .data          0x0000000000000000        0x0 c:/st/stm32cubeide_1.10.1/stm32cubeide/plugins/com.st.stm32cube.ide.mcu.externaltools.gnu-tools-for-stm32.10.3-2021.10.win32_1.0.200.202301161003/tools/bin/../lib/gcc/arm-none-eabi/10.3.1/thumb/v7-m/nofp/crtend.o
 .bss           0x0000000000000000        0x0 c:/st/stm32cubeide_1.10.1/stm32cubeide/plugins/com.st.stm32cube.ide.mcu.externaltools.gnu-tools-for-stm32.10.3-2021.10.win32_1.0.200.202301161003/tools/bin/../lib/gcc/arm-none-eabi/10.3.1/thumb/v7-m/nofp/crtend.o
 .rodata        0x0000000000000000       0x24 c:/st/stm32cubeide_1.10.1/stm32cubeide/plugins/com.st.stm32cube.ide.mcu.externaltools.gnu-tools-for-stm32.10.3-2021.10.win32_1.0.200.202301161003/tools/bin/../lib/gcc/arm-none-eabi/10.3.1/thumb/v7-m/nofp/crtend.o
 .eh_frame      0x0000000000000000        0x4 c:/st/stm32cubeide_1.10.1/stm32cubeide/plugins/com.st.stm32cube.ide.mcu.externaltools.gnu-tools-for-stm32.10.3-2021.10.win32_1.0.200.202301161003/tools/bin/../lib/gcc/arm-none-eabi/10.3.1/thumb/v7-m/nofp/crtend.o
 .ARM.attributes
                0x0000000000000000       0x2d c:/st/stm32cubeide_1.10.1/stm32cubeide/plugins/com.st.stm32cube.ide.mcu.externaltools.gnu-tools-for-stm32.10.3-2021.10.win32_1.0.200.202301161003/tools/bin/../lib/gcc/arm-none-eabi/10.3.1/thumb/v7-m/nofp/crtend.o
 .text          0x0000000000000000        0x0 c:/st/stm32cubeide_1.10.1/stm32cubeide/plugins/com.st.stm32cube.ide.mcu.externaltools.gnu-tools-for-stm32.10.3-2021.10.win32_1.0.200.202301161003/tools/bin/../lib/gcc/arm-none-eabi/10.3.1/thumb/v7-m/nofp/crtn.o
 .data          0x0000000000000000        0x0 c:/st/stm32cubeide_1.10.1/stm32cubeide/plugins/com.st.stm32cube.ide.mcu.externaltools.gnu-tools-for-stm32.10.3-2021.10.win32_1.0.200.202301161003/tools/bin/../lib/gcc/arm-none-eabi/10.3.1/thumb/v7-m/nofp/crtn.o
 .bss           0x0000000000000000        0x0 c:/st/stm32cubeide_1.10.1/stm32cubeide/plugins/com.st.stm32cube.ide.mcu.externaltools.gnu-tools-for-stm32.10.3-2021.10.win32_1.0.200.202301161003/tools/bin/../lib/gcc/arm-none-eabi/10.3.1/thumb/v7-m/nofp/crtn.o

Memory Configuration

Name             Origin             Length             Attributes
RAM              0x0000000020000000 0x0000000000005000 xrw
FLASH            0x0000000008000000 0x0000000000010000 xr
*default*        0x0000000000000000 0xffffffffffffffff

Linker script and memory map

LOAD c:/st/stm32cubeide_1.10.1/stm32cubeide/plugins/com.st.stm32cube.ide.mcu.externaltools.gnu-tools-for-stm32.10.3-2021.10.win32_1.0.200.202301161003/tools/bin/../lib/gcc/arm-none-eabi/10.3.1/thumb/v7-m/nofp/crti.o
LOAD c:/st/stm32cubeide_1.10.1/stm32cubeide/plugins/com.st.stm32cube.ide.mcu.externaltools.gnu-tools-for-stm32.10.3-2021.10.win32_1.0.200.202301161003/tools/bin/../lib/gcc/arm-none-eabi/10.3.1/thumb/v7-m/nofp/crtbegin.o
LOAD c:/st/stm32cubeide_1.10.1/stm32cubeide/plugins/com.st.stm32cube.ide.mcu.externaltools.gnu-tools-for-stm32.10.3-2021.10.win32_1.0.200.202301161003/tools/bin/../lib/gcc/arm-none-eabi/10.3.1/../../../../arm-none-eabi/lib/thumb/v7-m/nofp/crt0.o
LOAD ./Src/Delay_Program.o
LOAD ./Src/Stm32F103_ADC.o
LOAD ./Src/Stm32F103_AFIO.o
LOAD ./Src/Stm32F103_EXTI.o
LOAD ./Src/Stm32F103_GPIO.o
LOAD ./Src/Stm32F103_LCD.o
LOAD ./Src/Stm32F103_NVIC.o
LOAD ./Src/Stm32F103_RCC.o
LOAD ./Src/Stm32F103_USART.o
LOAD ./Src/main.o
LOAD ./Src/main2.o
LOAD ./Src/syscalls.o
LOAD ./Src/sysmem.o
LOAD ./Startup/startup_stm32f103c8tx.o
START GROUP
LOAD c:/st/stm32cubeide_1.10.1/stm32cubeide/plugins/com.st.stm32cube.ide.mcu.externaltools.gnu-tools-for-stm32.10.3-2021.10.win32_1.0.200.202301161003/tools/bin/../lib/gcc/arm-none-eabi/10.3.1/../../../../arm-none-eabi/lib/thumb/v7-m/nofp\libc_nano.a
LOAD c:/st/stm32cubeide_1.10.1/stm32cubeide/plugins/com.st.stm32cube.ide.mcu.externaltools.gnu-tools-for-stm32.10.3-2021.10.win32_1.0.200.202301161003/tools/bin/../lib/gcc/arm-none-eabi/10.3.1/../../../../arm-none-eabi/lib/thumb/v7-m/nofp\libm.a
END GROUP
START GROUP
LOAD c:/st/stm32cubeide_1.10.1/stm32cubeide/plugins/com.st.stm32cube.ide.mcu.externaltools.gnu-tools-for-stm32.10.3-2021.10.win32_1.0.200.202301161003/tools/bin/../lib/gcc/arm-none-eabi/10.3.1/thumb/v7-m/nofp\libgcc.a
LOAD c:/st/stm32cubeide_1.10.1/stm32cubeide/plugins/com.st.stm32cube.ide.mcu.externaltools.gnu-tools-for-stm32.10.3-2021.10.win32_1.0.200.202301161003/tools/bin/../lib/gcc/arm-none-eabi/10.3.1/../../../../arm-none-eabi/lib/thumb/v7-m/nofp\libc_nano.a
END GROUP
START GROUP
LOAD c:/st/stm32cubeide_1.10.1/stm32cubeide/plugins/com.st.stm32cube.ide.mcu.externaltools.gnu-tools-for-stm32.10.3-2021.10.win32_1.0.200.202301161003/tools/bin/../lib/gcc/arm-none-eabi/10.3.1/thumb/v7-m/nofp\libgcc.a
LOAD c:/st/stm32cubeide_1.10.1/stm32cubeide/plugins/com.st.stm32cube.ide.mcu.externaltools.gnu-tools-for-stm32.10.3-2021.10.win32_1.0.200.202301161003/tools/bin/../lib/gcc/arm-none-eabi/10.3.1/../../../../arm-none-eabi/lib/thumb/v7-m/nofp\libc_nano.a
LOAD c:/st/stm32cubeide_1.10.1/stm32cubeide/plugins/com.st.stm32cube.ide.mcu.externaltools.gnu-tools-for-stm32.10.3-2021.10.win32_1.0.200.202301161003/tools/bin/../lib/gcc/arm-none-eabi/10.3.1/../../../../arm-none-eabi/lib/thumb/v7-m/nofp\libnosys.a
END GROUP
START GROUP
LOAD c:/st/stm32cubeide_1.10.1/stm32cubeide/plugins/com.st.stm32cube.ide.mcu.externaltools.gnu-tools-for-stm32.10.3-2021.10.win32_1.0.200.202301161003/tools/bin/../lib/gcc/arm-none-eabi/10.3.1/thumb/v7-m/nofp\libgcc.a
LOAD c:/st/stm32cubeide_1.10.1/stm32cubeide/plugins/com.st.stm32cube.ide.mcu.externaltools.gnu-tools-for-stm32.10.3-2021.10.win32_1.0.200.202301161003/tools/bin/../lib/gcc/arm-none-eabi/10.3.1/../../../../arm-none-eabi/lib/thumb/v7-m/nofp\libc_nano.a
LOAD c:/st/stm32cubeide_1.10.1/stm32cubeide/plugins/com.st.stm32cube.ide.mcu.externaltools.gnu-tools-for-stm32.10.3-2021.10.win32_1.0.200.202301161003/tools/bin/../lib/gcc/arm-none-eabi/10.3.1/../../../../arm-none-eabi/lib/thumb/v7-m/nofp\libnosys.a
END GROUP
LOAD c:/st/stm32cubeide_1.10.1/stm32cubeide/plugins/com.st.stm32cube.ide.mcu.externaltools.gnu-tools-for-stm32.10.3-2021.10.win32_1.0.200.202301161003/tools/bin/../lib/gcc/arm-none-eabi/10.3.1/thumb/v7-m/nofp/crtend.o
LOAD c:/st/stm32cubeide_1.10.1/stm32cubeide/plugins/com.st.stm32cube.ide.mcu.externaltools.gnu-tools-for-stm32.10.3-2021.10.win32_1.0.200.202301161003/tools/bin/../lib/gcc/arm-none-eabi/10.3.1/thumb/v7-m/nofp/crtn.o
                0x0000000020005000                _estack = (ORIGIN (RAM) + LENGTH (RAM))
                0x0000000000000200                _Min_Heap_Size = 0x200
                0x0000000000000400                _Min_Stack_Size = 0x400

.isr_vector     0x0000000008000000      0x130
                0x0000000008000000                . = ALIGN (0x4)
 *(.isr_vector)
 .isr_vector    0x0000000008000000      0x130 ./Startup/startup_stm32f103c8tx.o
                0x0000000008000000                g_pfnVectors
                0x0000000008000130                . = ALIGN (0x4)

.text           0x0000000008000130      0xad8
                0x0000000008000130                . = ALIGN (0x4)
 *(.text)
 .text          0x0000000008000130       0x40 c:/st/stm32cubeide_1.10.1/stm32cubeide/plugins/com.st.stm32cube.ide.mcu.externaltools.gnu-tools-for-stm32.10.3-2021.10.win32_1.0.200.202301161003/tools/bin/../lib/gcc/arm-none-eabi/10.3.1/thumb/v7-m/nofp/crtbegin.o
 *(.text*)
 .text.Delay_vMsIn16MHz
                0x0000000008000170       0x4c ./Src/Delay_Program.o
                0x0000000008000170                Delay_vMsIn16MHz
 .text.MCAL_GPIO_Init
                0x00000000080001bc      0x148 ./Src/Stm32F103_GPIO.o
                0x00000000080001bc                MCAL_GPIO_Init
 .text.MCAL_GPIO_WriteOutputPin
                0x0000000008000304       0x46 ./Src/Stm32F103_GPIO.o
                0x0000000008000304                MCAL_GPIO_WriteOutputPin
 *fill*         0x000000000800034a        0x2 
 .text.HAL_LCD_LCDInit
                0x000000000800034c       0xe0 ./Src/Stm32F103_LCD.o
                0x000000000800034c                HAL_LCD_LCDInit
 .text.HAL_LCD_LCDWriteCommand
                0x000000000800042c      0x10c ./Src/Stm32F103_LCD.o
                0x000000000800042c                HAL_LCD_LCDWriteCommand
 .text.HAL_LCD_LCDClear
                0x0000000008000538        0xe ./Src/Stm32F103_LCD.o
                0x0000000008000538                HAL_LCD_LCDClear
 *fill*         0x0000000008000546        0x2 
 .text.MCAL_NVIC_EnableInterrupt
                0x0000000008000548       0xa4 ./Src/Stm32F103_NVIC.o
                0x0000000008000548                MCAL_NVIC_EnableInterrupt
 .text.USART_PeriClockControl
                0x00000000080005ec       0xc0 ./Src/Stm32F103_USART.o
                0x00000000080005ec                USART_PeriClockControl
 .text.USART_PeriControl
                0x00000000080006ac       0x3c ./Src/Stm32F103_USART.o
                0x00000000080006ac                USART_PeriControl
 .text.USART_Init
                0x00000000080006e8      0x18c ./Src/Stm32F103_USART.o
                0x00000000080006e8                USART_Init
 .text.USART_SetBaudRate
                0x0000000008000874       0x38 ./Src/Stm32F103_USART.o
                0x0000000008000874                USART_SetBaudRate
 .text.UART_CB_Assignment
                0x00000000080008ac       0x1c ./Src/Stm32F103_USART.o
                0x00000000080008ac                UART_CB_Assignment
 .text.USART1_IRQHandler
                0x00000000080008c8       0x24 ./Src/Stm32F103_USART.o
                0x00000000080008c8                USART1_IRQHandler
 .text.main     0x00000000080008ec       0xe4 ./Src/main2.o
                0x00000000080008ec                main
 .text.APP_HandleQueue
                0x00000000080009d0       0x2c ./Src/main2.o
                0x00000000080009d0                APP_HandleQueue
 .text.UART1_callbackFunction
                0x00000000080009fc       0x28 ./Src/main2.o
                0x00000000080009fc                UART1_callbackFunction
 .text.EnqueueEvent
                0x0000000008000a24       0x7c ./Src/main2.o
                0x0000000008000a24                EnqueueEvent
 .text.DequeueEvent
                0x0000000008000aa0       0x7c ./Src/main2.o
                0x0000000008000aa0                DequeueEvent
 .text.SemaphoreWait
                0x0000000008000b1c       0x1c ./Src/main2.o
                0x0000000008000b1c                SemaphoreWait
 .text.SemaphoreSignal
                0x0000000008000b38       0x1c ./Src/main2.o
                0x0000000008000b38                SemaphoreSignal
 .text.Reset_Handler
                0x0000000008000b54       0x50 ./Startup/startup_stm32f103c8tx.o
                0x0000000008000b54                Reset_Handler
 .text.Default_Handler
                0x0000000008000ba4        0x2 ./Startup/startup_stm32f103c8tx.o
                0x0000000008000ba4                EXTI2_IRQHandler
                0x0000000008000ba4                TIM8_TRG_COM_IRQHandler
                0x0000000008000ba4                TIM8_CC_IRQHandler
                0x0000000008000ba4                DebugMon_Handler
                0x0000000008000ba4                TIM1_CC_IRQHandler
                0x0000000008000ba4                HardFault_Handler
                0x0000000008000ba4                TIM6_IRQHandler
                0x0000000008000ba4                SysTick_Handler
                0x0000000008000ba4                PVD_IRQHandler
                0x0000000008000ba4                SDIO_IRQHandler
                0x0000000008000ba4                PendSV_Handler
                0x0000000008000ba4                NMI_Handler
                0x0000000008000ba4                EXTI3_IRQHandler
                0x0000000008000ba4                USB_HP_CAN_TX_IRQHandler
                0x0000000008000ba4                EXTI0_IRQHandler
                0x0000000008000ba4                I2C2_EV_IRQHandler
                0x0000000008000ba4                UsageFault_Handler
                0x0000000008000ba4                ADC1_2_IRQHandler
                0x0000000008000ba4                SPI1_IRQHandler
                0x0000000008000ba4                CAN_SCE_IRQHandler
                0x0000000008000ba4                TAMPER_IRQHandler
                0x0000000008000ba4                TIM8_UP_IRQHandler
                0x0000000008000ba4                DMA2_Channel2_IRQHandler
                0x0000000008000ba4                DMA1_Channel4_IRQHandler
                0x0000000008000ba4                USART3_IRQHandler
                0x0000000008000ba4                RTC_IRQHandler
                0x0000000008000ba4                DMA1_Channel7_IRQHandler
                0x0000000008000ba4                UART5_IRQHandler
                0x0000000008000ba4                ADC3_IRQHandler
                0x0000000008000ba4                TIM4_IRQHandler
                0x0000000008000ba4                CAN_RX1_IRQHandler
                0x0000000008000ba4                DMA2_Channel1_IRQHandler
                0x0000000008000ba4                I2C1_EV_IRQHandler
                0x0000000008000ba4                DMA1_Channel6_IRQHandler
                0x0000000008000ba4                UART4_IRQHandler
                0x0000000008000ba4                TIM3_IRQHandler
                0x0000000008000ba4                RCC_IRQHandler
                0x0000000008000ba4                TIM1_TRG_COM_IRQHandler
                0x0000000008000ba4                DMA1_Channel1_IRQHandler
                0x0000000008000ba4                Default_Handler
                0x0000000008000ba4                EXTI15_10_IRQHandler
                0x0000000008000ba4                TIM7_IRQHandler
                0x0000000008000ba4                TIM5_IRQHandler
                0x0000000008000ba4                EXTI9_5_IRQHandler
                0x0000000008000ba4                SPI2_IRQHandler
                0x0000000008000ba4                USB_LP_CAN_RX0_IRQHandler
                0x0000000008000ba4                MemManage_Handler
                0x0000000008000ba4                SVC_Handler
                0x0000000008000ba4                DMA1_Channel5_IRQHandler
                0x0000000008000ba4                EXTI4_IRQHandler
                0x0000000008000ba4                DMA1_Channel3_IRQHandler
                0x0000000008000ba4                FSMC_IRQHandler
                0x0000000008000ba4                TIM1_UP_IRQHandler
                0x0000000008000ba4                WWDG_IRQHandler
                0x0000000008000ba4                TIM2_IRQHandler
                0x0000000008000ba4                TIM1_BRK_IRQHandler
                0x0000000008000ba4                EXTI1_IRQHandler
                0x0000000008000ba4                RTCAlarm_IRQHandler
                0x0000000008000ba4                DMA2_Channel4_5_IRQHandler
                0x0000000008000ba4                USART2_IRQHandler
                0x0000000008000ba4                I2C2_ER_IRQHandler
                0x0000000008000ba4                DMA1_Channel2_IRQHandler
                0x0000000008000ba4                TIM8_BRK_IRQHandler
                0x0000000008000ba4                FLASH_IRQHandler
                0x0000000008000ba4                BusFault_Handler
                0x0000000008000ba4                SPI3_IRQHandler
                0x0000000008000ba4                I2C1_ER_IRQHandler
                0x0000000008000ba4                DMA2_Channel3_IRQHandler
 *fill*         0x0000000008000ba6        0x2 
 .text.__libc_init_array
                0x0000000008000ba8       0x48 c:/st/stm32cubeide_1.10.1/stm32cubeide/plugins/com.st.stm32cube.ide.mcu.externaltools.gnu-tools-for-stm32.10.3-2021.10.win32_1.0.200.202301161003/tools/bin/../lib/gcc/arm-none-eabi/10.3.1/../../../../arm-none-eabi/lib/thumb/v7-m/nofp\libc_nano.a(lib_a-init.o)
                0x0000000008000ba8                __libc_init_array
 *(.glue_7)
 .glue_7        0x0000000008000bf0        0x0 linker stubs
 *(.glue_7t)
 .glue_7t       0x0000000008000bf0        0x0 linker stubs
 *(.eh_frame)
 .eh_frame      0x0000000008000bf0        0x0 c:/st/stm32cubeide_1.10.1/stm32cubeide/plugins/com.st.stm32cube.ide.mcu.externaltools.gnu-tools-for-stm32.10.3-2021.10.win32_1.0.200.202301161003/tools/bin/../lib/gcc/arm-none-eabi/10.3.1/thumb/v7-m/nofp/crtbegin.o
 *(.init)
 .init          0x0000000008000bf0        0x4 c:/st/stm32cubeide_1.10.1/stm32cubeide/plugins/com.st.stm32cube.ide.mcu.externaltools.gnu-tools-for-stm32.10.3-2021.10.win32_1.0.200.202301161003/tools/bin/../lib/gcc/arm-none-eabi/10.3.1/thumb/v7-m/nofp/crti.o
                0x0000000008000bf0                _init
 .init          0x0000000008000bf4        0x8 c:/st/stm32cubeide_1.10.1/stm32cubeide/plugins/com.st.stm32cube.ide.mcu.externaltools.gnu-tools-for-stm32.10.3-2021.10.win32_1.0.200.202301161003/tools/bin/../lib/gcc/arm-none-eabi/10.3.1/thumb/v7-m/nofp/crtn.o
 *(.fini)
 .fini          0x0000000008000bfc        0x4 c:/st/stm32cubeide_1.10.1/stm32cubeide/plugins/com.st.stm32cube.ide.mcu.externaltools.gnu-tools-for-stm32.10.3-2021.10.win32_1.0.200.202301161003/tools/bin/../lib/gcc/arm-none-eabi/10.3.1/thumb/v7-m/nofp/crti.o
                0x0000000008000bfc                _fini
 .fini          0x0000000008000c00        0x8 c:/st/stm32cubeide_1.10.1/stm32cubeide/plugins/com.st.stm32cube.ide.mcu.externaltools.gnu-tools-for-stm32.10.3-2021.10.win32_1.0.200.202301161003/tools/bin/../lib/gcc/arm-none-eabi/10.3.1/thumb/v7-m/nofp/crtn.o
                0x0000000008000c08                . = ALIGN (0x4)
                0x0000000008000c08                _etext = .

.vfp11_veneer   0x0000000008000c08        0x0
 .vfp11_veneer  0x0000000008000c08        0x0 linker stubs

.v4_bx          0x0000000008000c08        0x0
 .v4_bx         0x0000000008000c08        0x0 linker stubs

.iplt           0x0000000008000c08        0x0
 .iplt          0x0000000008000c08        0x0 c:/st/stm32cubeide_1.10.1/stm32cubeide/plugins/com.st.stm32cube.ide.mcu.externaltools.gnu-tools-for-stm32.10.3-2021.10.win32_1.0.200.202301161003/tools/bin/../lib/gcc/arm-none-eabi/10.3.1/thumb/v7-m/nofp/crtbegin.o

.rodata         0x0000000008000c08       0x18
                0x0000000008000c08                . = ALIGN (0x4)
 *(.rodata)
 .rodata        0x0000000008000c08       0x18 ./Src/main2.o
 *(.rodata*)
                0x0000000008000c20                . = ALIGN (0x4)

.rel.dyn        0x0000000008000c20        0x0
 .rel.iplt      0x0000000008000c20        0x0 c:/st/stm32cubeide_1.10.1/stm32cubeide/plugins/com.st.stm32cube.ide.mcu.externaltools.gnu-tools-for-stm32.10.3-2021.10.win32_1.0.200.202301161003/tools/bin/../lib/gcc/arm-none-eabi/10.3.1/thumb/v7-m/nofp/crtbegin.o

.ARM.extab      0x0000000008000c20        0x0
                0x0000000008000c20                . = ALIGN (0x4)
 *(.ARM.extab* .gnu.linkonce.armextab.*)
                0x0000000008000c20                . = ALIGN (0x4)

.ARM            0x0000000008000c20        0x0
                0x0000000008000c20                . = ALIGN (0x4)
                0x0000000008000c20                __exidx_start = .
 *(.ARM.exidx*)
                0x0000000008000c20                __exidx_end = .
                0x0000000008000c20                . = ALIGN (0x4)

.preinit_array  0x0000000008000c20        0x0
                0x0000000008000c20                . = ALIGN (0x4)
                0x0000000008000c20                PROVIDE (__preinit_array_start = .)
 *(.preinit_array*)
                0x0000000008000c20                PROVIDE (__preinit_array_end = .)
                0x0000000008000c20                . = ALIGN (0x4)

.init_array     0x0000000008000c20        0x4
                0x0000000008000c20                . = ALIGN (0x4)
                0x0000000008000c20                PROVIDE (__init_array_start = .)
 *(SORT_BY_NAME(.init_array.*))
 *(.init_array*)
 .init_array    0x0000000008000c20        0x4 c:/st/stm32cubeide_1.10.1/stm32cubeide/plugins/com.st.stm32cube.ide.mcu.externaltools.gnu-tools-for-stm32.10.3-2021.10.win32_1.0.200.202301161003/tools/bin/../lib/gcc/arm-none-eabi/10.3.1/thumb/v7-m/nofp/crtbegin.o
                0x0000000008000c24                PROVIDE (__init_array_end = .)
                0x0000000008000c24                . = ALIGN (0x4)

.fini_array     0x0000000008000c24        0x4
                0x0000000008000c24                . = ALIGN (0x4)
                [!provide]                        PROVIDE (__fini_array_start = .)
 *(SORT_BY_NAME(.fini_array.*))
 *(.fini_array*)
 .fini_array    0x0000000008000c24        0x4 c:/st/stm32cubeide_1.10.1/stm32cubeide/plugins/com.st.stm32cube.ide.mcu.externaltools.gnu-tools-for-stm32.10.3-2021.10.win32_1.0.200.202301161003/tools/bin/../lib/gcc/arm-none-eabi/10.3.1/thumb/v7-m/nofp/crtbegin.o
                [!provide]                        PROVIDE (__fini_array_end = .)
                0x0000000008000c28                . = ALIGN (0x4)
                0x0000000008000c28                _sidata = LOADADDR (.data)

.data           0x0000000020000000       0x90 load address 0x0000000008000c28
                0x0000000020000000                . = ALIGN (0x4)
                0x0000000020000000                _sdata = .
 *(.data)
 *(.data*)
 .data.rb       0x0000000020000000       0x90 ./Src/main2.o
                0x0000000020000000                rb
 *(.RamFunc)
 *(.RamFunc*)
                0x0000000020000090                . = ALIGN (0x4)
                0x0000000020000090                _edata = .

.igot.plt       0x0000000020000090        0x0 load address 0x0000000008000cb8
 .igot.plt      0x0000000020000090        0x0 c:/st/stm32cubeide_1.10.1/stm32cubeide/plugins/com.st.stm32cube.ide.mcu.externaltools.gnu-tools-for-stm32.10.3-2021.10.win32_1.0.200.202301161003/tools/bin/../lib/gcc/arm-none-eabi/10.3.1/thumb/v7-m/nofp/crtbegin.o
                0x0000000020000090                . = ALIGN (0x4)

.bss            0x0000000020000090       0xac load address 0x0000000008000cb8
                0x0000000020000090                _sbss = .
                0x0000000020000090                __bss_start__ = _sbss
 *(.bss)
 .bss           0x0000000020000090       0x1c c:/st/stm32cubeide_1.10.1/stm32cubeide/plugins/com.st.stm32cube.ide.mcu.externaltools.gnu-tools-for-stm32.10.3-2021.10.win32_1.0.200.202301161003/tools/bin/../lib/gcc/arm-none-eabi/10.3.1/thumb/v7-m/nofp/crtbegin.o
 *(.bss*)
 .bss.UARTptrToFunction
                0x00000000200000ac        0x4 ./Src/Stm32F103_USART.o
                0x00000000200000ac                UARTptrToFunction
 .bss.Buf       0x00000000200000b0        0x1 ./Src/main2.o
                0x00000000200000b0                Buf
 *fill*         0x00000000200000b1        0x3 
 .bss.rb_buf    0x00000000200000b4       0x81 ./Src/main2.o
                0x00000000200000b4                rb_buf
 *fill*         0x0000000020000135        0x1 
 .bss.count     0x0000000020000136        0x2 ./Src/main2.o
                0x0000000020000136                count
 .bss.read      0x0000000020000138        0x1 ./Src/main2.o
                0x0000000020000138                read
 *(COMMON)
                0x000000002000013c                . = ALIGN (0x4)
 *fill*         0x0000000020000139        0x3 
                0x000000002000013c                _ebss = .
                0x000000002000013c                __bss_end__ = _ebss

._user_heap_stack
                0x000000002000013c      0x604 load address 0x0000000008000cb8
                0x0000000020000140                . = ALIGN (0x8)
 *fill*         0x000000002000013c        0x4 
                [!provide]                        PROVIDE (end = .)
                0x0000000020000140                PROVIDE (_end = .)
                0x0000000020000340                . = (. + _Min_Heap_Size)
 *fill*         0x0000000020000140      0x200 
                0x0000000020000740                . = (. + _Min_Stack_Size)
 *fill*         0x0000000020000340      0x400 
                0x0000000020000740                . = ALIGN (0x8)

/DISCARD/
 libc.a(*)
 libm.a(*)
 libgcc.a(*)

.ARM.attributes
                0x0000000000000000       0x29
 *(.ARM.attributes)
 .ARM.attributes
                0x0000000000000000       0x1d c:/st/stm32cubeide_1.10.1/stm32cubeide/plugins/com.st.stm32cube.ide.mcu.externaltools.gnu-tools-for-stm32.10.3-2021.10.win32_1.0.200.202301161003/tools/bin/../lib/gcc/arm-none-eabi/10.3.1/thumb/v7-m/nofp/crti.o
 .ARM.attributes
                0x000000000000001d       0x2d c:/st/stm32cubeide_1.10.1/stm32cubeide/plugins/com.st.stm32cube.ide.mcu.externaltools.gnu-tools-for-stm32.10.3-2021.10.win32_1.0.200.202301161003/tools/bin/../lib/gcc/arm-none-eabi/10.3.1/thumb/v7-m/nofp/crtbegin.o
 .ARM.attributes
                0x000000000000004a       0x2d ./Src/Delay_Program.o
 .ARM.attributes
                0x0000000000000077       0x2d ./Src/Stm32F103_GPIO.o
 .ARM.attributes
                0x00000000000000a4       0x2d ./Src/Stm32F103_LCD.o
 .ARM.attributes
                0x00000000000000d1       0x2d ./Src/Stm32F103_NVIC.o
 .ARM.attributes
                0x00000000000000fe       0x2d ./Src/Stm32F103_USART.o
 .ARM.attributes
                0x000000000000012b       0x2d ./Src/main2.o
 .ARM.attributes
                0x0000000000000158       0x21 ./Startup/startup_stm32f103c8tx.o
 .ARM.attributes
                0x0000000000000179       0x2d c:/st/stm32cubeide_1.10.1/stm32cubeide/plugins/com.st.stm32cube.ide.mcu.externaltools.gnu-tools-for-stm32.10.3-2021.10.win32_1.0.200.202301161003/tools/bin/../lib/gcc/arm-none-eabi/10.3.1/../../../../arm-none-eabi/lib/thumb/v7-m/nofp\libc_nano.a(lib_a-init.o)
 .ARM.attributes
                0x00000000000001a6       0x1d c:/st/stm32cubeide_1.10.1/stm32cubeide/plugins/com.st.stm32cube.ide.mcu.externaltools.gnu-tools-for-stm32.10.3-2021.10.win32_1.0.200.202301161003/tools/bin/../lib/gcc/arm-none-eabi/10.3.1/thumb/v7-m/nofp/crtn.o
OUTPUT(EventBasedDemo01.elf elf32-littlearm)
LOAD linker stubs
LOAD c:/st/stm32cubeide_1.10.1/stm32cubeide/plugins/com.st.stm32cube.ide.mcu.externaltools.gnu-tools-for-stm32.10.3-2021.10.win32_1.0.200.202301161003/tools/bin/../lib/gcc/arm-none-eabi/10.3.1/../../../../arm-none-eabi/lib/thumb/v7-m/nofp\libc.a
LOAD c:/st/stm32cubeide_1.10.1/stm32cubeide/plugins/com.st.stm32cube.ide.mcu.externaltools.gnu-tools-for-stm32.10.3-2021.10.win32_1.0.200.202301161003/tools/bin/../lib/gcc/arm-none-eabi/10.3.1/../../../../arm-none-eabi/lib/thumb/v7-m/nofp\libm.a
LOAD c:/st/stm32cubeide_1.10.1/stm32cubeide/plugins/com.st.stm32cube.ide.mcu.externaltools.gnu-tools-for-stm32.10.3-2021.10.win32_1.0.200.202301161003/tools/bin/../lib/gcc/arm-none-eabi/10.3.1/thumb/v7-m/nofp\libgcc.a

.debug_info     0x0000000000000000     0x1551
 .debug_info    0x0000000000000000      0x105 ./Src/Delay_Program.o
 .debug_info    0x0000000000000105      0x528 ./Src/Stm32F103_GPIO.o
 .debug_info    0x000000000000062d      0x3c1 ./Src/Stm32F103_LCD.o
 .debug_info    0x00000000000009ee       0xbf ./Src/Stm32F103_NVIC.o
 .debug_info    0x0000000000000aad      0x419 ./Src/Stm32F103_USART.o
 .debug_info    0x0000000000000ec6      0x669 ./Src/main2.o
 .debug_info    0x000000000000152f       0x22 ./Startup/startup_stm32f103c8tx.o

.debug_abbrev   0x0000000000000000      0x72b
 .debug_abbrev  0x0000000000000000       0x90 ./Src/Delay_Program.o
 .debug_abbrev  0x0000000000000090      0x19c ./Src/Stm32F103_GPIO.o
 .debug_abbrev  0x000000000000022c      0x121 ./Src/Stm32F103_LCD.o
 .debug_abbrev  0x000000000000034d       0x5c ./Src/Stm32F103_NVIC.o
 .debug_abbrev  0x00000000000003a9      0x158 ./Src/Stm32F103_USART.o
 .debug_abbrev  0x0000000000000501      0x218 ./Src/main2.o
 .debug_abbrev  0x0000000000000719       0x12 ./Startup/startup_stm32f103c8tx.o

.debug_aranges  0x0000000000000000      0x1e0
 .debug_aranges
                0x0000000000000000       0x28 ./Src/Delay_Program.o
 .debug_aranges
                0x0000000000000028       0x70 ./Src/Stm32F103_GPIO.o
 .debug_aranges
                0x0000000000000098       0x50 ./Src/Stm32F103_LCD.o
 .debug_aranges
                0x00000000000000e8       0x20 ./Src/Stm32F103_NVIC.o
 .debug_aranges
                0x0000000000000108       0x58 ./Src/Stm32F103_USART.o
 .debug_aranges
                0x0000000000000160       0x58 ./Src/main2.o
 .debug_aranges
                0x00000000000001b8       0x28 ./Startup/startup_stm32f103c8tx.o

.debug_ranges   0x0000000000000000      0x178
 .debug_ranges  0x0000000000000000       0x18 ./Src/Delay_Program.o
 .debug_ranges  0x0000000000000018       0x60 ./Src/Stm32F103_GPIO.o
 .debug_ranges  0x0000000000000078       0x40 ./Src/Stm32F103_LCD.o
 .debug_ranges  0x00000000000000b8       0x10 ./Src/Stm32F103_NVIC.o
 .debug_ranges  0x00000000000000c8       0x48 ./Src/Stm32F103_USART.o
 .debug_ranges  0x0000000000000110       0x48 ./Src/main2.o
 .debug_ranges  0x0000000000000158       0x20 ./Startup/startup_stm32f103c8tx.o

.debug_macro    0x0000000000000000     0x14d9
 .debug_macro   0x0000000000000000       0x2d ./Src/Delay_Program.o
 .debug_macro   0x000000000000002d      0xa72 ./Src/Delay_Program.o
 .debug_macro   0x0000000000000a9f       0x16 ./Src/Delay_Program.o
 .debug_macro   0x0000000000000ab5       0x22 ./Src/Delay_Program.o
 .debug_macro   0x0000000000000ad7       0x41 ./Src/Stm32F103_GPIO.o
 .debug_macro   0x0000000000000b18       0xb8 ./Src/Stm32F103_GPIO.o
 .debug_macro   0x0000000000000bd0       0x5a ./Src/Stm32F103_LCD.o
 .debug_macro   0x0000000000000c2a       0x9a ./Src/Stm32F103_LCD.o
 .debug_macro   0x0000000000000cc4       0x33 ./Src/Stm32F103_NVIC.o
 .debug_macro   0x0000000000000cf7       0x3c ./Src/Stm32F103_USART.o
 .debug_macro   0x0000000000000d33      0x113 ./Src/Stm32F103_USART.o
 .debug_macro   0x0000000000000e46       0xe4 ./Src/main2.o
 .debug_macro   0x0000000000000f2a       0x22 ./Src/main2.o
 .debug_macro   0x0000000000000f4c       0x8e ./Src/main2.o
 .debug_macro   0x0000000000000fda       0x51 ./Src/main2.o
 .debug_macro   0x000000000000102b      0x103 ./Src/main2.o
 .debug_macro   0x000000000000112e       0x6a ./Src/main2.o
 .debug_macro   0x0000000000001198      0x1df ./Src/main2.o
 .debug_macro   0x0000000000001377       0xb8 ./Src/main2.o
 .debug_macro   0x000000000000142f       0x9a ./Src/main2.o
 .debug_macro   0x00000000000014c9       0x10 ./Src/main2.o

.debug_line     0x0000000000000000     0x1005
 .debug_line    0x0000000000000000      0x104 ./Src/Delay_Program.o
 .debug_line    0x0000000000000104      0x364 ./Src/Stm32F103_GPIO.o
 .debug_line    0x0000000000000468      0x21c ./Src/Stm32F103_LCD.o
 .debug_line    0x0000000000000684       0xcf ./Src/Stm32F103_NVIC.o
 .debug_line    0x0000000000000753      0x26a ./Src/Stm32F103_USART.o
 .debug_line    0x00000000000009bd      0x5c4 ./Src/main2.o
 .debug_line    0x0000000000000f81       0x84 ./Startup/startup_stm32f103c8tx.o

.debug_str      0x0000000000000000     0x6186
 .debug_str     0x0000000000000000     0x2e0c ./Src/Delay_Program.o
                                       0x2e83 (size before relaxing)
 .debug_str     0x0000000000002e0c     0x1aac ./Src/Stm32F103_GPIO.o
                                       0x48f7 (size before relaxing)
 .debug_str     0x00000000000048b8      0x388 ./Src/Stm32F103_LCD.o
                                       0x4aef (size before relaxing)
 .debug_str     0x0000000000004c40       0x53 ./Src/Stm32F103_NVIC.o
                                       0x4410 (size before relaxing)
 .debug_str     0x0000000000004c93      0x5ba ./Src/Stm32F103_USART.o
                                       0x49bc (size before relaxing)
 .debug_str     0x000000000000524d      0xf08 ./Src/main2.o
                                       0x5efc (size before relaxing)
 .debug_str     0x0000000000006155       0x31 ./Startup/startup_stm32f103c8tx.o
                                         0x69 (size before relaxing)

.comment        0x0000000000000000       0x50
 .comment       0x0000000000000000       0x50 ./Src/Delay_Program.o
                                         0x51 (size before relaxing)
 .comment       0x0000000000000050       0x51 ./Src/Stm32F103_GPIO.o
 .comment       0x0000000000000050       0x51 ./Src/Stm32F103_LCD.o
 .comment       0x0000000000000050       0x51 ./Src/Stm32F103_NVIC.o
 .comment       0x0000000000000050       0x51 ./Src/Stm32F103_USART.o
 .comment       0x0000000000000050       0x51 ./Src/main2.o

.debug_frame    0x0000000000000000      0x5f0
 .debug_frame   0x0000000000000000       0x60 ./Src/Delay_Program.o
 .debug_frame   0x0000000000000060      0x1c8 ./Src/Stm32F103_GPIO.o
 .debug_frame   0x0000000000000228      0x104 ./Src/Stm32F103_LCD.o
 .debug_frame   0x000000000000032c       0x38 ./Src/Stm32F103_NVIC.o
 .debug_frame   0x0000000000000364      0x140 ./Src/Stm32F103_USART.o
 .debug_frame   0x00000000000004a4      0x120 ./Src/main2.o
 .debug_frame   0x00000000000005c4       0x2c c:/st/stm32cubeide_1.10.1/stm32cubeide/plugins/com.st.stm32cube.ide.mcu.externaltools.gnu-tools-for-stm32.10.3-2021.10.win32_1.0.200.202301161003/tools/bin/../lib/gcc/arm-none-eabi/10.3.1/../../../../arm-none-eabi/lib/thumb/v7-m/nofp\libc_nano.a(lib_a-init.o)
