14:20:50 **** Incremental Build of configuration Debug for project EventBasedDemo01 ****
make -j8 all 
arm-none-eabi-gcc "../Src/main.c" -mcpu=cortex-m3 -std=gnu11 -g3 -DDEBUG -DSTM32 -DSTM32F1 -DSTM32F103C8Tx -c -I../Inc -O0 -ffunction-sections -fdata-sections -Wall -fstack-usage -fcyclomatic-complexity -MMD -MP -MF"Src/main.d" -MT"Src/main.o" --specs=nano.specs -mfloat-abi=soft -mthumb -o "Src/main.o"
arm-none-eabi-gcc -o "EventBasedDemo01.elf" @"objects.list"   -mcpu=cortex-m3 -T"D:\Mentorship\EventDrivenDemo_WS\EventBasedDemo01\STM32F103C8TX_FLASH.ld" --specs=nosys.specs -Wl,-Map="EventBasedDemo01.map" -Wl,--gc-sections -static --specs=nano.specs -mfloat-abi=soft -mthumb -Wl,--start-group -lc -lm -Wl,--end-group
Finished building target: EventBasedDemo01.elf
 
arm-none-eabi-size   EventBasedDemo01.elf 
arm-none-eabi-objdump -h -S  EventBasedDemo01.elf  > "EventBasedDemo01.list"
   text	   data	    bss	    dec	    hex	filename
   2532	      8	   1568	   4108	   100c	EventBasedDemo01.elf
Finished building: default.size.stdout
 
Finished building: EventBasedDemo01.list
 
14:21:51 **** Incremental Build of configuration Debug for project EventBasedDemo01 ****
make -j8 all 
arm-none-eabi-gcc "../Src/main.c" -mcpu=cortex-m3 -std=gnu11 -g3 -DDEBUG -DSTM32 -DSTM32F1 -DSTM32F103C8Tx -c -I../Inc -O0 -ffunction-sections -fdata-sections -Wall -fstack-usage -fcyclomatic-complexity -MMD -MP -MF"Src/main.d" -MT"Src/main.o" --specs=nano.specs -mfloat-abi=soft -mthumb -o "Src/main.o"
../Src/main.c: In function 'HandleEvent':
../Src/main.c:46:14: warning: statement with no effect [-Wunused-value]
   46 |    events[0] == '0';
      |    ~~~~~~~~~~^~~~~~
arm-none-eabi-gcc -o "EventBasedDemo01.elf" @"objects.list"   -mcpu=cortex-m3 -T"D:\Mentorship\EventDrivenDemo_WS\EventBasedDemo01\STM32F103C8TX_FLASH.ld" --specs=nosys.specs -Wl,-Map="EventBasedDemo01.map" -Wl,--gc-sections -static --specs=nano.specs -mfloat-abi=soft -mthumb -Wl,--start-group -lc -lm -Wl,--end-group
Finished building target: EventBasedDemo01.elf
 
arm-none-eabi-size   EventBasedDemo01.elf 
arm-none-eabi-objdump -h -S  EventBasedDemo01.elf  > "EventBasedDemo01.list"
   text	   data	    bss	    dec	    hex	filename
   2532	      8	   1568	   4108	   100c	EventBasedDemo01.elf
Finished building: default.size.stdout
 
Finished building: EventBasedDemo01.list
 
14:23:46 **** Incremental Build of configuration Debug for project EventBasedDemo01 ****
make -j8 all 
arm-none-eabi-gcc "../Src/main.c" -mcpu=cortex-m3 -std=gnu11 -g3 -DDEBUG -DSTM32 -DSTM32F1 -DSTM32F103C8Tx -c -I../Inc -O0 -ffunction-sections -fdata-sections -Wall -fstack-usage -fcyclomatic-complexity -MMD -MP -MF"Src/main.d" -MT"Src/main.o" --specs=nano.specs -mfloat-abi=soft -mthumb -o "Src/main.o"
arm-none-eabi-gcc -o "EventBasedDemo01.elf" @"objects.list"   -mcpu=cortex-m3 -T"D:\Mentorship\EventDrivenDemo_WS\EventBasedDemo01\STM32F103C8TX_FLASH.ld" --specs=nosys.specs -Wl,-Map="EventBasedDemo01.map" -Wl,--gc-sections -static --specs=nano.specs -mfloat-abi=soft -mthumb -Wl,--start-group -lc -lm -Wl,--end-group
Finished building target: EventBasedDemo01.elf
 
arm-none-eabi-size   EventBasedDemo01.elf 
arm-none-eabi-objdump -h -S  EventBasedDemo01.elf  > "EventBasedDemo01.list"
   text	   data	    bss	    dec	    hex	filename
   2532	      8	   1568	   4108	   100c	EventBasedDemo01.elf
Finished building: default.size.stdout
 
Finished building: EventBasedDemo01.list
 
14:24:20 **** Incremental Build of configuration Debug for project EventBasedDemo01 ****
make -j8 all 
arm-none-eabi-gcc "../Src/main.c" -mcpu=cortex-m3 -std=gnu11 -g3 -DDEBUG -DSTM32 -DSTM32F1 -DSTM32F103C8Tx -c -I../Inc -O0 -ffunction-sections -fdata-sections -Wall -fstack-usage -fcyclomatic-complexity -MMD -MP -MF"Src/main.d" -MT"Src/main.o" --specs=nano.specs -mfloat-abi=soft -mthumb -o "Src/main.o"
arm-none-eabi-gcc -o "EventBasedDemo01.elf" @"objects.list"   -mcpu=cortex-m3 -T"D:\Mentorship\EventDrivenDemo_WS\EventBasedDemo01\STM32F103C8TX_FLASH.ld" --specs=nosys.specs -Wl,-Map="EventBasedDemo01.map" -Wl,--gc-sections -static --specs=nano.specs -mfloat-abi=soft -mthumb -Wl,--start-group -lc -lm -Wl,--end-group
Finished building target: EventBasedDemo01.elf
 
arm-none-eabi-size   EventBasedDemo01.elf 
arm-none-eabi-objdump -h -S  EventBasedDemo01.elf  > "EventBasedDemo01.list"
   text	   data	    bss	    dec	    hex	filename
   2748	      8	   1568	   4324	   10e4	EventBasedDemo01.elf
Finished building: default.size.stdout
 
Finished building: EventBasedDemo01.list
 
14:37:45 **** Incremental Build of configuration Debug for project EventBasedDemo01 ****
make -j8 all 
arm-none-eabi-gcc "../Src/main.c" -mcpu=cortex-m3 -std=gnu11 -g3 -DDEBUG -DSTM32 -DSTM32F1 -DSTM32F103C8Tx -c -I../Inc -O0 -ffunction-sections -fdata-sections -Wall -fstack-usage -fcyclomatic-complexity -MMD -MP -MF"Src/main.d" -MT"Src/main.o" --specs=nano.specs -mfloat-abi=soft -mthumb -o "Src/main.o"
arm-none-eabi-gcc -o "EventBasedDemo01.elf" @"objects.list"   -mcpu=cortex-m3 -T"D:\Mentorship\EventDrivenDemo_WS\EventBasedDemo01\STM32F103C8TX_FLASH.ld" --specs=nosys.specs -Wl,-Map="EventBasedDemo01.map" -Wl,--gc-sections -static --specs=nano.specs -mfloat-abi=soft -mthumb -Wl,--start-group -lc -lm -Wl,--end-group
Finished building target: EventBasedDemo01.elf
 
arm-none-eabi-size   EventBasedDemo01.elf 
arm-none-eabi-objdump -h -S  EventBasedDemo01.elf  > "EventBasedDemo01.list"
   text	   data	    bss	    dec	    hex	filename
   2732	      8	   1568	   4308	   10d4	EventBasedDemo01.elf
Finished building: default.size.stdout
 
Finished building: EventBasedDemo01.list
 
14:38:50 **** Incremental Build of configuration Debug for project EventBasedDemo01 ****
make -j8 all 
arm-none-eabi-gcc "../Src/main.c" -mcpu=cortex-m3 -std=gnu11 -g3 -DDEBUG -DSTM32 -DSTM32F1 -DSTM32F103C8Tx -c -I../Inc -O0 -ffunction-sections -fdata-sections -Wall -fstack-usage -fcyclomatic-complexity -MMD -MP -MF"Src/main.d" -MT"Src/main.o" --specs=nano.specs -mfloat-abi=soft -mthumb -o "Src/main.o"
arm-none-eabi-gcc -o "EventBasedDemo01.elf" @"objects.list"   -mcpu=cortex-m3 -T"D:\Mentorship\EventDrivenDemo_WS\EventBasedDemo01\STM32F103C8TX_FLASH.ld" --specs=nosys.specs -Wl,-Map="EventBasedDemo01.map" -Wl,--gc-sections -static --specs=nano.specs -mfloat-abi=soft -mthumb -Wl,--start-group -lc -lm -Wl,--end-group
Finished building target: EventBasedDemo01.elf
 
arm-none-eabi-size   EventBasedDemo01.elf 
arm-none-eabi-objdump -h -S  EventBasedDemo01.elf  > "EventBasedDemo01.list"
   text	   data	    bss	    dec	    hex	filename
   2732	      8	   1568	   4308	   10d4	EventBasedDemo01.elf
Finished building: default.size.stdout
 
Finished building: EventBasedDemo01.list
 
14:38:59 **** Incremental Build of configuration Debug for project EventBasedDemo01 ****
make -j8 all 
arm-none-eabi-gcc "../Src/main.c" -mcpu=cortex-m3 -std=gnu11 -g3 -DDEBUG -DSTM32 -DSTM32F1 -DSTM32F103C8Tx -c -I../Inc -O0 -ffunction-sections -fdata-sections -Wall -fstack-usage -fcyclomatic-complexity -MMD -MP -MF"Src/main.d" -MT"Src/main.o" --specs=nano.specs -mfloat-abi=soft -mthumb -o "Src/main.o"
arm-none-eabi-gcc -o "EventBasedDemo01.elf" @"objects.list"   -mcpu=cortex-m3 -T"D:\Mentorship\EventDrivenDemo_WS\EventBasedDemo01\STM32F103C8TX_FLASH.ld" --specs=nosys.specs -Wl,-Map="EventBasedDemo01.map" -Wl,--gc-sections -static --specs=nano.specs -mfloat-abi=soft -mthumb -Wl,--start-group -lc -lm -Wl,--end-group
Finished building target: EventBasedDemo01.elf
 
arm-none-eabi-size   EventBasedDemo01.elf 
arm-none-eabi-objdump -h -S  EventBasedDemo01.elf  > "EventBasedDemo01.list"
   text	   data	    bss	    dec	    hex	filename
   2748	      8	   1568	   4324	   10e4	EventBasedDemo01.elf
Finished building: default.size.stdout
 
Finished building: EventBasedDemo01.list
 
14:39:04 **** Incremental Build of configuration Debug for project EventBasedDemo01 ****
make -j8 all 
arm-none-eabi-size   EventBasedDemo01.elf 
   text	   data	    bss	    dec	    hex	filename
   2748	      8	   1568	   4324	   10e4	EventBasedDemo01.elf
Finished building: default.size.stdout
 
14:39:38 **** Incremental Build of configuration Debug for project EventBasedDemo01 ****
make -j8 all 
arm-none-eabi-gcc "../Src/main.c" -mcpu=cortex-m3 -std=gnu11 -g3 -DDEBUG -DSTM32 -DSTM32F1 -DSTM32F103C8Tx -c -I../Inc -O0 -ffunction-sections -fdata-sections -Wall -fstack-usage -fcyclomatic-complexity -MMD -MP -MF"Src/main.d" -MT"Src/main.o" --specs=nano.specs -mfloat-abi=soft -mthumb -o "Src/main.o"
arm-none-eabi-gcc -o "EventBasedDemo01.elf" @"objects.list"   -mcpu=cortex-m3 -T"D:\Mentorship\EventDrivenDemo_WS\EventBasedDemo01\STM32F103C8TX_FLASH.ld" --specs=nosys.specs -Wl,-Map="EventBasedDemo01.map" -Wl,--gc-sections -static --specs=nano.specs -mfloat-abi=soft -mthumb -Wl,--start-group -lc -lm -Wl,--end-group
Finished building target: EventBasedDemo01.elf
 
arm-none-eabi-size   EventBasedDemo01.elf 
arm-none-eabi-objdump -h -S  EventBasedDemo01.elf  > "EventBasedDemo01.list"
   text	   data	    bss	    dec	    hex	filename
   2728	      8	   1568	   4304	   10d0	EventBasedDemo01.elf
Finished building: default.size.stdout
 
Finished building: EventBasedDemo01.list
 
14:40:13 **** Incremental Build of configuration Debug for project EventBasedDemo01 ****
make -j8 all 
arm-none-eabi-gcc "../Src/main.c" -mcpu=cortex-m3 -std=gnu11 -g3 -DDEBUG -DSTM32 -DSTM32F1 -DSTM32F103C8Tx -c -I../Inc -O0 -ffunction-sections -fdata-sections -Wall -fstack-usage -fcyclomatic-complexity -MMD -MP -MF"Src/main.d" -MT"Src/main.o" --specs=nano.specs -mfloat-abi=soft -mthumb -o "Src/main.o"
arm-none-eabi-gcc -o "EventBasedDemo01.elf" @"objects.list"   -mcpu=cortex-m3 -T"D:\Mentorship\EventDrivenDemo_WS\EventBasedDemo01\STM32F103C8TX_FLASH.ld" --specs=nosys.specs -Wl,-Map="EventBasedDemo01.map" -Wl,--gc-sections -static --specs=nano.specs -mfloat-abi=soft -mthumb -Wl,--start-group -lc -lm -Wl,--end-group
Finished building target: EventBasedDemo01.elf
 
arm-none-eabi-size   EventBasedDemo01.elf 
arm-none-eabi-objdump -h -S  EventBasedDemo01.elf  > "EventBasedDemo01.list"
   text	   data	    bss	    dec	    hex	filename
   2712	      8	   1568	   4288	   10c0	EventBasedDemo01.elf
Finished building: default.size.stdout
 
Finished building: EventBasedDemo01.list
 
14:44:15 **** Incremental Build of configuration Debug for project EventBasedDemo01 ****
make -j8 all 
arm-none-eabi-gcc "../Src/Stm32F103_GPIO.c" -mcpu=cortex-m3 -std=gnu11 -g3 -DDEBUG -DSTM32 -DSTM32F1 -DSTM32F103C8Tx -c -I../Inc -O0 -ffunction-sections -fdata-sections -Wall -fstack-usage -fcyclomatic-complexity -MMD -MP -MF"Src/Stm32F103_GPIO.d" -MT"Src/Stm32F103_GPIO.o" --specs=nano.specs -mfloat-abi=soft -mthumb -o "Src/Stm32F103_GPIO.o"
arm-none-eabi-gcc -o "EventBasedDemo01.elf" @"objects.list"   -mcpu=cortex-m3 -T"D:\Mentorship\EventDrivenDemo_WS\EventBasedDemo01\STM32F103C8TX_FLASH.ld" --specs=nosys.specs -Wl,-Map="EventBasedDemo01.map" -Wl,--gc-sections -static --specs=nano.specs -mfloat-abi=soft -mthumb -Wl,--start-group -lc -lm -Wl,--end-group
Finished building target: EventBasedDemo01.elf
 
arm-none-eabi-size   EventBasedDemo01.elf 
arm-none-eabi-objdump -h -S  EventBasedDemo01.elf  > "EventBasedDemo01.list"
   text	   data	    bss	    dec	    hex	filename
   2692	      8	   1568	   4268	   10ac	EventBasedDemo01.elf
Finished building: default.size.stdout
 
Finished building: EventBasedDemo01.list
 
14:45:09 **** Incremental Build of configuration Debug for project EventBasedDemo01 ****
make -j8 all 
arm-none-eabi-size   EventBasedDemo01.elf 
   text	   data	    bss	    dec	    hex	filename
   2692	      8	   1568	   4268	   10ac	EventBasedDemo01.elf
Finished building: default.size.stdout
 
14:45:56 **** Incremental Build of configuration Debug for project EventBasedDemo01 ****
make -j8 all 
arm-none-eabi-gcc "../Src/main.c" -mcpu=cortex-m3 -std=gnu11 -g3 -DDEBUG -DSTM32 -DSTM32F1 -DSTM32F103C8Tx -c -I../Inc -O0 -ffunction-sections -fdata-sections -Wall -fstack-usage -fcyclomatic-complexity -MMD -MP -MF"Src/main.d" -MT"Src/main.o" --specs=nano.specs -mfloat-abi=soft -mthumb -o "Src/main.o"
arm-none-eabi-gcc -o "EventBasedDemo01.elf" @"objects.list"   -mcpu=cortex-m3 -T"D:\Mentorship\EventDrivenDemo_WS\EventBasedDemo01\STM32F103C8TX_FLASH.ld" --specs=nosys.specs -Wl,-Map="EventBasedDemo01.map" -Wl,--gc-sections -static --specs=nano.specs -mfloat-abi=soft -mthumb -Wl,--start-group -lc -lm -Wl,--end-group
Finished building target: EventBasedDemo01.elf
 
arm-none-eabi-size   EventBasedDemo01.elf 
arm-none-eabi-objdump -h -S  EventBasedDemo01.elf  > "EventBasedDemo01.list"
   text	   data	    bss	    dec	    hex	filename
   2744	      8	   1568	   4320	   10e0	EventBasedDemo01.elf
Finished building: default.size.stdout
 
Finished building: EventBasedDemo01.list
 
14:48:06 **** Incremental Build of configuration Debug for project EventBasedDemo01 ****
make -j8 all 
arm-none-eabi-size   EventBasedDemo01.elf 
   text	   data	    bss	    dec	    hex	filename
   2744	      8	   1568	   4320	   10e0	EventBasedDemo01.elf
Finished building: default.size.stdout
 
14:49:04 **** Incremental Build of configuration Debug for project EventBasedDemo01 ****
make -j8 all 
arm-none-eabi-gcc "../Src/main.c" -mcpu=cortex-m3 -std=gnu11 -g3 -DDEBUG -DSTM32 -DSTM32F1 -DSTM32F103C8Tx -c -I../Inc -O0 -ffunction-sections -fdata-sections -Wall -fstack-usage -fcyclomatic-complexity -MMD -MP -MF"Src/main.d" -MT"Src/main.o" --specs=nano.specs -mfloat-abi=soft -mthumb -o "Src/main.o"
arm-none-eabi-gcc -o "EventBasedDemo01.elf" @"objects.list"   -mcpu=cortex-m3 -T"D:\Mentorship\EventDrivenDemo_WS\EventBasedDemo01\STM32F103C8TX_FLASH.ld" --specs=nosys.specs -Wl,-Map="EventBasedDemo01.map" -Wl,--gc-sections -static --specs=nano.specs -mfloat-abi=soft -mthumb -Wl,--start-group -lc -lm -Wl,--end-group
Finished building target: EventBasedDemo01.elf
 
arm-none-eabi-size   EventBasedDemo01.elf 
arm-none-eabi-objdump -h -S  EventBasedDemo01.elf  > "EventBasedDemo01.list"
   text	   data	    bss	    dec	    hex	filename
   2584	      8	   1568	   4160	   1040	EventBasedDemo01.elf
Finished building: default.size.stdout
 
Finished building: EventBasedDemo01.list
 
14:49:20 **** Incremental Build of configuration Debug for project EventBasedDemo01 ****
make -j8 all 
arm-none-eabi-gcc "../Src/main.c" -mcpu=cortex-m3 -std=gnu11 -g3 -DDEBUG -DSTM32 -DSTM32F1 -DSTM32F103C8Tx -c -I../Inc -O0 -ffunction-sections -fdata-sections -Wall -fstack-usage -fcyclomatic-complexity -MMD -MP -MF"Src/main.d" -MT"Src/main.o" --specs=nano.specs -mfloat-abi=soft -mthumb -o "Src/main.o"
arm-none-eabi-gcc -o "EventBasedDemo01.elf" @"objects.list"   -mcpu=cortex-m3 -T"D:\Mentorship\EventDrivenDemo_WS\EventBasedDemo01\STM32F103C8TX_FLASH.ld" --specs=nosys.specs -Wl,-Map="EventBasedDemo01.map" -Wl,--gc-sections -static --specs=nano.specs -mfloat-abi=soft -mthumb -Wl,--start-group -lc -lm -Wl,--end-group
Finished building target: EventBasedDemo01.elf
 
arm-none-eabi-size   EventBasedDemo01.elf 
arm-none-eabi-objdump -h -S  EventBasedDemo01.elf  > "EventBasedDemo01.list"
   text	   data	    bss	    dec	    hex	filename
   2480	      8	   1568	   4056	    fd8	EventBasedDemo01.elf
Finished building: default.size.stdout
 
Finished building: EventBasedDemo01.list
 
14:49:53 **** Incremental Build of configuration Debug for project EventBasedDemo01 ****
make -j8 all 
arm-none-eabi-gcc "../Src/main.c" -mcpu=cortex-m3 -std=gnu11 -g3 -DDEBUG -DSTM32 -DSTM32F1 -DSTM32F103C8Tx -c -I../Inc -O0 -ffunction-sections -fdata-sections -Wall -fstack-usage -fcyclomatic-complexity -MMD -MP -MF"Src/main.d" -MT"Src/main.o" --specs=nano.specs -mfloat-abi=soft -mthumb -o "Src/main.o"
arm-none-eabi-gcc -o "EventBasedDemo01.elf" @"objects.list"   -mcpu=cortex-m3 -T"D:\Mentorship\EventDrivenDemo_WS\EventBasedDemo01\STM32F103C8TX_FLASH.ld" --specs=nosys.specs -Wl,-Map="EventBasedDemo01.map" -Wl,--gc-sections -static --specs=nano.specs -mfloat-abi=soft -mthumb -Wl,--start-group -lc -lm -Wl,--end-group
Finished building target: EventBasedDemo01.elf
 
arm-none-eabi-size   EventBasedDemo01.elf 
arm-none-eabi-objdump -h -S  EventBasedDemo01.elf  > "EventBasedDemo01.list"
   text	   data	    bss	    dec	    hex	filename
   2480	      8	   1568	   4056	    fd8	EventBasedDemo01.elf
Finished building: default.size.stdout
 
Finished building: EventBasedDemo01.list
 
14:50:39 **** Incremental Build of configuration Debug for project EventBasedDemo01 ****
make -j8 all 
arm-none-eabi-gcc "../Src/main.c" -mcpu=cortex-m3 -std=gnu11 -g3 -DDEBUG -DSTM32 -DSTM32F1 -DSTM32F103C8Tx -c -I../Inc -O0 -ffunction-sections -fdata-sections -Wall -fstack-usage -fcyclomatic-complexity -MMD -MP -MF"Src/main.d" -MT"Src/main.o" --specs=nano.specs -mfloat-abi=soft -mthumb -o "Src/main.o"
arm-none-eabi-gcc -o "EventBasedDemo01.elf" @"objects.list"   -mcpu=cortex-m3 -T"D:\Mentorship\EventDrivenDemo_WS\EventBasedDemo01\STM32F103C8TX_FLASH.ld" --specs=nosys.specs -Wl,-Map="EventBasedDemo01.map" -Wl,--gc-sections -static --specs=nano.specs -mfloat-abi=soft -mthumb -Wl,--start-group -lc -lm -Wl,--end-group
Finished building target: EventBasedDemo01.elf
 
arm-none-eabi-size   EventBasedDemo01.elf 
arm-none-eabi-objdump -h -S  EventBasedDemo01.elf  > "EventBasedDemo01.list"
   text	   data	    bss	    dec	    hex	filename
   2512	      8	   1568	   4088	    ff8	EventBasedDemo01.elf
Finished building: default.size.stdout
 
Finished building: EventBasedDemo01.list
 
15:01:59 **** Incremental Build of configuration Debug for project EventBasedDemo01 ****
make -j8 all 
arm-none-eabi-gcc "../Src/main.c" -mcpu=cortex-m3 -std=gnu11 -g3 -DDEBUG -DSTM32 -DSTM32F1 -DSTM32F103C8Tx -c -I../Inc -O0 -ffunction-sections -fdata-sections -Wall -fstack-usage -fcyclomatic-complexity -MMD -MP -MF"Src/main.d" -MT"Src/main.o" --specs=nano.specs -mfloat-abi=soft -mthumb -o "Src/main.o"
arm-none-eabi-gcc -o "EventBasedDemo01.elf" @"objects.list"   -mcpu=cortex-m3 -T"D:\Mentorship\EventDrivenDemo_WS\EventBasedDemo01\STM32F103C8TX_FLASH.ld" --specs=nosys.specs -Wl,-Map="EventBasedDemo01.map" -Wl,--gc-sections -static --specs=nano.specs -mfloat-abi=soft -mthumb -Wl,--start-group -lc -lm -Wl,--end-group
Finished building target: EventBasedDemo01.elf
 
arm-none-eabi-size   EventBasedDemo01.elf 
arm-none-eabi-objdump -h -S  EventBasedDemo01.elf  > "EventBasedDemo01.list"
   text	   data	    bss	    dec	    hex	filename
   2512	      8	   1568	   4088	    ff8	EventBasedDemo01.elf
Finished building: default.size.stdout
 
Finished building: EventBasedDemo01.list
 
15:50:25 **** Incremental Build of configuration Debug for project EventBasedDemo01 ****
make -j8 all 
arm-none-eabi-gcc "../Src/Stm32F103_GPIO.c" -mcpu=cortex-m3 -std=gnu11 -g3 -DDEBUG -DSTM32 -DSTM32F1 -DSTM32F103C8Tx -c -I../Inc -O0 -ffunction-sections -fdata-sections -Wall -fstack-usage -fcyclomatic-complexity -MMD -MP -MF"Src/Stm32F103_GPIO.d" -MT"Src/Stm32F103_GPIO.o" --specs=nano.specs -mfloat-abi=soft -mthumb -o "Src/Stm32F103_GPIO.o"
arm-none-eabi-gcc "../Src/main.c" -mcpu=cortex-m3 -std=gnu11 -g3 -DDEBUG -DSTM32 -DSTM32F1 -DSTM32F103C8Tx -c -I../Inc -O0 -ffunction-sections -fdata-sections -Wall -fstack-usage -fcyclomatic-complexity -MMD -MP -MF"Src/main.d" -MT"Src/main.o" --specs=nano.specs -mfloat-abi=soft -mthumb -o "Src/main.o"
arm-none-eabi-gcc -o "EventBasedDemo01.elf" @"objects.list"   -mcpu=cortex-m3 -T"D:\Mentorship\EventDrivenDemo_WS\EventBasedDemo01\STM32F103C8TX_FLASH.ld" --specs=nosys.specs -Wl,-Map="EventBasedDemo01.map" -Wl,--gc-sections -static --specs=nano.specs -mfloat-abi=soft -mthumb -Wl,--start-group -lc -lm -Wl,--end-group
Finished building target: EventBasedDemo01.elf
 
arm-none-eabi-size   EventBasedDemo01.elf 
arm-none-eabi-objdump -h -S  EventBasedDemo01.elf  > "EventBasedDemo01.list"
   text	   data	    bss	    dec	    hex	filename
   2404	      8	   1568	   3980	    f8c	EventBasedDemo01.elf
Finished building: default.size.stdout
 
Finished building: EventBasedDemo01.list
 
15:57:38 **** Incremental Build of configuration Debug for project EventBasedDemo01 ****
make -j8 all 
arm-none-eabi-gcc "../Src/main.c" -mcpu=cortex-m3 -std=gnu11 -g3 -DDEBUG -DSTM32 -DSTM32F1 -DSTM32F103C8Tx -c -I../Inc -O0 -ffunction-sections -fdata-sections -Wall -fstack-usage -fcyclomatic-complexity -MMD -MP -MF"Src/main.d" -MT"Src/main.o" --specs=nano.specs -mfloat-abi=soft -mthumb -o "Src/main.o"
../Src/main.c:139:1: error: expected identifier or '(' before '}' token
  139 | }
      | ^
make: *** [Src/subdir.mk:49: Src/main.o] Error 1
"make -j8 all" terminated with exit code 2. Build might be incomplete.
15:57:48 **** Incremental Build of configuration Debug for project EventBasedDemo01 ****
make -j8 all 
arm-none-eabi-gcc "../Src/main.c" -mcpu=cortex-m3 -std=gnu11 -g3 -DDEBUG -DSTM32 -DSTM32F1 -DSTM32F103C8Tx -c -I../Inc -O0 -ffunction-sections -fdata-sections -Wall -fstack-usage -fcyclomatic-complexity -MMD -MP -MF"Src/main.d" -MT"Src/main.o" --specs=nano.specs -mfloat-abi=soft -mthumb -o "Src/main.o"
arm-none-eabi-gcc -o "EventBasedDemo01.elf" @"objects.list"   -mcpu=cortex-m3 -T"D:\Mentorship\EventDrivenDemo_WS\EventBasedDemo01\STM32F103C8TX_FLASH.ld" --specs=nosys.specs -Wl,-Map="EventBasedDemo01.map" -Wl,--gc-sections -static --specs=nano.specs -mfloat-abi=soft -mthumb -Wl,--start-group -lc -lm -Wl,--end-group
Finished building target: EventBasedDemo01.elf
 
arm-none-eabi-size   EventBasedDemo01.elf 
arm-none-eabi-objdump -h -S  EventBasedDemo01.elf  > "EventBasedDemo01.list"
   text	   data	    bss	    dec	    hex	filename
   2388	      8	   1568	   3964	    f7c	EventBasedDemo01.elf
Finished building: default.size.stdout
 
Finished building: EventBasedDemo01.list
 
15:59:37 **** Incremental Build of configuration Debug for project EventBasedDemo01 ****
make -j8 all 
arm-none-eabi-gcc "../Src/main.c" -mcpu=cortex-m3 -std=gnu11 -g3 -DDEBUG -DSTM32 -DSTM32F1 -DSTM32F103C8Tx -c -I../Inc -O0 -ffunction-sections -fdata-sections -Wall -fstack-usage -fcyclomatic-complexity -MMD -MP -MF"Src/main.d" -MT"Src/main.o" --specs=nano.specs -mfloat-abi=soft -mthumb -o "Src/main.o"
arm-none-eabi-gcc -o "EventBasedDemo01.elf" @"objects.list"   -mcpu=cortex-m3 -T"D:\Mentorship\EventDrivenDemo_WS\EventBasedDemo01\STM32F103C8TX_FLASH.ld" --specs=nosys.specs -Wl,-Map="EventBasedDemo01.map" -Wl,--gc-sections -static --specs=nano.specs -mfloat-abi=soft -mthumb -Wl,--start-group -lc -lm -Wl,--end-group
Finished building target: EventBasedDemo01.elf
 
arm-none-eabi-size   EventBasedDemo01.elf 
arm-none-eabi-objdump -h -S  EventBasedDemo01.elf  > "EventBasedDemo01.list"
   text	   data	    bss	    dec	    hex	filename
   2472	      8	   1568	   4048	    fd0	EventBasedDemo01.elf
Finished building: default.size.stdout
 
Finished building: EventBasedDemo01.list
 
15:59:42 **** Incremental Build of configuration Debug for project EventBasedDemo01 ****
make -j8 all 
arm-none-eabi-gcc "../Src/main.c" -mcpu=cortex-m3 -std=gnu11 -g3 -DDEBUG -DSTM32 -DSTM32F1 -DSTM32F103C8Tx -c -I../Inc -O0 -ffunction-sections -fdata-sections -Wall -fstack-usage -fcyclomatic-complexity -MMD -MP -MF"Src/main.d" -MT"Src/main.o" --specs=nano.specs -mfloat-abi=soft -mthumb -o "Src/main.o"
arm-none-eabi-gcc -o "EventBasedDemo01.elf" @"objects.list"   -mcpu=cortex-m3 -T"D:\Mentorship\EventDrivenDemo_WS\EventBasedDemo01\STM32F103C8TX_FLASH.ld" --specs=nosys.specs -Wl,-Map="EventBasedDemo01.map" -Wl,--gc-sections -static --specs=nano.specs -mfloat-abi=soft -mthumb -Wl,--start-group -lc -lm -Wl,--end-group
Finished building target: EventBasedDemo01.elf
 
arm-none-eabi-size   EventBasedDemo01.elf 
arm-none-eabi-objdump -h -S  EventBasedDemo01.elf  > "EventBasedDemo01.list"
   text	   data	    bss	    dec	    hex	filename
   2476	      8	   1568	   4052	    fd4	EventBasedDemo01.elf
Finished building: default.size.stdout
 
Finished building: EventBasedDemo01.list
 
16:03:15 **** Incremental Build of configuration Debug for project EventBasedDemo01 ****
make -j8 all 
arm-none-eabi-gcc "../Src/main.c" -mcpu=cortex-m3 -std=gnu11 -g3 -DDEBUG -DSTM32 -DSTM32F1 -DSTM32F103C8Tx -c -I../Inc -O0 -ffunction-sections -fdata-sections -Wall -fstack-usage -fcyclomatic-complexity -MMD -MP -MF"Src/main.d" -MT"Src/main.o" --specs=nano.specs -mfloat-abi=soft -mthumb -o "Src/main.o"
arm-none-eabi-gcc -o "EventBasedDemo01.elf" @"objects.list"   -mcpu=cortex-m3 -T"D:\Mentorship\EventDrivenDemo_WS\EventBasedDemo01\STM32F103C8TX_FLASH.ld" --specs=nosys.specs -Wl,-Map="EventBasedDemo01.map" -Wl,--gc-sections -static --specs=nano.specs -mfloat-abi=soft -mthumb -Wl,--start-group -lc -lm -Wl,--end-group
Finished building target: EventBasedDemo01.elf
 
arm-none-eabi-size   EventBasedDemo01.elf 
arm-none-eabi-objdump -h -S  EventBasedDemo01.elf  > "EventBasedDemo01.list"
   text	   data	    bss	    dec	    hex	filename
   2448	      8	   1568	   4024	    fb8	EventBasedDemo01.elf
Finished building: default.size.stdout
 
Finished building: EventBasedDemo01.list
 
16:13:15 **** Incremental Build of configuration Debug for project EventBasedDemo01 ****
make -j8 all 
arm-none-eabi-size   EventBasedDemo01.elf 
   text	   data	    bss	    dec	    hex	filename
   2448	      8	   1568	   4024	    fb8	EventBasedDemo01.elf
Finished building: default.size.stdout
 
16:14:53 **** Incremental Build of configuration Debug for project EventBasedDemo01 ****
make -j8 all 
arm-none-eabi-gcc "../Src/main.c" -mcpu=cortex-m3 -std=gnu11 -g3 -DDEBUG -DSTM32 -DSTM32F1 -DSTM32F103C8Tx -c -I../Inc -O0 -ffunction-sections -fdata-sections -Wall -fstack-usage -fcyclomatic-complexity -MMD -MP -MF"Src/main.d" -MT"Src/main.o" --specs=nano.specs -mfloat-abi=soft -mthumb -o "Src/main.o"
../Src/main.c: In function 'EXTI15_10_IRQHandler':
../Src/main.c:132:24: warning: suggest parentheses around comparison in operand of '&' [-Wparentheses]
  132 |  if( (MEXTI->PR >> 10) & 0x1 == 1) {
      |                        ^
arm-none-eabi-gcc -o "EventBasedDemo01.elf" @"objects.list"   -mcpu=cortex-m3 -T"D:\Mentorship\EventDrivenDemo_WS\EventBasedDemo01\STM32F103C8TX_FLASH.ld" --specs=nosys.specs -Wl,-Map="EventBasedDemo01.map" -Wl,--gc-sections -static --specs=nano.specs -mfloat-abi=soft -mthumb -Wl,--start-group -lc -lm -Wl,--end-group
Finished building target: EventBasedDemo01.elf
 
arm-none-eabi-size   EventBasedDemo01.elf 
arm-none-eabi-objdump -h -S  EventBasedDemo01.elf  > "EventBasedDemo01.list"
   text	   data	    bss	    dec	    hex	filename
   2448	      8	   1568	   4024	    fb8	EventBasedDemo01.elf
Finished building: default.size.stdout
 
Finished building: EventBasedDemo01.list
 
16:15:08 **** Incremental Build of configuration Debug for project EventBasedDemo01 ****
make -j8 all 
arm-none-eabi-gcc "../Src/main.c" -mcpu=cortex-m3 -std=gnu11 -g3 -DDEBUG -DSTM32 -DSTM32F1 -DSTM32F103C8Tx -c -I../Inc -O0 -ffunction-sections -fdata-sections -Wall -fstack-usage -fcyclomatic-complexity -MMD -MP -MF"Src/main.d" -MT"Src/main.o" --specs=nano.specs -mfloat-abi=soft -mthumb -o "Src/main.o"
arm-none-eabi-gcc -o "EventBasedDemo01.elf" @"objects.list"   -mcpu=cortex-m3 -T"D:\Mentorship\EventDrivenDemo_WS\EventBasedDemo01\STM32F103C8TX_FLASH.ld" --specs=nosys.specs -Wl,-Map="EventBasedDemo01.map" -Wl,--gc-sections -static --specs=nano.specs -mfloat-abi=soft -mthumb -Wl,--start-group -lc -lm -Wl,--end-group
Finished building target: EventBasedDemo01.elf
 
arm-none-eabi-size   EventBasedDemo01.elf 
arm-none-eabi-objdump -h -S  EventBasedDemo01.elf  > "EventBasedDemo01.list"
   text	   data	    bss	    dec	    hex	filename
   2448	      8	   1568	   4024	    fb8	EventBasedDemo01.elf
Finished building: default.size.stdout
 
Finished building: EventBasedDemo01.list
 
16:17:30 **** Incremental Build of configuration Debug for project EventBasedDemo01 ****
make -j8 all 
arm-none-eabi-gcc "../Src/main.c" -mcpu=cortex-m3 -std=gnu11 -g3 -DDEBUG -DSTM32 -DSTM32F1 -DSTM32F103C8Tx -c -I../Inc -O0 -ffunction-sections -fdata-sections -Wall -fstack-usage -fcyclomatic-complexity -MMD -MP -MF"Src/main.d" -MT"Src/main.o" --specs=nano.specs -mfloat-abi=soft -mthumb -o "Src/main.o"
arm-none-eabi-gcc -o "EventBasedDemo01.elf" @"objects.list"   -mcpu=cortex-m3 -T"D:\Mentorship\EventDrivenDemo_WS\EventBasedDemo01\STM32F103C8TX_FLASH.ld" --specs=nosys.specs -Wl,-Map="EventBasedDemo01.map" -Wl,--gc-sections -static --specs=nano.specs -mfloat-abi=soft -mthumb -Wl,--start-group -lc -lm -Wl,--end-group
Finished building target: EventBasedDemo01.elf
 
arm-none-eabi-size   EventBasedDemo01.elf 
arm-none-eabi-objdump -h -S  EventBasedDemo01.elf  > "EventBasedDemo01.list"
   text	   data	    bss	    dec	    hex	filename
   2388	      8	   1568	   3964	    f7c	EventBasedDemo01.elf
Finished building: default.size.stdout
 
Finished building: EventBasedDemo01.list
 
16:18:15 **** Incremental Build of configuration Debug for project EventBasedDemo01 ****
make -j8 all 
arm-none-eabi-gcc "../Src/main.c" -mcpu=cortex-m3 -std=gnu11 -g3 -DDEBUG -DSTM32 -DSTM32F1 -DSTM32F103C8Tx -c -I../Inc -O0 -ffunction-sections -fdata-sections -Wall -fstack-usage -fcyclomatic-complexity -MMD -MP -MF"Src/main.d" -MT"Src/main.o" --specs=nano.specs -mfloat-abi=soft -mthumb -o "Src/main.o"
arm-none-eabi-gcc -o "EventBasedDemo01.elf" @"objects.list"   -mcpu=cortex-m3 -T"D:\Mentorship\EventDrivenDemo_WS\EventBasedDemo01\STM32F103C8TX_FLASH.ld" --specs=nosys.specs -Wl,-Map="EventBasedDemo01.map" -Wl,--gc-sections -static --specs=nano.specs -mfloat-abi=soft -mthumb -Wl,--start-group -lc -lm -Wl,--end-group
Finished building target: EventBasedDemo01.elf
 
arm-none-eabi-size   EventBasedDemo01.elf 
arm-none-eabi-objdump -h -S  EventBasedDemo01.elf  > "EventBasedDemo01.list"
   text	   data	    bss	    dec	    hex	filename
   2388	      8	   1568	   3964	    f7c	EventBasedDemo01.elf
Finished building: default.size.stdout
 
Finished building: EventBasedDemo01.list
 
16:21:11 **** Incremental Build of configuration Debug for project EventBasedDemo01 ****
make -j8 all 
arm-none-eabi-gcc "../Src/main.c" -mcpu=cortex-m3 -std=gnu11 -g3 -DDEBUG -DSTM32 -DSTM32F1 -DSTM32F103C8Tx -c -I../Inc -O0 -ffunction-sections -fdata-sections -Wall -fstack-usage -fcyclomatic-complexity -MMD -MP -MF"Src/main.d" -MT"Src/main.o" --specs=nano.specs -mfloat-abi=soft -mthumb -o "Src/main.o"
arm-none-eabi-gcc -o "EventBasedDemo01.elf" @"objects.list"   -mcpu=cortex-m3 -T"D:\Mentorship\EventDrivenDemo_WS\EventBasedDemo01\STM32F103C8TX_FLASH.ld" --specs=nosys.specs -Wl,-Map="EventBasedDemo01.map" -Wl,--gc-sections -static --specs=nano.specs -mfloat-abi=soft -mthumb -Wl,--start-group -lc -lm -Wl,--end-group
Finished building target: EventBasedDemo01.elf
 
arm-none-eabi-size   EventBasedDemo01.elf 
arm-none-eabi-objdump -h -S  EventBasedDemo01.elf  > "EventBasedDemo01.list"
   text	   data	    bss	    dec	    hex	filename
   1744	      8	   1568	   3320	    cf8	EventBasedDemo01.elf
Finished building: default.size.stdout
 
Finished building: EventBasedDemo01.list
 
16:21:56 **** Incremental Build of configuration Debug for project EventBasedDemo01 ****
make -j8 all 
arm-none-eabi-gcc "../Src/main.c" -mcpu=cortex-m3 -std=gnu11 -g3 -DDEBUG -DSTM32 -DSTM32F1 -DSTM32F103C8Tx -c -I../Inc -O0 -ffunction-sections -fdata-sections -Wall -fstack-usage -fcyclomatic-complexity -MMD -MP -MF"Src/main.d" -MT"Src/main.o" --specs=nano.specs -mfloat-abi=soft -mthumb -o "Src/main.o"
arm-none-eabi-gcc -o "EventBasedDemo01.elf" @"objects.list"   -mcpu=cortex-m3 -T"D:\Mentorship\EventDrivenDemo_WS\EventBasedDemo01\STM32F103C8TX_FLASH.ld" --specs=nosys.specs -Wl,-Map="EventBasedDemo01.map" -Wl,--gc-sections -static --specs=nano.specs -mfloat-abi=soft -mthumb -Wl,--start-group -lc -lm -Wl,--end-group
Finished building target: EventBasedDemo01.elf
 
arm-none-eabi-size   EventBasedDemo01.elf 
arm-none-eabi-objdump -h -S  EventBasedDemo01.elf  > "EventBasedDemo01.list"
   text	   data	    bss	    dec	    hex	filename
   1732	      8	   1568	   3308	    cec	EventBasedDemo01.elf
Finished building: default.size.stdout
 
Finished building: EventBasedDemo01.list
 
16:30:15 **** Incremental Build of configuration Debug for project EventBasedDemo01 ****
make -j8 all 
arm-none-eabi-gcc "../Src/Stm32F103_AFIO.c" -mcpu=cortex-m3 -std=gnu11 -g3 -DDEBUG -DSTM32 -DSTM32F1 -DSTM32F103C8Tx -c -I../Inc -O0 -ffunction-sections -fdata-sections -Wall -fstack-usage -fcyclomatic-complexity -MMD -MP -MF"Src/Stm32F103_AFIO.d" -MT"Src/Stm32F103_AFIO.o" --specs=nano.specs -mfloat-abi=soft -mthumb -o "Src/Stm32F103_AFIO.o"
arm-none-eabi-gcc "../Src/Stm32F103_GPIO.c" -mcpu=cortex-m3 -std=gnu11 -g3 -DDEBUG -DSTM32 -DSTM32F1 -DSTM32F103C8Tx -c -I../Inc -O0 -ffunction-sections -fdata-sections -Wall -fstack-usage -fcyclomatic-complexity -MMD -MP -MF"Src/Stm32F103_GPIO.d" -MT"Src/Stm32F103_GPIO.o" --specs=nano.specs -mfloat-abi=soft -mthumb -o "Src/Stm32F103_GPIO.o"
arm-none-eabi-gcc "../Src/main.c" -mcpu=cortex-m3 -std=gnu11 -g3 -DDEBUG -DSTM32 -DSTM32F1 -DSTM32F103C8Tx -c -I../Inc -O0 -ffunction-sections -fdata-sections -Wall -fstack-usage -fcyclomatic-complexity -MMD -MP -MF"Src/main.d" -MT"Src/main.o" --specs=nano.specs -mfloat-abi=soft -mthumb -o "Src/main.o"
arm-none-eabi-gcc -o "EventBasedDemo01.elf" @"objects.list"   -mcpu=cortex-m3 -T"D:\Mentorship\EventDrivenDemo_WS\EventBasedDemo01\STM32F103C8TX_FLASH.ld" --specs=nosys.specs -Wl,-Map="EventBasedDemo01.map" -Wl,--gc-sections -static --specs=nano.specs -mfloat-abi=soft -mthumb -Wl,--start-group -lc -lm -Wl,--end-group
Finished building target: EventBasedDemo01.elf
 
arm-none-eabi-size   EventBasedDemo01.elf 
arm-none-eabi-objdump -h -S  EventBasedDemo01.elf  > "EventBasedDemo01.list"
   text	   data	    bss	    dec	    hex	filename
   1720	      8	   1568	   3296	    ce0	EventBasedDemo01.elf
Finished building: default.size.stdout
 
Finished building: EventBasedDemo01.list
 
16:35:35 **** Incremental Build of configuration Debug for project EventBasedDemo01 ****
make -j8 all 
arm-none-eabi-size   EventBasedDemo01.elf 
   text	   data	    bss	    dec	    hex	filename
   1720	      8	   1568	   3296	    ce0	EventBasedDemo01.elf
Finished building: default.size.stdout
 
16:38:17 **** Incremental Build of configuration Debug for project EventBasedDemo01 ****
make -j8 all 
arm-none-eabi-gcc "../Src/main.c" -mcpu=cortex-m3 -std=gnu11 -g3 -DDEBUG -DSTM32 -DSTM32F1 -DSTM32F103C8Tx -c -I../Inc -O0 -ffunction-sections -fdata-sections -Wall -fstack-usage -fcyclomatic-complexity -MMD -MP -MF"Src/main.d" -MT"Src/main.o" --specs=nano.specs -mfloat-abi=soft -mthumb -o "Src/main.o"
arm-none-eabi-gcc -o "EventBasedDemo01.elf" @"objects.list"   -mcpu=cortex-m3 -T"D:\Mentorship\EventDrivenDemo_WS\EventBasedDemo01\STM32F103C8TX_FLASH.ld" --specs=nosys.specs -Wl,-Map="EventBasedDemo01.map" -Wl,--gc-sections -static --specs=nano.specs -mfloat-abi=soft -mthumb -Wl,--start-group -lc -lm -Wl,--end-group
Finished building target: EventBasedDemo01.elf
 
arm-none-eabi-size   EventBasedDemo01.elf 
arm-none-eabi-objdump -h -S  EventBasedDemo01.elf  > "EventBasedDemo01.list"
   text	   data	    bss	    dec	    hex	filename
   1592	      8	   1568	   3168	    c60	EventBasedDemo01.elf
Finished building: default.size.stdout
 
Finished building: EventBasedDemo01.list
 
16:38:41 **** Incremental Build of configuration Debug for project EventBasedDemo01 ****
make -j8 all 
arm-none-eabi-size   EventBasedDemo01.elf 
   text	   data	    bss	    dec	    hex	filename
   1592	      8	   1568	   3168	    c60	EventBasedDemo01.elf
Finished building: default.size.stdout
 
16:39:50 **** Incremental Build of configuration Debug for project EventBasedDemo01 ****
make -j8 all 
arm-none-eabi-gcc "../Src/main.c" -mcpu=cortex-m3 -std=gnu11 -g3 -DDEBUG -DSTM32 -DSTM32F1 -DSTM32F103C8Tx -c -I../Inc -O0 -ffunction-sections -fdata-sections -Wall -fstack-usage -fcyclomatic-complexity -MMD -MP -MF"Src/main.d" -MT"Src/main.o" --specs=nano.specs -mfloat-abi=soft -mthumb -o "Src/main.o"
arm-none-eabi-gcc -o "EventBasedDemo01.elf" @"objects.list"   -mcpu=cortex-m3 -T"D:\Mentorship\EventDrivenDemo_WS\EventBasedDemo01\STM32F103C8TX_FLASH.ld" --specs=nosys.specs -Wl,-Map="EventBasedDemo01.map" -Wl,--gc-sections -static --specs=nano.specs -mfloat-abi=soft -mthumb -Wl,--start-group -lc -lm -Wl,--end-group
Finished building target: EventBasedDemo01.elf
 
arm-none-eabi-size   EventBasedDemo01.elf 
arm-none-eabi-objdump -h -S  EventBasedDemo01.elf  > "EventBasedDemo01.list"
   text	   data	    bss	    dec	    hex	filename
   1704	      8	   1568	   3280	    cd0	EventBasedDemo01.elf
Finished building: default.size.stdout
 
Finished building: EventBasedDemo01.list
 
16:42:08 **** Incremental Build of configuration Debug for project EventBasedDemo01 ****
make -j8 all 
arm-none-eabi-gcc "../Src/main.c" -mcpu=cortex-m3 -std=gnu11 -g3 -DDEBUG -DSTM32 -DSTM32F1 -DSTM32F103C8Tx -c -I../Inc -O0 -ffunction-sections -fdata-sections -Wall -fstack-usage -fcyclomatic-complexity -MMD -MP -MF"Src/main.d" -MT"Src/main.o" --specs=nano.specs -mfloat-abi=soft -mthumb -o "Src/main.o"
arm-none-eabi-gcc -o "EventBasedDemo01.elf" @"objects.list"   -mcpu=cortex-m3 -T"D:\Mentorship\EventDrivenDemo_WS\EventBasedDemo01\STM32F103C8TX_FLASH.ld" --specs=nosys.specs -Wl,-Map="EventBasedDemo01.map" -Wl,--gc-sections -static --specs=nano.specs -mfloat-abi=soft -mthumb -Wl,--start-group -lc -lm -Wl,--end-group
Finished building target: EventBasedDemo01.elf
 
arm-none-eabi-size   EventBasedDemo01.elf 
arm-none-eabi-objdump -h -S  EventBasedDemo01.elf  > "EventBasedDemo01.list"
   text	   data	    bss	    dec	    hex	filename
   1156	      8	   1568	   2732	    aac	EventBasedDemo01.elf
Finished building: default.size.stdout
 
Finished building: EventBasedDemo01.list
 
16:46:12 **** Incremental Build of configuration Debug for project EventBasedDemo01 ****
make -j8 all 
arm-none-eabi-gcc "../Src/main.c" -mcpu=cortex-m3 -std=gnu11 -g3 -DDEBUG -DSTM32 -DSTM32F1 -DSTM32F103C8Tx -c -I../Inc -O0 -ffunction-sections -fdata-sections -Wall -fstack-usage -fcyclomatic-complexity -MMD -MP -MF"Src/main.d" -MT"Src/main.o" --specs=nano.specs -mfloat-abi=soft -mthumb -o "Src/main.o"
arm-none-eabi-gcc -o "EventBasedDemo01.elf" @"objects.list"   -mcpu=cortex-m3 -T"D:\Mentorship\EventDrivenDemo_WS\EventBasedDemo01\STM32F103C8TX_FLASH.ld" --specs=nosys.specs -Wl,-Map="EventBasedDemo01.map" -Wl,--gc-sections -static --specs=nano.specs -mfloat-abi=soft -mthumb -Wl,--start-group -lc -lm -Wl,--end-group
Finished building target: EventBasedDemo01.elf
 
arm-none-eabi-size   EventBasedDemo01.elf 
arm-none-eabi-objdump -h -S  EventBasedDemo01.elf  > "EventBasedDemo01.list"
   text	   data	    bss	    dec	    hex	filename
   1700	      8	   1568	   3276	    ccc	EventBasedDemo01.elf
Finished building: default.size.stdout
 
Finished building: EventBasedDemo01.list
 
16:47:17 **** Incremental Build of configuration Debug for project EventBasedDemo01 ****
make -j8 all 
arm-none-eabi-size   EventBasedDemo01.elf 
   text	   data	    bss	    dec	    hex	filename
   1700	      8	   1568	   3276	    ccc	EventBasedDemo01.elf
Finished building: default.size.stdout
 
16:47:52 **** Incremental Build of configuration Debug for project EventBasedDemo01 ****
make -j8 all 
arm-none-eabi-size   EventBasedDemo01.elf 
   text	   data	    bss	    dec	    hex	filename
   1700	      8	   1568	   3276	    ccc	EventBasedDemo01.elf
Finished building: default.size.stdout
 
16:48:12 **** Incremental Build of configuration Debug for project EventBasedDemo01 ****
make -j8 all 
arm-none-eabi-gcc "../Src/main.c" -mcpu=cortex-m3 -std=gnu11 -g3 -DDEBUG -DSTM32 -DSTM32F1 -DSTM32F103C8Tx -c -I../Inc -O0 -ffunction-sections -fdata-sections -Wall -fstack-usage -fcyclomatic-complexity -MMD -MP -MF"Src/main.d" -MT"Src/main.o" --specs=nano.specs -mfloat-abi=soft -mthumb -o "Src/main.o"
arm-none-eabi-gcc -o "EventBasedDemo01.elf" @"objects.list"   -mcpu=cortex-m3 -T"D:\Mentorship\EventDrivenDemo_WS\EventBasedDemo01\STM32F103C8TX_FLASH.ld" --specs=nosys.specs -Wl,-Map="EventBasedDemo01.map" -Wl,--gc-sections -static --specs=nano.specs -mfloat-abi=soft -mthumb -Wl,--start-group -lc -lm -Wl,--end-group
Finished building target: EventBasedDemo01.elf
 
arm-none-eabi-size   EventBasedDemo01.elf 
arm-none-eabi-objdump -h -S  EventBasedDemo01.elf  > "EventBasedDemo01.list"
   text	   data	    bss	    dec	    hex	filename
   1156	      8	   1568	   2732	    aac	EventBasedDemo01.elf
Finished building: default.size.stdout
 
Finished building: EventBasedDemo01.list
 
16:49:58 **** Incremental Build of configuration Debug for project EventBasedDemo01 ****
make -j8 all 
arm-none-eabi-gcc "../Src/main.c" -mcpu=cortex-m3 -std=gnu11 -g3 -DDEBUG -DSTM32 -DSTM32F1 -DSTM32F103C8Tx -c -I../Inc -O0 -ffunction-sections -fdata-sections -Wall -fstack-usage -fcyclomatic-complexity -MMD -MP -MF"Src/main.d" -MT"Src/main.o" --specs=nano.specs -mfloat-abi=soft -mthumb -o "Src/main.o"
arm-none-eabi-gcc -o "EventBasedDemo01.elf" @"objects.list"   -mcpu=cortex-m3 -T"D:\Mentorship\EventDrivenDemo_WS\EventBasedDemo01\STM32F103C8TX_FLASH.ld" --specs=nosys.specs -Wl,-Map="EventBasedDemo01.map" -Wl,--gc-sections -static --specs=nano.specs -mfloat-abi=soft -mthumb -Wl,--start-group -lc -lm -Wl,--end-group
Finished building target: EventBasedDemo01.elf
 
arm-none-eabi-size   EventBasedDemo01.elf 
arm-none-eabi-objdump -h -S  EventBasedDemo01.elf  > "EventBasedDemo01.list"
   text	   data	    bss	    dec	    hex	filename
   1788	      8	   1568	   3364	    d24	EventBasedDemo01.elf
Finished building: default.size.stdout
 
Finished building: EventBasedDemo01.list
 
21:31:03 **** Incremental Build of configuration Debug for project EventBasedDemo01 ****
make -j8 all 
arm-none-eabi-gcc "../Src/main.c" -mcpu=cortex-m3 -std=gnu11 -g3 -DDEBUG -DSTM32 -DSTM32F1 -DSTM32F103C8Tx -c -I../Inc -O0 -ffunction-sections -fdata-sections -Wall -fstack-usage -fcyclomatic-complexity -MMD -MP -MF"Src/main.d" -MT"Src/main.o" --specs=nano.specs -mfloat-abi=soft -mthumb -o "Src/main.o"
arm-none-eabi-gcc -o "EventBasedDemo01.elf" @"objects.list"   -mcpu=cortex-m3 -T"D:\Mentorship\EventDrivenDemo_WS\EventBasedDemo01\STM32F103C8TX_FLASH.ld" --specs=nosys.specs -Wl,-Map="EventBasedDemo01.map" -Wl,--gc-sections -static --specs=nano.specs -mfloat-abi=soft -mthumb -Wl,--start-group -lc -lm -Wl,--end-group
Finished building target: EventBasedDemo01.elf
 
arm-none-eabi-size   EventBasedDemo01.elf 
arm-none-eabi-objdump -h -S  EventBasedDemo01.elf  > "EventBasedDemo01.list"
   text	   data	    bss	    dec	    hex	filename
   1720	      8	   1568	   3296	    ce0	EventBasedDemo01.elf
Finished building: default.size.stdout
 
Finished building: EventBasedDemo01.list
 
21:34:29 **** Incremental Build of configuration Debug for project EventBasedDemo01 ****
make -j8 all 
arm-none-eabi-gcc "../Src/main.c" -mcpu=cortex-m3 -std=gnu11 -g3 -DDEBUG -DSTM32 -DSTM32F1 -DSTM32F103C8Tx -c -I../Inc -O0 -ffunction-sections -fdata-sections -Wall -fstack-usage -fcyclomatic-complexity -MMD -MP -MF"Src/main.d" -MT"Src/main.o" --specs=nano.specs -mfloat-abi=soft -mthumb -o "Src/main.o"
arm-none-eabi-gcc -o "EventBasedDemo01.elf" @"objects.list"   -mcpu=cortex-m3 -T"D:\Mentorship\EventDrivenDemo_WS\EventBasedDemo01\STM32F103C8TX_FLASH.ld" --specs=nosys.specs -Wl,-Map="EventBasedDemo01.map" -Wl,--gc-sections -static --specs=nano.specs -mfloat-abi=soft -mthumb -Wl,--start-group -lc -lm -Wl,--end-group
Finished building target: EventBasedDemo01.elf
 
arm-none-eabi-size   EventBasedDemo01.elf 
arm-none-eabi-objdump -h -S  EventBasedDemo01.elf  > "EventBasedDemo01.list"
   text	   data	    bss	    dec	    hex	filename
   1720	      8	   1568	   3296	    ce0	EventBasedDemo01.elf
Finished building: default.size.stdout
 
Finished building: EventBasedDemo01.list
 
21:36:10 **** Incremental Build of configuration Debug for project EventBasedDemo01 ****
make -j8 all 
arm-none-eabi-gcc "../Src/main.c" -mcpu=cortex-m3 -std=gnu11 -g3 -DDEBUG -DSTM32 -DSTM32F1 -DSTM32F103C8Tx -c -I../Inc -O0 -ffunction-sections -fdata-sections -Wall -fstack-usage -fcyclomatic-complexity -MMD -MP -MF"Src/main.d" -MT"Src/main.o" --specs=nano.specs -mfloat-abi=soft -mthumb -o "Src/main.o"
arm-none-eabi-gcc -o "EventBasedDemo01.elf" @"objects.list"   -mcpu=cortex-m3 -T"D:\Mentorship\EventDrivenDemo_WS\EventBasedDemo01\STM32F103C8TX_FLASH.ld" --specs=nosys.specs -Wl,-Map="EventBasedDemo01.map" -Wl,--gc-sections -static --specs=nano.specs -mfloat-abi=soft -mthumb -Wl,--start-group -lc -lm -Wl,--end-group
Finished building target: EventBasedDemo01.elf
 
arm-none-eabi-size   EventBasedDemo01.elf 
arm-none-eabi-objdump -h -S  EventBasedDemo01.elf  > "EventBasedDemo01.list"
   text	   data	    bss	    dec	    hex	filename
   1720	      8	   1568	   3296	    ce0	EventBasedDemo01.elf
Finished building: default.size.stdout
 
Finished building: EventBasedDemo01.list
 
21:50:52 **** Incremental Build of configuration Debug for project EventBasedDemo01 ****
make -j8 all 
arm-none-eabi-gcc "../Src/Stm32F103_GPIO.c" -mcpu=cortex-m3 -std=gnu11 -g3 -DDEBUG -DSTM32 -DSTM32F1 -DSTM32F103C8Tx -c -I../Inc -O0 -ffunction-sections -fdata-sections -Wall -fstack-usage -fcyclomatic-complexity -MMD -MP -MF"Src/Stm32F103_GPIO.d" -MT"Src/Stm32F103_GPIO.o" --specs=nano.specs -mfloat-abi=soft -mthumb -o "Src/Stm32F103_GPIO.o"
arm-none-eabi-gcc "../Src/main.c" -mcpu=cortex-m3 -std=gnu11 -g3 -DDEBUG -DSTM32 -DSTM32F1 -DSTM32F103C8Tx -c -I../Inc -O0 -ffunction-sections -fdata-sections -Wall -fstack-usage -fcyclomatic-complexity -MMD -MP -MF"Src/main.d" -MT"Src/main.o" --specs=nano.specs -mfloat-abi=soft -mthumb -o "Src/main.o"
arm-none-eabi-gcc -o "EventBasedDemo01.elf" @"objects.list"   -mcpu=cortex-m3 -T"D:\Mentorship\EventDrivenDemo_WS\EventBasedDemo01\STM32F103C8TX_FLASH.ld" --specs=nosys.specs -Wl,-Map="EventBasedDemo01.map" -Wl,--gc-sections -static --specs=nano.specs -mfloat-abi=soft -mthumb -Wl,--start-group -lc -lm -Wl,--end-group
Finished building target: EventBasedDemo01.elf
 
arm-none-eabi-size   EventBasedDemo01.elf 
arm-none-eabi-objdump -h -S  EventBasedDemo01.elf  > "EventBasedDemo01.list"
   text	   data	    bss	    dec	    hex	filename
   1724	      8	   1568	   3300	    ce4	EventBasedDemo01.elf
Finished building: default.size.stdout
 
Finished building: EventBasedDemo01.list
 
21:52:45 **** Incremental Build of configuration Debug for project EventBasedDemo01 ****
make -j8 all 
arm-none-eabi-gcc "../Src/main.c" -mcpu=cortex-m3 -std=gnu11 -g3 -DDEBUG -DSTM32 -DSTM32F1 -DSTM32F103C8Tx -c -I../Inc -O0 -ffunction-sections -fdata-sections -Wall -fstack-usage -fcyclomatic-complexity -MMD -MP -MF"Src/main.d" -MT"Src/main.o" --specs=nano.specs -mfloat-abi=soft -mthumb -o "Src/main.o"
arm-none-eabi-gcc -o "EventBasedDemo01.elf" @"objects.list"   -mcpu=cortex-m3 -T"D:\Mentorship\EventDrivenDemo_WS\EventBasedDemo01\STM32F103C8TX_FLASH.ld" --specs=nosys.specs -Wl,-Map="EventBasedDemo01.map" -Wl,--gc-sections -static --specs=nano.specs -mfloat-abi=soft -mthumb -Wl,--start-group -lc -lm -Wl,--end-group
Finished building target: EventBasedDemo01.elf
 
arm-none-eabi-size   EventBasedDemo01.elf 
arm-none-eabi-objdump -h -S  EventBasedDemo01.elf  > "EventBasedDemo01.list"
   text	   data	    bss	    dec	    hex	filename
   1724	      8	   1568	   3300	    ce4	EventBasedDemo01.elf
Finished building: default.size.stdout
 
Finished building: EventBasedDemo01.list
 
21:54:03 **** Incremental Build of configuration Debug for project EventBasedDemo01 ****
make -j8 all 
arm-none-eabi-gcc "../Src/main.c" -mcpu=cortex-m3 -std=gnu11 -g3 -DDEBUG -DSTM32 -DSTM32F1 -DSTM32F103C8Tx -c -I../Inc -O0 -ffunction-sections -fdata-sections -Wall -fstack-usage -fcyclomatic-complexity -MMD -MP -MF"Src/main.d" -MT"Src/main.o" --specs=nano.specs -mfloat-abi=soft -mthumb -o "Src/main.o"
arm-none-eabi-gcc -o "EventBasedDemo01.elf" @"objects.list"   -mcpu=cortex-m3 -T"D:\Mentorship\EventDrivenDemo_WS\EventBasedDemo01\STM32F103C8TX_FLASH.ld" --specs=nosys.specs -Wl,-Map="EventBasedDemo01.map" -Wl,--gc-sections -static --specs=nano.specs -mfloat-abi=soft -mthumb -Wl,--start-group -lc -lm -Wl,--end-group
Finished building target: EventBasedDemo01.elf
 
arm-none-eabi-size   EventBasedDemo01.elf 
arm-none-eabi-objdump -h -S  EventBasedDemo01.elf  > "EventBasedDemo01.list"
   text	   data	    bss	    dec	    hex	filename
   1772	      8	   1568	   3348	    d14	EventBasedDemo01.elf
Finished building: default.size.stdout
 
Finished building: EventBasedDemo01.list
 
21:56:43 **** Incremental Build of configuration Debug for project EventBasedDemo01 ****
make -j8 all 
arm-none-eabi-gcc "../Src/main.c" -mcpu=cortex-m3 -std=gnu11 -g3 -DDEBUG -DSTM32 -DSTM32F1 -DSTM32F103C8Tx -c -I../Inc -O0 -ffunction-sections -fdata-sections -Wall -fstack-usage -fcyclomatic-complexity -MMD -MP -MF"Src/main.d" -MT"Src/main.o" --specs=nano.specs -mfloat-abi=soft -mthumb -o "Src/main.o"
arm-none-eabi-gcc -o "EventBasedDemo01.elf" @"objects.list"   -mcpu=cortex-m3 -T"D:\Mentorship\EventDrivenDemo_WS\EventBasedDemo01\STM32F103C8TX_FLASH.ld" --specs=nosys.specs -Wl,-Map="EventBasedDemo01.map" -Wl,--gc-sections -static --specs=nano.specs -mfloat-abi=soft -mthumb -Wl,--start-group -lc -lm -Wl,--end-group
Finished building target: EventBasedDemo01.elf
 
arm-none-eabi-size   EventBasedDemo01.elf 
arm-none-eabi-objdump -h -S  EventBasedDemo01.elf  > "EventBasedDemo01.list"
   text	   data	    bss	    dec	    hex	filename
   1952	      8	   1568	   3528	    dc8	EventBasedDemo01.elf
Finished building: default.size.stdout
 
Finished building: EventBasedDemo01.list
 
22:00:06 **** Incremental Build of configuration Debug for project EventBasedDemo01 ****
make -j8 all 
arm-none-eabi-gcc "../Src/main.c" -mcpu=cortex-m3 -std=gnu11 -g3 -DDEBUG -DSTM32 -DSTM32F1 -DSTM32F103C8Tx -c -I../Inc -O0 -ffunction-sections -fdata-sections -Wall -fstack-usage -fcyclomatic-complexity -MMD -MP -MF"Src/main.d" -MT"Src/main.o" --specs=nano.specs -mfloat-abi=soft -mthumb -o "Src/main.o"
arm-none-eabi-gcc -o "EventBasedDemo01.elf" @"objects.list"   -mcpu=cortex-m3 -T"D:\Mentorship\EventDrivenDemo_WS\EventBasedDemo01\STM32F103C8TX_FLASH.ld" --specs=nosys.specs -Wl,-Map="EventBasedDemo01.map" -Wl,--gc-sections -static --specs=nano.specs -mfloat-abi=soft -mthumb -Wl,--start-group -lc -lm -Wl,--end-group
Finished building target: EventBasedDemo01.elf
 
arm-none-eabi-size   EventBasedDemo01.elf 
arm-none-eabi-objdump -h -S  EventBasedDemo01.elf  > "EventBasedDemo01.list"
   text	   data	    bss	    dec	    hex	filename
   2000	      8	   1568	   3576	    df8	EventBasedDemo01.elf
Finished building: default.size.stdout
 
Finished building: EventBasedDemo01.list
 
22:00:55 **** Incremental Build of configuration Debug for project EventBasedDemo01 ****
make -j8 all 
arm-none-eabi-size   EventBasedDemo01.elf 
   text	   data	    bss	    dec	    hex	filename
   2000	      8	   1568	   3576	    df8	EventBasedDemo01.elf
Finished building: default.size.stdout
 
22:01:43 **** Incremental Build of configuration Debug for project EventBasedDemo01 ****
make -j8 all 
arm-none-eabi-size   EventBasedDemo01.elf 
   text	   data	    bss	    dec	    hex	filename
   2000	      8	   1568	   3576	    df8	EventBasedDemo01.elf
Finished building: default.size.stdout
 
22:11:38 **** Incremental Build of configuration Debug for project EventBasedDemo01 ****
make -j8 all 
arm-none-eabi-size   EventBasedDemo01.elf 
   text	   data	    bss	    dec	    hex	filename
   2000	      8	   1568	   3576	    df8	EventBasedDemo01.elf
Finished building: default.size.stdout
 
22:12:51 **** Incremental Build of configuration Debug for project EventBasedDemo01 ****
make -j8 all 
arm-none-eabi-size   EventBasedDemo01.elf 
   text	   data	    bss	    dec	    hex	filename
   2000	      8	   1568	   3576	    df8	EventBasedDemo01.elf
Finished building: default.size.stdout
 
22:16:24 **** Incremental Build of configuration Debug for project EventBasedDemo01 ****
make -j8 all 
arm-none-eabi-gcc "../Src/main.c" -mcpu=cortex-m3 -std=gnu11 -g3 -DDEBUG -DSTM32 -DSTM32F1 -DSTM32F103C8Tx -c -I../Inc -O0 -ffunction-sections -fdata-sections -Wall -fstack-usage -fcyclomatic-complexity -MMD -MP -MF"Src/main.d" -MT"Src/main.o" --specs=nano.specs -mfloat-abi=soft -mthumb -o "Src/main.o"
arm-none-eabi-gcc -o "EventBasedDemo01.elf" @"objects.list"   -mcpu=cortex-m3 -T"D:\Mentorship\EventDrivenDemo_WS\EventBasedDemo01\STM32F103C8TX_FLASH.ld" --specs=nosys.specs -Wl,-Map="EventBasedDemo01.map" -Wl,--gc-sections -static --specs=nano.specs -mfloat-abi=soft -mthumb -Wl,--start-group -lc -lm -Wl,--end-group
Finished building target: EventBasedDemo01.elf
 
arm-none-eabi-size   EventBasedDemo01.elf 
arm-none-eabi-objdump -h -S  EventBasedDemo01.elf  > "EventBasedDemo01.list"
   text	   data	    bss	    dec	    hex	filename
   1920	     12	   1564	   3496	    da8	EventBasedDemo01.elf
Finished building: default.size.stdout
 
Finished building: EventBasedDemo01.list
 
22:18:25 **** Incremental Build of configuration Debug for project EventBasedDemo01 ****
make -j8 all 
arm-none-eabi-gcc "../Src/main.c" -mcpu=cortex-m3 -std=gnu11 -g3 -DDEBUG -DSTM32 -DSTM32F1 -DSTM32F103C8Tx -c -I../Inc -O0 -ffunction-sections -fdata-sections -Wall -fstack-usage -fcyclomatic-complexity -MMD -MP -MF"Src/main.d" -MT"Src/main.o" --specs=nano.specs -mfloat-abi=soft -mthumb -o "Src/main.o"
arm-none-eabi-gcc -o "EventBasedDemo01.elf" @"objects.list"   -mcpu=cortex-m3 -T"D:\Mentorship\EventDrivenDemo_WS\EventBasedDemo01\STM32F103C8TX_FLASH.ld" --specs=nosys.specs -Wl,-Map="EventBasedDemo01.map" -Wl,--gc-sections -static --specs=nano.specs -mfloat-abi=soft -mthumb -Wl,--start-group -lc -lm -Wl,--end-group
Finished building target: EventBasedDemo01.elf
 
arm-none-eabi-size   EventBasedDemo01.elf 
arm-none-eabi-objdump -h -S  EventBasedDemo01.elf  > "EventBasedDemo01.list"
   text	   data	    bss	    dec	    hex	filename
   1920	     12	   1564	   3496	    da8	EventBasedDemo01.elf
Finished building: default.size.stdout
 
Finished building: EventBasedDemo01.list
 
22:18:49 **** Incremental Build of configuration Debug for project EventBasedDemo01 ****
make -j8 all 
arm-none-eabi-size   EventBasedDemo01.elf 
   text	   data	    bss	    dec	    hex	filename
   1920	     12	   1564	   3496	    da8	EventBasedDemo01.elf
Finished building: default.size.stdout
 
22:18:57 **** Incremental Build of configuration Debug for project EventBasedDemo01 ****
make -j8 all 
arm-none-eabi-size   EventBasedDemo01.elf 
   text	   data	    bss	    dec	    hex	filename
   1920	     12	   1564	   3496	    da8	EventBasedDemo01.elf
Finished building: default.size.stdout
 
22:22:30 **** Incremental Build of configuration Debug for project EventBasedDemo01 ****
make -j8 all 
arm-none-eabi-gcc "../Src/main.c" -mcpu=cortex-m3 -std=gnu11 -g3 -DDEBUG -DSTM32 -DSTM32F1 -DSTM32F103C8Tx -c -I../Inc -O0 -ffunction-sections -fdata-sections -Wall -fstack-usage -fcyclomatic-complexity -MMD -MP -MF"Src/main.d" -MT"Src/main.o" --specs=nano.specs -mfloat-abi=soft -mthumb -o "Src/main.o"
arm-none-eabi-gcc -o "EventBasedDemo01.elf" @"objects.list"   -mcpu=cortex-m3 -T"D:\Mentorship\EventDrivenDemo_WS\EventBasedDemo01\STM32F103C8TX_FLASH.ld" --specs=nosys.specs -Wl,-Map="EventBasedDemo01.map" -Wl,--gc-sections -static --specs=nano.specs -mfloat-abi=soft -mthumb -Wl,--start-group -lc -lm -Wl,--end-group
Finished building target: EventBasedDemo01.elf
 
arm-none-eabi-size   EventBasedDemo01.elf 
arm-none-eabi-objdump -h -S  EventBasedDemo01.elf  > "EventBasedDemo01.list"
   text	   data	    bss	    dec	    hex	filename
   1976	     12	   1564	   3552	    de0	EventBasedDemo01.elf
Finished building: default.size.stdout
 
Finished building: EventBasedDemo01.list
 
22:24:26 **** Incremental Build of configuration Debug for project EventBasedDemo01 ****
make -j8 all 
arm-none-eabi-gcc "../Src/main.c" -mcpu=cortex-m3 -std=gnu11 -g3 -DDEBUG -DSTM32 -DSTM32F1 -DSTM32F103C8Tx -c -I../Inc -O0 -ffunction-sections -fdata-sections -Wall -fstack-usage -fcyclomatic-complexity -MMD -MP -MF"Src/main.d" -MT"Src/main.o" --specs=nano.specs -mfloat-abi=soft -mthumb -o "Src/main.o"
arm-none-eabi-gcc -o "EventBasedDemo01.elf" @"objects.list"   -mcpu=cortex-m3 -T"D:\Mentorship\EventDrivenDemo_WS\EventBasedDemo01\STM32F103C8TX_FLASH.ld" --specs=nosys.specs -Wl,-Map="EventBasedDemo01.map" -Wl,--gc-sections -static --specs=nano.specs -mfloat-abi=soft -mthumb -Wl,--start-group -lc -lm -Wl,--end-group
Finished building target: EventBasedDemo01.elf
 
arm-none-eabi-size   EventBasedDemo01.elf 
arm-none-eabi-objdump -h -S  EventBasedDemo01.elf  > "EventBasedDemo01.list"
   text	   data	    bss	    dec	    hex	filename
   1980	     12	   1564	   3556	    de4	EventBasedDemo01.elf
Finished building: default.size.stdout
 
Finished building: EventBasedDemo01.list
 
22:25:47 **** Incremental Build of configuration Debug for project EventBasedDemo01 ****
make -j8 all 
arm-none-eabi-gcc "../Src/main.c" -mcpu=cortex-m3 -std=gnu11 -g3 -DDEBUG -DSTM32 -DSTM32F1 -DSTM32F103C8Tx -c -I../Inc -O0 -ffunction-sections -fdata-sections -Wall -fstack-usage -fcyclomatic-complexity -MMD -MP -MF"Src/main.d" -MT"Src/main.o" --specs=nano.specs -mfloat-abi=soft -mthumb -o "Src/main.o"
arm-none-eabi-gcc -o "EventBasedDemo01.elf" @"objects.list"   -mcpu=cortex-m3 -T"D:\Mentorship\EventDrivenDemo_WS\EventBasedDemo01\STM32F103C8TX_FLASH.ld" --specs=nosys.specs -Wl,-Map="EventBasedDemo01.map" -Wl,--gc-sections -static --specs=nano.specs -mfloat-abi=soft -mthumb -Wl,--start-group -lc -lm -Wl,--end-group
Finished building target: EventBasedDemo01.elf
 
arm-none-eabi-size   EventBasedDemo01.elf 
arm-none-eabi-objdump -h -S  EventBasedDemo01.elf  > "EventBasedDemo01.list"
   text	   data	    bss	    dec	    hex	filename
   1980	      8	   1568	   3556	    de4	EventBasedDemo01.elf
Finished building: default.size.stdout
 
Finished building: EventBasedDemo01.list
 
22:26:48 **** Incremental Build of configuration Debug for project EventBasedDemo01 ****
make -j8 all 
arm-none-eabi-gcc "../Src/main.c" -mcpu=cortex-m3 -std=gnu11 -g3 -DDEBUG -DSTM32 -DSTM32F1 -DSTM32F103C8Tx -c -I../Inc -O0 -ffunction-sections -fdata-sections -Wall -fstack-usage -fcyclomatic-complexity -MMD -MP -MF"Src/main.d" -MT"Src/main.o" --specs=nano.specs -mfloat-abi=soft -mthumb -o "Src/main.o"
arm-none-eabi-gcc -o "EventBasedDemo01.elf" @"objects.list"   -mcpu=cortex-m3 -T"D:\Mentorship\EventDrivenDemo_WS\EventBasedDemo01\STM32F103C8TX_FLASH.ld" --specs=nosys.specs -Wl,-Map="EventBasedDemo01.map" -Wl,--gc-sections -static --specs=nano.specs -mfloat-abi=soft -mthumb -Wl,--start-group -lc -lm -Wl,--end-group
Finished building target: EventBasedDemo01.elf
 
arm-none-eabi-size   EventBasedDemo01.elf 
arm-none-eabi-objdump -h -S  EventBasedDemo01.elf  > "EventBasedDemo01.list"
   text	   data	    bss	    dec	    hex	filename
   1960	      8	   1568	   3536	    dd0	EventBasedDemo01.elf
Finished building: default.size.stdout
 
Finished building: EventBasedDemo01.list
 
22:27:12 **** Incremental Build of configuration Debug for project EventBasedDemo01 ****
make -j8 all 
arm-none-eabi-gcc "../Src/main.c" -mcpu=cortex-m3 -std=gnu11 -g3 -DDEBUG -DSTM32 -DSTM32F1 -DSTM32F103C8Tx -c -I../Inc -O0 -ffunction-sections -fdata-sections -Wall -fstack-usage -fcyclomatic-complexity -MMD -MP -MF"Src/main.d" -MT"Src/main.o" --specs=nano.specs -mfloat-abi=soft -mthumb -o "Src/main.o"
arm-none-eabi-gcc -o "EventBasedDemo01.elf" @"objects.list"   -mcpu=cortex-m3 -T"D:\Mentorship\EventDrivenDemo_WS\EventBasedDemo01\STM32F103C8TX_FLASH.ld" --specs=nosys.specs -Wl,-Map="EventBasedDemo01.map" -Wl,--gc-sections -static --specs=nano.specs -mfloat-abi=soft -mthumb -Wl,--start-group -lc -lm -Wl,--end-group
Finished building target: EventBasedDemo01.elf
 
arm-none-eabi-size   EventBasedDemo01.elf 
arm-none-eabi-objdump -h -S  EventBasedDemo01.elf  > "EventBasedDemo01.list"
   text	   data	    bss	    dec	    hex	filename
   1960	      8	   1568	   3536	    dd0	EventBasedDemo01.elf
Finished building: default.size.stdout
 
Finished building: EventBasedDemo01.list
 
22:29:32 **** Incremental Build of configuration Debug for project EventBasedDemo01 ****
make -j8 all 
arm-none-eabi-gcc "../Src/main.c" -mcpu=cortex-m3 -std=gnu11 -g3 -DDEBUG -DSTM32 -DSTM32F1 -DSTM32F103C8Tx -c -I../Inc -O0 -ffunction-sections -fdata-sections -Wall -fstack-usage -fcyclomatic-complexity -MMD -MP -MF"Src/main.d" -MT"Src/main.o" --specs=nano.specs -mfloat-abi=soft -mthumb -o "Src/main.o"
arm-none-eabi-gcc -o "EventBasedDemo01.elf" @"objects.list"   -mcpu=cortex-m3 -T"D:\Mentorship\EventDrivenDemo_WS\EventBasedDemo01\STM32F103C8TX_FLASH.ld" --specs=nosys.specs -Wl,-Map="EventBasedDemo01.map" -Wl,--gc-sections -static --specs=nano.specs -mfloat-abi=soft -mthumb -Wl,--start-group -lc -lm -Wl,--end-group
Finished building target: EventBasedDemo01.elf
 
arm-none-eabi-size   EventBasedDemo01.elf 
arm-none-eabi-objdump -h -S  EventBasedDemo01.elf  > "EventBasedDemo01.list"
   text	   data	    bss	    dec	    hex	filename
   1960	      8	   1568	   3536	    dd0	EventBasedDemo01.elf
Finished building: default.size.stdout
 
Finished building: EventBasedDemo01.list
 
22:30:31 **** Incremental Build of configuration Debug for project EventBasedDemo01 ****
make -j8 all 
arm-none-eabi-gcc "../Src/main.c" -mcpu=cortex-m3 -std=gnu11 -g3 -DDEBUG -DSTM32 -DSTM32F1 -DSTM32F103C8Tx -c -I../Inc -O0 -ffunction-sections -fdata-sections -Wall -fstack-usage -fcyclomatic-complexity -MMD -MP -MF"Src/main.d" -MT"Src/main.o" --specs=nano.specs -mfloat-abi=soft -mthumb -o "Src/main.o"
arm-none-eabi-gcc -o "EventBasedDemo01.elf" @"objects.list"   -mcpu=cortex-m3 -T"D:\Mentorship\EventDrivenDemo_WS\EventBasedDemo01\STM32F103C8TX_FLASH.ld" --specs=nosys.specs -Wl,-Map="EventBasedDemo01.map" -Wl,--gc-sections -static --specs=nano.specs -mfloat-abi=soft -mthumb -Wl,--start-group -lc -lm -Wl,--end-group
Finished building target: EventBasedDemo01.elf
 
arm-none-eabi-size   EventBasedDemo01.elf 
arm-none-eabi-objdump -h -S  EventBasedDemo01.elf  > "EventBasedDemo01.list"
   text	   data	    bss	    dec	    hex	filename
   1960	      8	   1568	   3536	    dd0	EventBasedDemo01.elf
Finished building: default.size.stdout
 
Finished building: EventBasedDemo01.list
 
22:32:09 **** Incremental Build of configuration Debug for project EventBasedDemo01 ****
make -j8 all 
arm-none-eabi-gcc "../Src/main.c" -mcpu=cortex-m3 -std=gnu11 -g3 -DDEBUG -DSTM32 -DSTM32F1 -DSTM32F103C8Tx -c -I../Inc -O0 -ffunction-sections -fdata-sections -Wall -fstack-usage -fcyclomatic-complexity -MMD -MP -MF"Src/main.d" -MT"Src/main.o" --specs=nano.specs -mfloat-abi=soft -mthumb -o "Src/main.o"
arm-none-eabi-gcc -o "EventBasedDemo01.elf" @"objects.list"   -mcpu=cortex-m3 -T"D:\Mentorship\EventDrivenDemo_WS\EventBasedDemo01\STM32F103C8TX_FLASH.ld" --specs=nosys.specs -Wl,-Map="EventBasedDemo01.map" -Wl,--gc-sections -static --specs=nano.specs -mfloat-abi=soft -mthumb -Wl,--start-group -lc -lm -Wl,--end-group
Finished building target: EventBasedDemo01.elf
 
arm-none-eabi-size   EventBasedDemo01.elf 
arm-none-eabi-objdump -h -S  EventBasedDemo01.elf  > "EventBasedDemo01.list"
   text	   data	    bss	    dec	    hex	filename
   1956	      8	   1568	   3532	    dcc	EventBasedDemo01.elf
Finished building: default.size.stdout
 
Finished building: EventBasedDemo01.list
 
22:34:47 **** Incremental Build of configuration Debug for project EventBasedDemo01 ****
make -j8 all 
arm-none-eabi-gcc "../Src/main.c" -mcpu=cortex-m3 -std=gnu11 -g3 -DDEBUG -DSTM32 -DSTM32F1 -DSTM32F103C8Tx -c -I../Inc -O0 -ffunction-sections -fdata-sections -Wall -fstack-usage -fcyclomatic-complexity -MMD -MP -MF"Src/main.d" -MT"Src/main.o" --specs=nano.specs -mfloat-abi=soft -mthumb -o "Src/main.o"
arm-none-eabi-gcc -o "EventBasedDemo01.elf" @"objects.list"   -mcpu=cortex-m3 -T"D:\Mentorship\EventDrivenDemo_WS\EventBasedDemo01\STM32F103C8TX_FLASH.ld" --specs=nosys.specs -Wl,-Map="EventBasedDemo01.map" -Wl,--gc-sections -static --specs=nano.specs -mfloat-abi=soft -mthumb -Wl,--start-group -lc -lm -Wl,--end-group
Finished building target: EventBasedDemo01.elf
 
arm-none-eabi-size   EventBasedDemo01.elf 
arm-none-eabi-objdump -h -S  EventBasedDemo01.elf  > "EventBasedDemo01.list"
   text	   data	    bss	    dec	    hex	filename
   1960	      8	   1568	   3536	    dd0	EventBasedDemo01.elf
Finished building: default.size.stdout
 
Finished building: EventBasedDemo01.list
 
