21:15:55 **** Incremental Build of configuration Debug for project EventBasedDemo01 ****
make -j8 all 
arm-none-eabi-gcc "../Src/main.c" -mcpu=cortex-m3 -std=gnu11 -g3 -DDEBUG -DSTM32 -DSTM32F1 -DSTM32F103C8Tx -c -I../Inc -O0 -ffunction-sections -fdata-sections -Wall -fstack-usage -fcyclomatic-complexity -MMD -MP -MF"Src/main.d" -MT"Src/main.o" --specs=nano.specs -mfloat-abi=soft -mthumb -o "Src/main.o"
arm-none-eabi-gcc -o "EventBasedDemo01.elf" @"objects.list"   -mcpu=cortex-m3 -T"D:\Mentorship\EventDrivenDemo_WS\EventBasedDemo01\STM32F103C8TX_FLASH.ld" --specs=nosys.specs -Wl,-Map="EventBasedDemo01.map" -Wl,--gc-sections -static --specs=nano.specs -mfloat-abi=soft -mthumb -Wl,--start-group -lc -lm -Wl,--end-group
Finished building target: EventBasedDemo01.elf
 
arm-none-eabi-size   EventBasedDemo01.elf 
arm-none-eabi-objdump -h -S  EventBasedDemo01.elf  > "EventBasedDemo01.list"
   text	   data	    bss	    dec	    hex	filename
   1760	      8	   1568	   3336	    d08	EventBasedDemo01.elf
Finished building: default.size.stdout
 
Finished building: EventBasedDemo01.list
 
21:18:47 **** Incremental Build of configuration Debug for project EventBasedDemo01 ****
make -j8 all 
arm-none-eabi-gcc "../Src/main.c" -mcpu=cortex-m3 -std=gnu11 -g3 -DDEBUG -DSTM32 -DSTM32F1 -DSTM32F103C8Tx -c -I../Inc -O0 -ffunction-sections -fdata-sections -Wall -fstack-usage -fcyclomatic-complexity -MMD -MP -MF"Src/main.d" -MT"Src/main.o" --specs=nano.specs -mfloat-abi=soft -mthumb -o "Src/main.o"
arm-none-eabi-gcc -o "EventBasedDemo01.elf" @"objects.list"   -mcpu=cortex-m3 -T"D:\Mentorship\EventDrivenDemo_WS\EventBasedDemo01\STM32F103C8TX_FLASH.ld" --specs=nosys.specs -Wl,-Map="EventBasedDemo01.map" -Wl,--gc-sections -static --specs=nano.specs -mfloat-abi=soft -mthumb -Wl,--start-group -lc -lm -Wl,--end-group
Finished building target: EventBasedDemo01.elf
 
arm-none-eabi-size   EventBasedDemo01.elf 
arm-none-eabi-objdump -h -S  EventBasedDemo01.elf  > "EventBasedDemo01.list"
   text	   data	    bss	    dec	    hex	filename
   1780	      8	   1568	   3356	    d1c	EventBasedDemo01.elf
Finished building: default.size.stdout
 
Finished building: EventBasedDemo01.list
 
21:18:56 **** Incremental Build of configuration Debug for project EventBasedDemo01 ****
make -j8 all 
arm-none-eabi-size   EventBasedDemo01.elf 
   text	   data	    bss	    dec	    hex	filename
   1780	      8	   1568	   3356	    d1c	EventBasedDemo01.elf
Finished building: default.size.stdout
 
21:24:26 **** Incremental Build of configuration Debug for project EventBasedDemo01 ****
make -j8 all 
arm-none-eabi-gcc "../Src/main.c" -mcpu=cortex-m3 -std=gnu11 -g3 -DDEBUG -DSTM32 -DSTM32F1 -DSTM32F103C8Tx -c -I../Inc -O0 -ffunction-sections -fdata-sections -Wall -fstack-usage -fcyclomatic-complexity -MMD -MP -MF"Src/main.d" -MT"Src/main.o" --specs=nano.specs -mfloat-abi=soft -mthumb -o "Src/main.o"
arm-none-eabi-gcc -o "EventBasedDemo01.elf" @"objects.list"   -mcpu=cortex-m3 -T"D:\Mentorship\EventDrivenDemo_WS\EventBasedDemo01\STM32F103C8TX_FLASH.ld" --specs=nosys.specs -Wl,-Map="EventBasedDemo01.map" -Wl,--gc-sections -static --specs=nano.specs -mfloat-abi=soft -mthumb -Wl,--start-group -lc -lm -Wl,--end-group
Finished building target: EventBasedDemo01.elf
 
arm-none-eabi-size   EventBasedDemo01.elf 
arm-none-eabi-objdump -h -S  EventBasedDemo01.elf  > "EventBasedDemo01.list"
   text	   data	    bss	    dec	    hex	filename
   1780	      8	   1568	   3356	    d1c	EventBasedDemo01.elf
Finished building: default.size.stdout
 
Finished building: EventBasedDemo01.list
 
21:24:35 **** Incremental Build of configuration Debug for project EventBasedDemo01 ****
make -j8 all 
arm-none-eabi-size   EventBasedDemo01.elf 
   text	   data	    bss	    dec	    hex	filename
   1780	      8	   1568	   3356	    d1c	EventBasedDemo01.elf
Finished building: default.size.stdout
 
21:25:37 **** Incremental Build of configuration Debug for project EventBasedDemo01 ****
make -j8 all 
arm-none-eabi-gcc "../Src/main.c" -mcpu=cortex-m3 -std=gnu11 -g3 -DDEBUG -DSTM32 -DSTM32F1 -DSTM32F103C8Tx -c -I../Inc -O0 -ffunction-sections -fdata-sections -Wall -fstack-usage -fcyclomatic-complexity -MMD -MP -MF"Src/main.d" -MT"Src/main.o" --specs=nano.specs -mfloat-abi=soft -mthumb -o "Src/main.o"
arm-none-eabi-gcc -o "EventBasedDemo01.elf" @"objects.list"   -mcpu=cortex-m3 -T"D:\Mentorship\EventDrivenDemo_WS\EventBasedDemo01\STM32F103C8TX_FLASH.ld" --specs=nosys.specs -Wl,-Map="EventBasedDemo01.map" -Wl,--gc-sections -static --specs=nano.specs -mfloat-abi=soft -mthumb -Wl,--start-group -lc -lm -Wl,--end-group
Finished building target: EventBasedDemo01.elf
 
arm-none-eabi-size   EventBasedDemo01.elf 
arm-none-eabi-objdump -h -S  EventBasedDemo01.elf  > "EventBasedDemo01.list"
   text	   data	    bss	    dec	    hex	filename
   1780	      8	   1568	   3356	    d1c	EventBasedDemo01.elf
Finished building: default.size.stdout
 
Finished building: EventBasedDemo01.list
 
21:25:51 **** Incremental Build of configuration Debug for project EventBasedDemo01 ****
make -j8 all 
arm-none-eabi-size   EventBasedDemo01.elf 
   text	   data	    bss	    dec	    hex	filename
   1780	      8	   1568	   3356	    d1c	EventBasedDemo01.elf
Finished building: default.size.stdout
 
21:26:56 **** Incremental Build of configuration Debug for project EventBasedDemo01 ****
make -j8 all 
arm-none-eabi-gcc "../Src/main.c" -mcpu=cortex-m3 -std=gnu11 -g3 -DDEBUG -DSTM32 -DSTM32F1 -DSTM32F103C8Tx -c -I../Inc -O0 -ffunction-sections -fdata-sections -Wall -fstack-usage -fcyclomatic-complexity -MMD -MP -MF"Src/main.d" -MT"Src/main.o" --specs=nano.specs -mfloat-abi=soft -mthumb -o "Src/main.o"
arm-none-eabi-gcc -o "EventBasedDemo01.elf" @"objects.list"   -mcpu=cortex-m3 -T"D:\Mentorship\EventDrivenDemo_WS\EventBasedDemo01\STM32F103C8TX_FLASH.ld" --specs=nosys.specs -Wl,-Map="EventBasedDemo01.map" -Wl,--gc-sections -static --specs=nano.specs -mfloat-abi=soft -mthumb -Wl,--start-group -lc -lm -Wl,--end-group
Finished building target: EventBasedDemo01.elf
 
arm-none-eabi-size   EventBasedDemo01.elf 
arm-none-eabi-objdump -h -S  EventBasedDemo01.elf  > "EventBasedDemo01.list"
   text	   data	    bss	    dec	    hex	filename
   1664	      8	   1568	   3240	    ca8	EventBasedDemo01.elf
Finished building: default.size.stdout
 
Finished building: EventBasedDemo01.list
 
21:31:33 **** Incremental Build of configuration Debug for project EventBasedDemo01 ****
make -j8 all 
arm-none-eabi-size   EventBasedDemo01.elf 
   text	   data	    bss	    dec	    hex	filename
   1664	      8	   1568	   3240	    ca8	EventBasedDemo01.elf
Finished building: default.size.stdout
 
21:32:03 **** Incremental Build of configuration Debug for project EventBasedDemo01 ****
make -j8 all 
arm-none-eabi-gcc "../Src/main.c" -mcpu=cortex-m3 -std=gnu11 -g3 -DDEBUG -DSTM32 -DSTM32F1 -DSTM32F103C8Tx -c -I../Inc -O0 -ffunction-sections -fdata-sections -Wall -fstack-usage -fcyclomatic-complexity -MMD -MP -MF"Src/main.d" -MT"Src/main.o" --specs=nano.specs -mfloat-abi=soft -mthumb -o "Src/main.o"
arm-none-eabi-gcc -o "EventBasedDemo01.elf" @"objects.list"   -mcpu=cortex-m3 -T"D:\Mentorship\EventDrivenDemo_WS\EventBasedDemo01\STM32F103C8TX_FLASH.ld" --specs=nosys.specs -Wl,-Map="EventBasedDemo01.map" -Wl,--gc-sections -static --specs=nano.specs -mfloat-abi=soft -mthumb -Wl,--start-group -lc -lm -Wl,--end-group
Finished building target: EventBasedDemo01.elf
 
arm-none-eabi-size   EventBasedDemo01.elf 
arm-none-eabi-objdump -h -S  EventBasedDemo01.elf  > "EventBasedDemo01.list"
   text	   data	    bss	    dec	    hex	filename
   1664	      8	   1568	   3240	    ca8	EventBasedDemo01.elf
Finished building: default.size.stdout
 
Finished building: EventBasedDemo01.list
 
21:35:59 **** Incremental Build of configuration Debug for project EventBasedDemo01 ****
make -j8 all 
arm-none-eabi-gcc "../Src/main.c" -mcpu=cortex-m3 -std=gnu11 -g3 -DDEBUG -DSTM32 -DSTM32F1 -DSTM32F103C8Tx -c -I../Inc -O0 -ffunction-sections -fdata-sections -Wall -fstack-usage -fcyclomatic-complexity -MMD -MP -MF"Src/main.d" -MT"Src/main.o" --specs=nano.specs -mfloat-abi=soft -mthumb -o "Src/main.o"
arm-none-eabi-gcc -o "EventBasedDemo01.elf" @"objects.list"   -mcpu=cortex-m3 -T"D:\Mentorship\EventDrivenDemo_WS\EventBasedDemo01\STM32F103C8TX_FLASH.ld" --specs=nosys.specs -Wl,-Map="EventBasedDemo01.map" -Wl,--gc-sections -static --specs=nano.specs -mfloat-abi=soft -mthumb -Wl,--start-group -lc -lm -Wl,--end-group
Finished building target: EventBasedDemo01.elf
 
arm-none-eabi-size   EventBasedDemo01.elf 
arm-none-eabi-objdump -h -S  EventBasedDemo01.elf  > "EventBasedDemo01.list"
   text	   data	    bss	    dec	    hex	filename
   1736	      8	   1568	   3312	    cf0	EventBasedDemo01.elf
Finished building: default.size.stdout
 
Finished building: EventBasedDemo01.list
 
21:36:04 **** Incremental Build of configuration Debug for project EventBasedDemo01 ****
make -j8 all 
arm-none-eabi-size   EventBasedDemo01.elf 
   text	   data	    bss	    dec	    hex	filename
   1736	      8	   1568	   3312	    cf0	EventBasedDemo01.elf
Finished building: default.size.stdout
 
21:38:15 **** Incremental Build of configuration Debug for project EventBasedDemo01 ****
make -j8 all 
arm-none-eabi-size   EventBasedDemo01.elf 
   text	   data	    bss	    dec	    hex	filename
   1736	      8	   1568	   3312	    cf0	EventBasedDemo01.elf
Finished building: default.size.stdout
 
21:38:57 **** Incremental Build of configuration Debug for project EventBasedDemo01 ****
make -j8 all 
arm-none-eabi-size   EventBasedDemo01.elf 
   text	   data	    bss	    dec	    hex	filename
   1736	      8	   1568	   3312	    cf0	EventBasedDemo01.elf
Finished building: default.size.stdout
 
21:45:49 **** Incremental Build of configuration Debug for project EventBasedDemo01 ****
make -j8 all 
arm-none-eabi-gcc "../Src/Stm32F103_GPIO.c" -mcpu=cortex-m3 -std=gnu11 -g3 -DDEBUG -DSTM32 -DSTM32F1 -DSTM32F103C8Tx -c -I../Inc -O0 -ffunction-sections -fdata-sections -Wall -fstack-usage -fcyclomatic-complexity -MMD -MP -MF"Src/Stm32F103_GPIO.d" -MT"Src/Stm32F103_GPIO.o" --specs=nano.specs -mfloat-abi=soft -mthumb -o "Src/Stm32F103_GPIO.o"
arm-none-eabi-gcc -o "EventBasedDemo01.elf" @"objects.list"   -mcpu=cortex-m3 -T"D:\Mentorship\EventDrivenDemo_WS\EventBasedDemo01\STM32F103C8TX_FLASH.ld" --specs=nosys.specs -Wl,-Map="EventBasedDemo01.map" -Wl,--gc-sections -static --specs=nano.specs -mfloat-abi=soft -mthumb -Wl,--start-group -lc -lm -Wl,--end-group
Finished building target: EventBasedDemo01.elf
 
arm-none-eabi-size   EventBasedDemo01.elf 
arm-none-eabi-objdump -h -S  EventBasedDemo01.elf  > "EventBasedDemo01.list"
   text	   data	    bss	    dec	    hex	filename
   1736	      8	   1568	   3312	    cf0	EventBasedDemo01.elf
Finished building: default.size.stdout
 
Finished building: EventBasedDemo01.list
 
21:49:23 **** Incremental Build of configuration Debug for project EventBasedDemo01 ****
make -j8 all 
arm-none-eabi-size   EventBasedDemo01.elf 
   text	   data	    bss	    dec	    hex	filename
   1736	      8	   1568	   3312	    cf0	EventBasedDemo01.elf
Finished building: default.size.stdout
 
00:19:15 **** Incremental Build of configuration Debug for project EventBasedDemo01 ****
make -j8 all 
arm-none-eabi-gcc "../Src/Stm32F103_GPIO.c" -mcpu=cortex-m3 -std=gnu11 -g3 -DDEBUG -DSTM32 -DSTM32F1 -DSTM32F103C8Tx -c -I../Inc -O0 -ffunction-sections -fdata-sections -Wall -fstack-usage -fcyclomatic-complexity -MMD -MP -MF"Src/Stm32F103_GPIO.d" -MT"Src/Stm32F103_GPIO.o" --specs=nano.specs -mfloat-abi=soft -mthumb -o "Src/Stm32F103_GPIO.o"
arm-none-eabi-gcc "../Src/main.c" -mcpu=cortex-m3 -std=gnu11 -g3 -DDEBUG -DSTM32 -DSTM32F1 -DSTM32F103C8Tx -c -I../Inc -O0 -ffunction-sections -fdata-sections -Wall -fstack-usage -fcyclomatic-complexity -MMD -MP -MF"Src/main.d" -MT"Src/main.o" --specs=nano.specs -mfloat-abi=soft -mthumb -o "Src/main.o"
../Src/Stm32F103_GPIO.c: In function 'RegisterCallback':
../Src/Stm32F103_GPIO.c:358:17: error: lvalue required as left operand of assignment
  358 |  *ptrToFunction = CallBackFn;
      |                 ^
make: *** [Src/subdir.mk:43: Src/Stm32F103_GPIO.o] Error 1
make: *** Waiting for unfinished jobs....
"make -j8 all" terminated with exit code 2. Build might be incomplete.
00:19:30 **** Incremental Build of configuration Debug for project EventBasedDemo01 ****
make -j8 all 
arm-none-eabi-gcc "../Src/Stm32F103_GPIO.c" -mcpu=cortex-m3 -std=gnu11 -g3 -DDEBUG -DSTM32 -DSTM32F1 -DSTM32F103C8Tx -c -I../Inc -O0 -ffunction-sections -fdata-sections -Wall -fstack-usage -fcyclomatic-complexity -MMD -MP -MF"Src/Stm32F103_GPIO.d" -MT"Src/Stm32F103_GPIO.o" --specs=nano.specs -mfloat-abi=soft -mthumb -o "Src/Stm32F103_GPIO.o"
arm-none-eabi-gcc -o "EventBasedDemo01.elf" @"objects.list"   -mcpu=cortex-m3 -T"D:\Mentorship\EventDrivenDemo_WS\EventBasedDemo01\STM32F103C8TX_FLASH.ld" --specs=nosys.specs -Wl,-Map="EventBasedDemo01.map" -Wl,--gc-sections -static --specs=nano.specs -mfloat-abi=soft -mthumb -Wl,--start-group -lc -lm -Wl,--end-group
c:\st\stm32cubeide_1.10.1\stm32cubeide\plugins\com.st.stm32cube.ide.mcu.externaltools.gnu-tools-for-stm32.10.3-2021.10.win32_1.0.200.202301161003\tools\arm-none-eabi\bin\ld.exe: ./Src/main.o: in function `EXTI15_10_IRQHandler':
D:/Mentorship/EventDrivenDemo_WS/EventBasedDemo01/Debug/../Src/main.c:64: multiple definition of `EXTI15_10_IRQHandler'; ./Src/Stm32F103_GPIO.o:D:/Mentorship/EventDrivenDemo_WS/EventBasedDemo01/Debug/../Src/Stm32F103_GPIO.c:362: first defined here
collect2.exe: error: ld returned 1 exit status
make: *** [makefile:63: EventBasedDemo01.elf] Error 1
"make -j8 all" terminated with exit code 2. Build might be incomplete.
00:19:40 **** Incremental Build of configuration Debug for project EventBasedDemo01 ****
make -j8 all 
arm-none-eabi-gcc "../Src/Stm32F103_GPIO.c" -mcpu=cortex-m3 -std=gnu11 -g3 -DDEBUG -DSTM32 -DSTM32F1 -DSTM32F103C8Tx -c -I../Inc -O0 -ffunction-sections -fdata-sections -Wall -fstack-usage -fcyclomatic-complexity -MMD -MP -MF"Src/Stm32F103_GPIO.d" -MT"Src/Stm32F103_GPIO.o" --specs=nano.specs -mfloat-abi=soft -mthumb -o "Src/Stm32F103_GPIO.o"
arm-none-eabi-gcc -o "EventBasedDemo01.elf" @"objects.list"   -mcpu=cortex-m3 -T"D:\Mentorship\EventDrivenDemo_WS\EventBasedDemo01\STM32F103C8TX_FLASH.ld" --specs=nosys.specs -Wl,-Map="EventBasedDemo01.map" -Wl,--gc-sections -static --specs=nano.specs -mfloat-abi=soft -mthumb -Wl,--start-group -lc -lm -Wl,--end-group
c:\st\stm32cubeide_1.10.1\stm32cubeide\plugins\com.st.stm32cube.ide.mcu.externaltools.gnu-tools-for-stm32.10.3-2021.10.win32_1.0.200.202301161003\tools\arm-none-eabi\bin\ld.exe: ./Src/main.o: in function `EXTI15_10_IRQHandler':
D:/Mentorship/EventDrivenDemo_WS/EventBasedDemo01/Debug/../Src/main.c:64: multiple definition of `EXTI15_10_IRQHandler'; ./Src/Stm32F103_GPIO.o:D:/Mentorship/EventDrivenDemo_WS/EventBasedDemo01/Debug/../Src/Stm32F103_GPIO.c:362: first defined here
collect2.exe: error: ld returned 1 exit status
make: *** [makefile:63: EventBasedDemo01.elf] Error 1
"make -j8 all" terminated with exit code 2. Build might be incomplete.
00:19:52 **** Incremental Build of configuration Debug for project EventBasedDemo01 ****
make -j8 all 
arm-none-eabi-gcc "../Src/main.c" -mcpu=cortex-m3 -std=gnu11 -g3 -DDEBUG -DSTM32 -DSTM32F1 -DSTM32F103C8Tx -c -I../Inc -O0 -ffunction-sections -fdata-sections -Wall -fstack-usage -fcyclomatic-complexity -MMD -MP -MF"Src/main.d" -MT"Src/main.o" --specs=nano.specs -mfloat-abi=soft -mthumb -o "Src/main.o"
arm-none-eabi-gcc -o "EventBasedDemo01.elf" @"objects.list"   -mcpu=cortex-m3 -T"D:\Mentorship\EventDrivenDemo_WS\EventBasedDemo01\STM32F103C8TX_FLASH.ld" --specs=nosys.specs -Wl,-Map="EventBasedDemo01.map" -Wl,--gc-sections -static --specs=nano.specs -mfloat-abi=soft -mthumb -Wl,--start-group -lc -lm -Wl,--end-group
Finished building target: EventBasedDemo01.elf
 
arm-none-eabi-size   EventBasedDemo01.elf 
arm-none-eabi-objdump -h -S  EventBasedDemo01.elf  > "EventBasedDemo01.list"
   text	   data	    bss	    dec	    hex	filename
   1624	      8	   1568	   3200	    c80	EventBasedDemo01.elf
Finished building: default.size.stdout
 
Finished building: EventBasedDemo01.list
 
00:20:52 **** Incremental Build of configuration Debug for project EventBasedDemo01 ****
make -j8 all 
arm-none-eabi-gcc "../Src/Stm32F103_GPIO.c" -mcpu=cortex-m3 -std=gnu11 -g3 -DDEBUG -DSTM32 -DSTM32F1 -DSTM32F103C8Tx -c -I../Inc -O0 -ffunction-sections -fdata-sections -Wall -fstack-usage -fcyclomatic-complexity -MMD -MP -MF"Src/Stm32F103_GPIO.d" -MT"Src/Stm32F103_GPIO.o" --specs=nano.specs -mfloat-abi=soft -mthumb -o "Src/Stm32F103_GPIO.o"
arm-none-eabi-gcc "../Src/main.c" -mcpu=cortex-m3 -std=gnu11 -g3 -DDEBUG -DSTM32 -DSTM32F1 -DSTM32F103C8Tx -c -I../Inc -O0 -ffunction-sections -fdata-sections -Wall -fstack-usage -fcyclomatic-complexity -MMD -MP -MF"Src/main.d" -MT"Src/main.o" --specs=nano.specs -mfloat-abi=soft -mthumb -o "Src/main.o"
arm-none-eabi-gcc -o "EventBasedDemo01.elf" @"objects.list"   -mcpu=cortex-m3 -T"D:\Mentorship\EventDrivenDemo_WS\EventBasedDemo01\STM32F103C8TX_FLASH.ld" --specs=nosys.specs -Wl,-Map="EventBasedDemo01.map" -Wl,--gc-sections -static --specs=nano.specs -mfloat-abi=soft -mthumb -Wl,--start-group -lc -lm -Wl,--end-group
Finished building target: EventBasedDemo01.elf
 
arm-none-eabi-size   EventBasedDemo01.elf 
arm-none-eabi-objdump -h -S  EventBasedDemo01.elf  > "EventBasedDemo01.list"
   text	   data	    bss	    dec	    hex	filename
   1792	      8	   1568	   3368	    d28	EventBasedDemo01.elf
Finished building: default.size.stdout
 
Finished building: EventBasedDemo01.list
 
00:21:01 **** Incremental Build of configuration Debug for project EventBasedDemo01 ****
make -j8 all 
arm-none-eabi-gcc "../Src/main.c" -mcpu=cortex-m3 -std=gnu11 -g3 -DDEBUG -DSTM32 -DSTM32F1 -DSTM32F103C8Tx -c -I../Inc -O0 -ffunction-sections -fdata-sections -Wall -fstack-usage -fcyclomatic-complexity -MMD -MP -MF"Src/main.d" -MT"Src/main.o" --specs=nano.specs -mfloat-abi=soft -mthumb -o "Src/main.o"
../Src/main.c: In function 'main':
../Src/main.c:59:24: error: 'vToggleLed_CBs' undeclared (first use in this function); did you mean 'vToggleLed_CB'?
   59 |  GPIO_RegisterCallback(vToggleLed_CBs);
      |                        ^~~~~~~~~~~~~~
      |                        vToggleLed_CB
../Src/main.c:59:24: note: each undeclared identifier is reported only once for each function it appears in
make: *** [Src/subdir.mk:43: Src/main.o] Error 1
"make -j8 all" terminated with exit code 2. Build might be incomplete.
00:21:03 **** Incremental Build of configuration Debug for project EventBasedDemo01 ****
make -j8 all 
arm-none-eabi-gcc "../Src/main.c" -mcpu=cortex-m3 -std=gnu11 -g3 -DDEBUG -DSTM32 -DSTM32F1 -DSTM32F103C8Tx -c -I../Inc -O0 -ffunction-sections -fdata-sections -Wall -fstack-usage -fcyclomatic-complexity -MMD -MP -MF"Src/main.d" -MT"Src/main.o" --specs=nano.specs -mfloat-abi=soft -mthumb -o "Src/main.o"
arm-none-eabi-gcc -o "EventBasedDemo01.elf" @"objects.list"   -mcpu=cortex-m3 -T"D:\Mentorship\EventDrivenDemo_WS\EventBasedDemo01\STM32F103C8TX_FLASH.ld" --specs=nosys.specs -Wl,-Map="EventBasedDemo01.map" -Wl,--gc-sections -static --specs=nano.specs -mfloat-abi=soft -mthumb -Wl,--start-group -lc -lm -Wl,--end-group
Finished building target: EventBasedDemo01.elf
 
arm-none-eabi-size   EventBasedDemo01.elf 
arm-none-eabi-objdump -h -S  EventBasedDemo01.elf  > "EventBasedDemo01.list"
   text	   data	    bss	    dec	    hex	filename
   1792	      8	   1568	   3368	    d28	EventBasedDemo01.elf
Finished building: default.size.stdout
 
Finished building: EventBasedDemo01.list
 
00:21:13 **** Incremental Build of configuration Debug for project EventBasedDemo01 ****
make -j8 all 
arm-none-eabi-size   EventBasedDemo01.elf 
   text	   data	    bss	    dec	    hex	filename
   1792	      8	   1568	   3368	    d28	EventBasedDemo01.elf
Finished building: default.size.stdout
 
00:26:01 **** Incremental Build of configuration Debug for project EventBasedDemo01 ****
make -j8 all 
arm-none-eabi-gcc "../Src/Stm32F103_GPIO.c" -mcpu=cortex-m3 -std=gnu11 -g3 -DDEBUG -DSTM32 -DSTM32F1 -DSTM32F103C8Tx -c -I../Inc -O0 -ffunction-sections -fdata-sections -Wall -fstack-usage -fcyclomatic-complexity -MMD -MP -MF"Src/Stm32F103_GPIO.d" -MT"Src/Stm32F103_GPIO.o" --specs=nano.specs -mfloat-abi=soft -mthumb -o "Src/Stm32F103_GPIO.o"
arm-none-eabi-gcc "../Src/main.c" -mcpu=cortex-m3 -std=gnu11 -g3 -DDEBUG -DSTM32 -DSTM32F1 -DSTM32F103C8Tx -c -I../Inc -O0 -ffunction-sections -fdata-sections -Wall -fstack-usage -fcyclomatic-complexity -MMD -MP -MF"Src/main.d" -MT"Src/main.o" --specs=nano.specs -mfloat-abi=soft -mthumb -o "Src/main.o"
../Src/main.c: In function 'main':
../Src/main.c:71:6: error: expected expression before ')' token
   71 |   if()
      |      ^
make: *** [Src/subdir.mk:43: Src/main.o] Error 1
make: *** Waiting for unfinished jobs....
"make -j8 all" terminated with exit code 2. Build might be incomplete.
00:26:58 **** Incremental Build of configuration Debug for project EventBasedDemo01 ****
make -j8 all 
arm-none-eabi-gcc "../Src/main.c" -mcpu=cortex-m3 -std=gnu11 -g3 -DDEBUG -DSTM32 -DSTM32F1 -DSTM32F103C8Tx -c -I../Inc -O0 -ffunction-sections -fdata-sections -Wall -fstack-usage -fcyclomatic-complexity -MMD -MP -MF"Src/main.d" -MT"Src/main.o" --specs=nano.specs -mfloat-abi=soft -mthumb -o "Src/main.o"
arm-none-eabi-gcc -o "EventBasedDemo01.elf" @"objects.list"   -mcpu=cortex-m3 -T"D:\Mentorship\EventDrivenDemo_WS\EventBasedDemo01\STM32F103C8TX_FLASH.ld" --specs=nosys.specs -Wl,-Map="EventBasedDemo01.map" -Wl,--gc-sections -static --specs=nano.specs -mfloat-abi=soft -mthumb -Wl,--start-group -lc -lm -Wl,--end-group
Finished building target: EventBasedDemo01.elf
 
arm-none-eabi-size   EventBasedDemo01.elf 
arm-none-eabi-objdump -h -S  EventBasedDemo01.elf  > "EventBasedDemo01.list"
   text	   data	    bss	    dec	    hex	filename
   1936	      8	   1576	   3520	    dc0	EventBasedDemo01.elf
Finished building: default.size.stdout
 
Finished building: EventBasedDemo01.list
 
00:27:07 **** Incremental Build of configuration Debug for project EventBasedDemo01 ****
make -j8 all 
arm-none-eabi-size   EventBasedDemo01.elf 
   text	   data	    bss	    dec	    hex	filename
   1936	      8	   1576	   3520	    dc0	EventBasedDemo01.elf
Finished building: default.size.stdout
 
00:27:45 **** Incremental Build of configuration Debug for project EventBasedDemo01 ****
make -j8 all 
arm-none-eabi-gcc "../Src/main.c" -mcpu=cortex-m3 -std=gnu11 -g3 -DDEBUG -DSTM32 -DSTM32F1 -DSTM32F103C8Tx -c -I../Inc -O0 -ffunction-sections -fdata-sections -Wall -fstack-usage -fcyclomatic-complexity -MMD -MP -MF"Src/main.d" -MT"Src/main.o" --specs=nano.specs -mfloat-abi=soft -mthumb -o "Src/main.o"
arm-none-eabi-gcc -o "EventBasedDemo01.elf" @"objects.list"   -mcpu=cortex-m3 -T"D:\Mentorship\EventDrivenDemo_WS\EventBasedDemo01\STM32F103C8TX_FLASH.ld" --specs=nosys.specs -Wl,-Map="EventBasedDemo01.map" -Wl,--gc-sections -static --specs=nano.specs -mfloat-abi=soft -mthumb -Wl,--start-group -lc -lm -Wl,--end-group
Finished building target: EventBasedDemo01.elf
 
arm-none-eabi-size   EventBasedDemo01.elf 
arm-none-eabi-objdump -h -S  EventBasedDemo01.elf  > "EventBasedDemo01.list"
   text	   data	    bss	    dec	    hex	filename
   1904	      8	   1576	   3488	    da0	EventBasedDemo01.elf
Finished building: default.size.stdout
 
Finished building: EventBasedDemo01.list
 
00:27:49 **** Incremental Build of configuration Debug for project EventBasedDemo01 ****
make -j8 all 
arm-none-eabi-size   EventBasedDemo01.elf 
   text	   data	    bss	    dec	    hex	filename
   1904	      8	   1576	   3488	    da0	EventBasedDemo01.elf
Finished building: default.size.stdout
 
00:28:33 **** Incremental Build of configuration Debug for project EventBasedDemo01 ****
make -j8 all 
arm-none-eabi-gcc "../Src/main.c" -mcpu=cortex-m3 -std=gnu11 -g3 -DDEBUG -DSTM32 -DSTM32F1 -DSTM32F103C8Tx -c -I../Inc -O0 -ffunction-sections -fdata-sections -Wall -fstack-usage -fcyclomatic-complexity -MMD -MP -MF"Src/main.d" -MT"Src/main.o" --specs=nano.specs -mfloat-abi=soft -mthumb -o "Src/main.o"
arm-none-eabi-gcc -o "EventBasedDemo01.elf" @"objects.list"   -mcpu=cortex-m3 -T"D:\Mentorship\EventDrivenDemo_WS\EventBasedDemo01\STM32F103C8TX_FLASH.ld" --specs=nosys.specs -Wl,-Map="EventBasedDemo01.map" -Wl,--gc-sections -static --specs=nano.specs -mfloat-abi=soft -mthumb -Wl,--start-group -lc -lm -Wl,--end-group
Finished building target: EventBasedDemo01.elf
 
arm-none-eabi-size   EventBasedDemo01.elf 
arm-none-eabi-objdump -h -S  EventBasedDemo01.elf  > "EventBasedDemo01.list"
   text	   data	    bss	    dec	    hex	filename
   1936	      8	   1576	   3520	    dc0	EventBasedDemo01.elf
Finished building: default.size.stdout
 
Finished building: EventBasedDemo01.list
 
00:29:26 **** Incremental Build of configuration Debug for project EventBasedDemo01 ****
make -j8 all 
arm-none-eabi-gcc "../Src/Stm32F103_GPIO.c" -mcpu=cortex-m3 -std=gnu11 -g3 -DDEBUG -DSTM32 -DSTM32F1 -DSTM32F103C8Tx -c -I../Inc -O0 -ffunction-sections -fdata-sections -Wall -fstack-usage -fcyclomatic-complexity -MMD -MP -MF"Src/Stm32F103_GPIO.d" -MT"Src/Stm32F103_GPIO.o" --specs=nano.specs -mfloat-abi=soft -mthumb -o "Src/Stm32F103_GPIO.o"
arm-none-eabi-gcc -o "EventBasedDemo01.elf" @"objects.list"   -mcpu=cortex-m3 -T"D:\Mentorship\EventDrivenDemo_WS\EventBasedDemo01\STM32F103C8TX_FLASH.ld" --specs=nosys.specs -Wl,-Map="EventBasedDemo01.map" -Wl,--gc-sections -static --specs=nano.specs -mfloat-abi=soft -mthumb -Wl,--start-group -lc -lm -Wl,--end-group
Finished building target: EventBasedDemo01.elf
 
arm-none-eabi-size   EventBasedDemo01.elf 
arm-none-eabi-objdump -h -S  EventBasedDemo01.elf  > "EventBasedDemo01.list"
   text	   data	    bss	    dec	    hex	filename
   1920	      8	   1576	   3504	    db0	EventBasedDemo01.elf
Finished building: default.size.stdout
 
Finished building: EventBasedDemo01.list
 
00:32:08 **** Incremental Build of configuration Debug for project EventBasedDemo01 ****
make -j8 all 
arm-none-eabi-gcc "../Src/main.c" -mcpu=cortex-m3 -std=gnu11 -g3 -DDEBUG -DSTM32 -DSTM32F1 -DSTM32F103C8Tx -c -I../Inc -O0 -ffunction-sections -fdata-sections -Wall -fstack-usage -fcyclomatic-complexity -MMD -MP -MF"Src/main.d" -MT"Src/main.o" --specs=nano.specs -mfloat-abi=soft -mthumb -o "Src/main.o"
../Src/main.c: In function 'main':
../Src/main.c:75:26: error: 'vToggleLedGREEN_CB' undeclared (first use in this function); did you mean 'vToggleLedBLUE_CB'?
   75 |    GPIO_RegisterCallback(vToggleLedGREEN_CB);
      |                          ^~~~~~~~~~~~~~~~~~
      |                          vToggleLedBLUE_CB
../Src/main.c:75:26: note: each undeclared identifier is reported only once for each function it appears in
make: *** [Src/subdir.mk:43: Src/main.o] Error 1
"make -j8 all" terminated with exit code 2. Build might be incomplete.
00:32:19 **** Incremental Build of configuration Debug for project EventBasedDemo01 ****
make -j8 all 
arm-none-eabi-gcc "../Src/main.c" -mcpu=cortex-m3 -std=gnu11 -g3 -DDEBUG -DSTM32 -DSTM32F1 -DSTM32F103C8Tx -c -I../Inc -O0 -ffunction-sections -fdata-sections -Wall -fstack-usage -fcyclomatic-complexity -MMD -MP -MF"Src/main.d" -MT"Src/main.o" --specs=nano.specs -mfloat-abi=soft -mthumb -o "Src/main.o"
arm-none-eabi-gcc -o "EventBasedDemo01.elf" @"objects.list"   -mcpu=cortex-m3 -T"D:\Mentorship\EventDrivenDemo_WS\EventBasedDemo01\STM32F103C8TX_FLASH.ld" --specs=nosys.specs -Wl,-Map="EventBasedDemo01.map" -Wl,--gc-sections -static --specs=nano.specs -mfloat-abi=soft -mthumb -Wl,--start-group -lc -lm -Wl,--end-group
Finished building target: EventBasedDemo01.elf
 
arm-none-eabi-size   EventBasedDemo01.elf 
arm-none-eabi-objdump -h -S  EventBasedDemo01.elf  > "EventBasedDemo01.list"
   text	   data	    bss	    dec	    hex	filename
   1920	      8	   1576	   3504	    db0	EventBasedDemo01.elf
Finished building: default.size.stdout
 
Finished building: EventBasedDemo01.list
 
00:33:11 **** Incremental Build of configuration Debug for project EventBasedDemo01 ****
make -j8 all 
arm-none-eabi-gcc "../Src/Stm32F103_GPIO.c" -mcpu=cortex-m3 -std=gnu11 -g3 -DDEBUG -DSTM32 -DSTM32F1 -DSTM32F103C8Tx -c -I../Inc -O0 -ffunction-sections -fdata-sections -Wall -fstack-usage -fcyclomatic-complexity -MMD -MP -MF"Src/Stm32F103_GPIO.d" -MT"Src/Stm32F103_GPIO.o" --specs=nano.specs -mfloat-abi=soft -mthumb -o "Src/Stm32F103_GPIO.o"
arm-none-eabi-gcc "../Src/main.c" -mcpu=cortex-m3 -std=gnu11 -g3 -DDEBUG -DSTM32 -DSTM32F1 -DSTM32F103C8Tx -c -I../Inc -O0 -ffunction-sections -fdata-sections -Wall -fstack-usage -fcyclomatic-complexity -MMD -MP -MF"Src/main.d" -MT"Src/main.o" --specs=nano.specs -mfloat-abi=soft -mthumb -o "Src/main.o"
../Src/main.c: In function 'main':
../Src/main.c:68:13: warning: unused variable 'flag' [-Wunused-variable]
   68 |  extern int flag;
      |             ^~~~
arm-none-eabi-gcc -o "EventBasedDemo01.elf" @"objects.list"   -mcpu=cortex-m3 -T"D:\Mentorship\EventDrivenDemo_WS\EventBasedDemo01\STM32F103C8TX_FLASH.ld" --specs=nosys.specs -Wl,-Map="EventBasedDemo01.map" -Wl,--gc-sections -static --specs=nano.specs -mfloat-abi=soft -mthumb -Wl,--start-group -lc -lm -Wl,--end-group
Finished building target: EventBasedDemo01.elf
 
arm-none-eabi-size   EventBasedDemo01.elf 
arm-none-eabi-objdump -h -S  EventBasedDemo01.elf  > "EventBasedDemo01.list"
   text	   data	    bss	    dec	    hex	filename
   1904	      8	   1576	   3488	    da0	EventBasedDemo01.elf
Finished building: default.size.stdout
 
Finished building: EventBasedDemo01.list
 
00:33:43 **** Incremental Build of configuration Debug for project EventBasedDemo01 ****
make -j8 all 
arm-none-eabi-gcc "../Src/main.c" -mcpu=cortex-m3 -std=gnu11 -g3 -DDEBUG -DSTM32 -DSTM32F1 -DSTM32F103C8Tx -c -I../Inc -O0 -ffunction-sections -fdata-sections -Wall -fstack-usage -fcyclomatic-complexity -MMD -MP -MF"Src/main.d" -MT"Src/main.o" --specs=nano.specs -mfloat-abi=soft -mthumb -o "Src/main.o"
arm-none-eabi-gcc -o "EventBasedDemo01.elf" @"objects.list"   -mcpu=cortex-m3 -T"D:\Mentorship\EventDrivenDemo_WS\EventBasedDemo01\STM32F103C8TX_FLASH.ld" --specs=nosys.specs -Wl,-Map="EventBasedDemo01.map" -Wl,--gc-sections -static --specs=nano.specs -mfloat-abi=soft -mthumb -Wl,--start-group -lc -lm -Wl,--end-group
Finished building target: EventBasedDemo01.elf
 
arm-none-eabi-size   EventBasedDemo01.elf 
arm-none-eabi-objdump -h -S  EventBasedDemo01.elf  > "EventBasedDemo01.list"
   text	   data	    bss	    dec	    hex	filename
   1868	      8	   1576	   3452	    d7c	EventBasedDemo01.elf
Finished building: default.size.stdout
 
Finished building: EventBasedDemo01.list
 
00:33:50 **** Incremental Build of configuration Debug for project EventBasedDemo01 ****
make -j8 all 
arm-none-eabi-size   EventBasedDemo01.elf 
   text	   data	    bss	    dec	    hex	filename
   1868	      8	   1576	   3452	    d7c	EventBasedDemo01.elf
Finished building: default.size.stdout
 
00:36:51 **** Incremental Build of configuration Debug for project EventBasedDemo01 ****
make -j8 all 
arm-none-eabi-gcc "../Src/main.c" -mcpu=cortex-m3 -std=gnu11 -g3 -DDEBUG -DSTM32 -DSTM32F1 -DSTM32F103C8Tx -c -I../Inc -O0 -ffunction-sections -fdata-sections -Wall -fstack-usage -fcyclomatic-complexity -MMD -MP -MF"Src/main.d" -MT"Src/main.o" --specs=nano.specs -mfloat-abi=soft -mthumb -o "Src/main.o"
arm-none-eabi-gcc -o "EventBasedDemo01.elf" @"objects.list"   -mcpu=cortex-m3 -T"D:\Mentorship\EventDrivenDemo_WS\EventBasedDemo01\STM32F103C8TX_FLASH.ld" --specs=nosys.specs -Wl,-Map="EventBasedDemo01.map" -Wl,--gc-sections -static --specs=nano.specs -mfloat-abi=soft -mthumb -Wl,--start-group -lc -lm -Wl,--end-group
Finished building target: EventBasedDemo01.elf
 
arm-none-eabi-size   EventBasedDemo01.elf 
arm-none-eabi-objdump -h -S  EventBasedDemo01.elf  > "EventBasedDemo01.list"
   text	   data	    bss	    dec	    hex	filename
   1868	      8	   1576	   3452	    d7c	EventBasedDemo01.elf
Finished building: default.size.stdout
 
Finished building: EventBasedDemo01.list
 
00:37:30 **** Incremental Build of configuration Debug for project EventBasedDemo01 ****
make -j8 all 
arm-none-eabi-gcc "../Src/main.c" -mcpu=cortex-m3 -std=gnu11 -g3 -DDEBUG -DSTM32 -DSTM32F1 -DSTM32F103C8Tx -c -I../Inc -O0 -ffunction-sections -fdata-sections -Wall -fstack-usage -fcyclomatic-complexity -MMD -MP -MF"Src/main.d" -MT"Src/main.o" --specs=nano.specs -mfloat-abi=soft -mthumb -o "Src/main.o"
arm-none-eabi-gcc -o "EventBasedDemo01.elf" @"objects.list"   -mcpu=cortex-m3 -T"D:\Mentorship\EventDrivenDemo_WS\EventBasedDemo01\STM32F103C8TX_FLASH.ld" --specs=nosys.specs -Wl,-Map="EventBasedDemo01.map" -Wl,--gc-sections -static --specs=nano.specs -mfloat-abi=soft -mthumb -Wl,--start-group -lc -lm -Wl,--end-group
Finished building target: EventBasedDemo01.elf
 
arm-none-eabi-size   EventBasedDemo01.elf 
arm-none-eabi-objdump -h -S  EventBasedDemo01.elf  > "EventBasedDemo01.list"
   text	   data	    bss	    dec	    hex	filename
   1868	      8	   1576	   3452	    d7c	EventBasedDemo01.elf
Finished building: default.size.stdout
 
Finished building: EventBasedDemo01.list
 
00:38:41 **** Incremental Build of configuration Debug for project EventBasedDemo01 ****
make -j8 all 
arm-none-eabi-gcc "../Src/main.c" -mcpu=cortex-m3 -std=gnu11 -g3 -DDEBUG -DSTM32 -DSTM32F1 -DSTM32F103C8Tx -c -I../Inc -O0 -ffunction-sections -fdata-sections -Wall -fstack-usage -fcyclomatic-complexity -MMD -MP -MF"Src/main.d" -MT"Src/main.o" --specs=nano.specs -mfloat-abi=soft -mthumb -o "Src/main.o"
arm-none-eabi-gcc -o "EventBasedDemo01.elf" @"objects.list"   -mcpu=cortex-m3 -T"D:\Mentorship\EventDrivenDemo_WS\EventBasedDemo01\STM32F103C8TX_FLASH.ld" --specs=nosys.specs -Wl,-Map="EventBasedDemo01.map" -Wl,--gc-sections -static --specs=nano.specs -mfloat-abi=soft -mthumb -Wl,--start-group -lc -lm -Wl,--end-group
Finished building target: EventBasedDemo01.elf
 
arm-none-eabi-size   EventBasedDemo01.elf 
arm-none-eabi-objdump -h -S  EventBasedDemo01.elf  > "EventBasedDemo01.list"
   text	   data	    bss	    dec	    hex	filename
   1804	      8	   1576	   3388	    d3c	EventBasedDemo01.elf
Finished building: default.size.stdout
 
Finished building: EventBasedDemo01.list
 
00:39:22 **** Incremental Build of configuration Debug for project EventBasedDemo01 ****
make -j8 all 
arm-none-eabi-gcc "../Src/main.c" -mcpu=cortex-m3 -std=gnu11 -g3 -DDEBUG -DSTM32 -DSTM32F1 -DSTM32F103C8Tx -c -I../Inc -O0 -ffunction-sections -fdata-sections -Wall -fstack-usage -fcyclomatic-complexity -MMD -MP -MF"Src/main.d" -MT"Src/main.o" --specs=nano.specs -mfloat-abi=soft -mthumb -o "Src/main.o"
arm-none-eabi-gcc -o "EventBasedDemo01.elf" @"objects.list"   -mcpu=cortex-m3 -T"D:\Mentorship\EventDrivenDemo_WS\EventBasedDemo01\STM32F103C8TX_FLASH.ld" --specs=nosys.specs -Wl,-Map="EventBasedDemo01.map" -Wl,--gc-sections -static --specs=nano.specs -mfloat-abi=soft -mthumb -Wl,--start-group -lc -lm -Wl,--end-group
Finished building target: EventBasedDemo01.elf
 
arm-none-eabi-size   EventBasedDemo01.elf 
arm-none-eabi-objdump -h -S  EventBasedDemo01.elf  > "EventBasedDemo01.list"
   text	   data	    bss	    dec	    hex	filename
   1804	      8	   1576	   3388	    d3c	EventBasedDemo01.elf
Finished building: default.size.stdout
 
Finished building: EventBasedDemo01.list
 
00:41:22 **** Incremental Build of configuration Debug for project EventBasedDemo01 ****
make -j8 all 
arm-none-eabi-gcc "../Src/Stm32F103_GPIO.c" -mcpu=cortex-m3 -std=gnu11 -g3 -DDEBUG -DSTM32 -DSTM32F1 -DSTM32F103C8Tx -c -I../Inc -O0 -ffunction-sections -fdata-sections -Wall -fstack-usage -fcyclomatic-complexity -MMD -MP -MF"Src/Stm32F103_GPIO.d" -MT"Src/Stm32F103_GPIO.o" --specs=nano.specs -mfloat-abi=soft -mthumb -o "Src/Stm32F103_GPIO.o"
arm-none-eabi-gcc "../Src/main.c" -mcpu=cortex-m3 -std=gnu11 -g3 -DDEBUG -DSTM32 -DSTM32F1 -DSTM32F103C8Tx -c -I../Inc -O0 -ffunction-sections -fdata-sections -Wall -fstack-usage -fcyclomatic-complexity -MMD -MP -MF"Src/main.d" -MT"Src/main.o" --specs=nano.specs -mfloat-abi=soft -mthumb -o "Src/main.o"
arm-none-eabi-gcc -o "EventBasedDemo01.elf" @"objects.list"   -mcpu=cortex-m3 -T"D:\Mentorship\EventDrivenDemo_WS\EventBasedDemo01\STM32F103C8TX_FLASH.ld" --specs=nosys.specs -Wl,-Map="EventBasedDemo01.map" -Wl,--gc-sections -static --specs=nano.specs -mfloat-abi=soft -mthumb -Wl,--start-group -lc -lm -Wl,--end-group
Finished building target: EventBasedDemo01.elf
 
arm-none-eabi-size   EventBasedDemo01.elf 
arm-none-eabi-objdump -h -S  EventBasedDemo01.elf  > "EventBasedDemo01.list"
   text	   data	    bss	    dec	    hex	filename
   1940	      8	   1576	   3524	    dc4	EventBasedDemo01.elf
Finished building: default.size.stdout
 
Finished building: EventBasedDemo01.list
 
00:43:34 **** Incremental Build of configuration Debug for project EventBasedDemo01 ****
make -j8 all 
arm-none-eabi-gcc "../Src/Stm32F103_GPIO.c" -mcpu=cortex-m3 -std=gnu11 -g3 -DDEBUG -DSTM32 -DSTM32F1 -DSTM32F103C8Tx -c -I../Inc -O0 -ffunction-sections -fdata-sections -Wall -fstack-usage -fcyclomatic-complexity -MMD -MP -MF"Src/Stm32F103_GPIO.d" -MT"Src/Stm32F103_GPIO.o" --specs=nano.specs -mfloat-abi=soft -mthumb -o "Src/Stm32F103_GPIO.o"
arm-none-eabi-gcc -o "EventBasedDemo01.elf" @"objects.list"   -mcpu=cortex-m3 -T"D:\Mentorship\EventDrivenDemo_WS\EventBasedDemo01\STM32F103C8TX_FLASH.ld" --specs=nosys.specs -Wl,-Map="EventBasedDemo01.map" -Wl,--gc-sections -static --specs=nano.specs -mfloat-abi=soft -mthumb -Wl,--start-group -lc -lm -Wl,--end-group
Finished building target: EventBasedDemo01.elf
 
arm-none-eabi-size   EventBasedDemo01.elf 
arm-none-eabi-objdump -h -S  EventBasedDemo01.elf  > "EventBasedDemo01.list"
   text	   data	    bss	    dec	    hex	filename
   1940	      8	   1576	   3524	    dc4	EventBasedDemo01.elf
Finished building: default.size.stdout
 
Finished building: EventBasedDemo01.list
 
00:45:18 **** Incremental Build of configuration Debug for project EventBasedDemo01 ****
make -j8 all 
arm-none-eabi-gcc "../Src/main.c" -mcpu=cortex-m3 -std=gnu11 -g3 -DDEBUG -DSTM32 -DSTM32F1 -DSTM32F103C8Tx -c -I../Inc -O0 -ffunction-sections -fdata-sections -Wall -fstack-usage -fcyclomatic-complexity -MMD -MP -MF"Src/main.d" -MT"Src/main.o" --specs=nano.specs -mfloat-abi=soft -mthumb -o "Src/main.o"
arm-none-eabi-gcc -o "EventBasedDemo01.elf" @"objects.list"   -mcpu=cortex-m3 -T"D:\Mentorship\EventDrivenDemo_WS\EventBasedDemo01\STM32F103C8TX_FLASH.ld" --specs=nosys.specs -Wl,-Map="EventBasedDemo01.map" -Wl,--gc-sections -static --specs=nano.specs -mfloat-abi=soft -mthumb -Wl,--start-group -lc -lm -Wl,--end-group
Finished building target: EventBasedDemo01.elf
 
arm-none-eabi-size   EventBasedDemo01.elf 
arm-none-eabi-objdump -h -S  EventBasedDemo01.elf  > "EventBasedDemo01.list"
   text	   data	    bss	    dec	    hex	filename
   1936	      8	   1576	   3520	    dc0	EventBasedDemo01.elf
Finished building: default.size.stdout
 
Finished building: EventBasedDemo01.list
 
00:46:41 **** Incremental Build of configuration Debug for project EventBasedDemo01 ****
make -j8 all 
arm-none-eabi-gcc "../Src/Stm32F103_GPIO.c" -mcpu=cortex-m3 -std=gnu11 -g3 -DDEBUG -DSTM32 -DSTM32F1 -DSTM32F103C8Tx -c -I../Inc -O0 -ffunction-sections -fdata-sections -Wall -fstack-usage -fcyclomatic-complexity -MMD -MP -MF"Src/Stm32F103_GPIO.d" -MT"Src/Stm32F103_GPIO.o" --specs=nano.specs -mfloat-abi=soft -mthumb -o "Src/Stm32F103_GPIO.o"
arm-none-eabi-gcc "../Src/main.c" -mcpu=cortex-m3 -std=gnu11 -g3 -DDEBUG -DSTM32 -DSTM32F1 -DSTM32F103C8Tx -c -I../Inc -O0 -ffunction-sections -fdata-sections -Wall -fstack-usage -fcyclomatic-complexity -MMD -MP -MF"Src/main.d" -MT"Src/main.o" --specs=nano.specs -mfloat-abi=soft -mthumb -o "Src/main.o"
arm-none-eabi-gcc -o "EventBasedDemo01.elf" @"objects.list"   -mcpu=cortex-m3 -T"D:\Mentorship\EventDrivenDemo_WS\EventBasedDemo01\STM32F103C8TX_FLASH.ld" --specs=nosys.specs -Wl,-Map="EventBasedDemo01.map" -Wl,--gc-sections -static --specs=nano.specs -mfloat-abi=soft -mthumb -Wl,--start-group -lc -lm -Wl,--end-group
Finished building target: EventBasedDemo01.elf
 
arm-none-eabi-size   EventBasedDemo01.elf 
arm-none-eabi-objdump -h -S  EventBasedDemo01.elf  > "EventBasedDemo01.list"
   text	   data	    bss	    dec	    hex	filename
   1924	      8	   1576	   3508	    db4	EventBasedDemo01.elf
Finished building: default.size.stdout
 
Finished building: EventBasedDemo01.list
 
00:48:21 **** Incremental Build of configuration Debug for project EventBasedDemo01 ****
make -j8 all 
arm-none-eabi-gcc "../Src/Stm32F103_GPIO.c" -mcpu=cortex-m3 -std=gnu11 -g3 -DDEBUG -DSTM32 -DSTM32F1 -DSTM32F103C8Tx -c -I../Inc -O0 -ffunction-sections -fdata-sections -Wall -fstack-usage -fcyclomatic-complexity -MMD -MP -MF"Src/Stm32F103_GPIO.d" -MT"Src/Stm32F103_GPIO.o" --specs=nano.specs -mfloat-abi=soft -mthumb -o "Src/Stm32F103_GPIO.o"
arm-none-eabi-gcc "../Src/main.c" -mcpu=cortex-m3 -std=gnu11 -g3 -DDEBUG -DSTM32 -DSTM32F1 -DSTM32F103C8Tx -c -I../Inc -O0 -ffunction-sections -fdata-sections -Wall -fstack-usage -fcyclomatic-complexity -MMD -MP -MF"Src/main.d" -MT"Src/main.o" --specs=nano.specs -mfloat-abi=soft -mthumb -o "Src/main.o"
arm-none-eabi-gcc -o "EventBasedDemo01.elf" @"objects.list"   -mcpu=cortex-m3 -T"D:\Mentorship\EventDrivenDemo_WS\EventBasedDemo01\STM32F103C8TX_FLASH.ld" --specs=nosys.specs -Wl,-Map="EventBasedDemo01.map" -Wl,--gc-sections -static --specs=nano.specs -mfloat-abi=soft -mthumb -Wl,--start-group -lc -lm -Wl,--end-group
Finished building target: EventBasedDemo01.elf
 
arm-none-eabi-size   EventBasedDemo01.elf 
arm-none-eabi-objdump -h -S  EventBasedDemo01.elf  > "EventBasedDemo01.list"
   text	   data	    bss	    dec	    hex	filename
   1792	      8	   1568	   3368	    d28	EventBasedDemo01.elf
Finished building: default.size.stdout
 
Finished building: EventBasedDemo01.list
 
